Archive member included to satisfy reference by file (symbol)

c:/tools/gcc-arm-none-eabi/bin/../lib/gcc/arm-none-eabi/10.3.1/../../../../arm-none-eabi/lib/thumb/v7e-m+dp/hard\libc_nano.a(lib_a-exit.o)
                              c:/tools/gcc-arm-none-eabi/bin/../lib/gcc/arm-none-eabi/10.3.1/../../../../arm-none-eabi/lib/thumb/v7e-m+dp/hard/crt0.o (exit)
c:/tools/gcc-arm-none-eabi/bin/../lib/gcc/arm-none-eabi/10.3.1/../../../../arm-none-eabi/lib/thumb/v7e-m+dp/hard\libc_nano.a(lib_a-impure.o)
                              c:/tools/gcc-arm-none-eabi/bin/../lib/gcc/arm-none-eabi/10.3.1/../../../../arm-none-eabi/lib/thumb/v7e-m+dp/hard\libc_nano.a(lib_a-exit.o) (_global_impure_ptr)
c:/tools/gcc-arm-none-eabi/bin/../lib/gcc/arm-none-eabi/10.3.1/../../../../arm-none-eabi/lib/thumb/v7e-m+dp/hard\libc_nano.a(lib_a-init.o)
                              c:/tools/gcc-arm-none-eabi/bin/../lib/gcc/arm-none-eabi/10.3.1/../../../../arm-none-eabi/lib/thumb/v7e-m+dp/hard/crt0.o (__libc_init_array)
c:/tools/gcc-arm-none-eabi/bin/../lib/gcc/arm-none-eabi/10.3.1/../../../../arm-none-eabi/lib/thumb/v7e-m+dp/hard\libc_nano.a(lib_a-memset.o)
                              c:/tools/gcc-arm-none-eabi/bin/../lib/gcc/arm-none-eabi/10.3.1/../../../../arm-none-eabi/lib/thumb/v7e-m+dp/hard/crt0.o (memset)
c:/tools/gcc-arm-none-eabi/bin/../lib/gcc/arm-none-eabi/10.3.1/../../../../arm-none-eabi/lib/thumb/v7e-m+dp/hard\libc_nano.a(lib_a-puts.o)
                              build/KD024VGFPD094.o (puts)
c:/tools/gcc-arm-none-eabi/bin/../lib/gcc/arm-none-eabi/10.3.1/../../../../arm-none-eabi/lib/thumb/v7e-m+dp/hard\libc_nano.a(lib_a-sprintf.o)
                              build/lcd_rgb.o (sprintf)
c:/tools/gcc-arm-none-eabi/bin/../lib/gcc/arm-none-eabi/10.3.1/../../../../arm-none-eabi/lib/thumb/v7e-m+dp/hard\libc_nano.a(lib_a-wbuf.o)
                              c:/tools/gcc-arm-none-eabi/bin/../lib/gcc/arm-none-eabi/10.3.1/../../../../arm-none-eabi/lib/thumb/v7e-m+dp/hard\libc_nano.a(lib_a-puts.o) (__swbuf_r)
c:/tools/gcc-arm-none-eabi/bin/../lib/gcc/arm-none-eabi/10.3.1/../../../../arm-none-eabi/lib/thumb/v7e-m+dp/hard\libc_nano.a(lib_a-wsetup.o)
                              c:/tools/gcc-arm-none-eabi/bin/../lib/gcc/arm-none-eabi/10.3.1/../../../../arm-none-eabi/lib/thumb/v7e-m+dp/hard\libc_nano.a(lib_a-puts.o) (__swsetup_r)
c:/tools/gcc-arm-none-eabi/bin/../lib/gcc/arm-none-eabi/10.3.1/../../../../arm-none-eabi/lib/thumb/v7e-m+dp/hard\libc_nano.a(lib_a-fflush.o)
                              c:/tools/gcc-arm-none-eabi/bin/../lib/gcc/arm-none-eabi/10.3.1/../../../../arm-none-eabi/lib/thumb/v7e-m+dp/hard\libc_nano.a(lib_a-wbuf.o) (_fflush_r)
c:/tools/gcc-arm-none-eabi/bin/../lib/gcc/arm-none-eabi/10.3.1/../../../../arm-none-eabi/lib/thumb/v7e-m+dp/hard\libc_nano.a(lib_a-findfp.o)
                              c:/tools/gcc-arm-none-eabi/bin/../lib/gcc/arm-none-eabi/10.3.1/../../../../arm-none-eabi/lib/thumb/v7e-m+dp/hard\libc_nano.a(lib_a-puts.o) (__sinit)
c:/tools/gcc-arm-none-eabi/bin/../lib/gcc/arm-none-eabi/10.3.1/../../../../arm-none-eabi/lib/thumb/v7e-m+dp/hard\libc_nano.a(lib_a-fwalk.o)
                              c:/tools/gcc-arm-none-eabi/bin/../lib/gcc/arm-none-eabi/10.3.1/../../../../arm-none-eabi/lib/thumb/v7e-m+dp/hard\libc_nano.a(lib_a-findfp.o) (_fwalk)
c:/tools/gcc-arm-none-eabi/bin/../lib/gcc/arm-none-eabi/10.3.1/../../../../arm-none-eabi/lib/thumb/v7e-m+dp/hard\libc_nano.a(lib_a-lock.o)
                              c:/tools/gcc-arm-none-eabi/bin/../lib/gcc/arm-none-eabi/10.3.1/../../../../arm-none-eabi/lib/thumb/v7e-m+dp/hard\libc_nano.a(lib_a-findfp.o) (__retarget_lock_init_recursive)
c:/tools/gcc-arm-none-eabi/bin/../lib/gcc/arm-none-eabi/10.3.1/../../../../arm-none-eabi/lib/thumb/v7e-m+dp/hard\libc_nano.a(lib_a-makebuf.o)
                              c:/tools/gcc-arm-none-eabi/bin/../lib/gcc/arm-none-eabi/10.3.1/../../../../arm-none-eabi/lib/thumb/v7e-m+dp/hard\libc_nano.a(lib_a-wsetup.o) (__smakebuf_r)
c:/tools/gcc-arm-none-eabi/bin/../lib/gcc/arm-none-eabi/10.3.1/../../../../arm-none-eabi/lib/thumb/v7e-m+dp/hard\libc_nano.a(lib_a-nano-freer.o)
                              c:/tools/gcc-arm-none-eabi/bin/../lib/gcc/arm-none-eabi/10.3.1/../../../../arm-none-eabi/lib/thumb/v7e-m+dp/hard\libc_nano.a(lib_a-wsetup.o) (_free_r)
c:/tools/gcc-arm-none-eabi/bin/../lib/gcc/arm-none-eabi/10.3.1/../../../../arm-none-eabi/lib/thumb/v7e-m+dp/hard\libc_nano.a(lib_a-nano-mallocr.o)
                              c:/tools/gcc-arm-none-eabi/bin/../lib/gcc/arm-none-eabi/10.3.1/../../../../arm-none-eabi/lib/thumb/v7e-m+dp/hard\libc_nano.a(lib_a-findfp.o) (_malloc_r)
c:/tools/gcc-arm-none-eabi/bin/../lib/gcc/arm-none-eabi/10.3.1/../../../../arm-none-eabi/lib/thumb/v7e-m+dp/hard\libc_nano.a(lib_a-nano-svfprintf.o)
                              c:/tools/gcc-arm-none-eabi/bin/../lib/gcc/arm-none-eabi/10.3.1/../../../../arm-none-eabi/lib/thumb/v7e-m+dp/hard\libc_nano.a(lib_a-sprintf.o) (_svfprintf_r)
[...]
Memory Configuration

Name             Origin             Length             Attributes
DTCMRAM          0x20000000         0x00020000         xrw
RAM_D1           0x24000000         0x00080000         xrw
RAM_D2           0x30000000         0x00048000         xrw
RAM_D3           0x38000000         0x00010000         xrw
ITCMRAM          0x00000000         0x00010000         xrw
FLASH            0x08000000         0x00200000         xr
*default*        0x00000000         0xffffffff

Linker script and memory map

LOAD c:/tools/gcc-arm-none-eabi/bin/../lib/gcc/arm-none-eabi/10.3.1/thumb/v7e-m+dp/hard/crti.o
LOAD c:/tools/gcc-arm-none-eabi/bin/../lib/gcc/arm-none-eabi/10.3.1/thumb/v7e-m+dp/hard/crtbegin.o
LOAD c:/tools/gcc-arm-none-eabi/bin/../lib/gcc/arm-none-eabi/10.3.1/../../../../arm-none-eabi/lib/thumb/v7e-m+dp/hard/crt0.o
LOAD build/KD024VGFPD094.o
LOAD build/dma2d.o
LOAD build/fmc.o
LOAD build/gpio.o
LOAD build/lcd_fonts.o
LOAD build/lcd_image.o
LOAD build/lcd_rgb.o
LOAD build/lcd_test.o
LOAD build/ltdc.o
LOAD build/main.o
LOAD build/stm32h7xx_hal_msp.o
LOAD build/stm32h7xx_it.o
LOAD build/system_stm32h7xx.o
LOAD build/usart.o
LOAD build/stm32h7xx_hal.o
LOAD build/stm32h7xx_hal_cortex.o
LOAD build/stm32h7xx_hal_dma.o
LOAD build/stm32h7xx_hal_dma2d.o
LOAD build/stm32h7xx_hal_dma_ex.o
LOAD build/stm32h7xx_hal_exti.o
LOAD build/stm32h7xx_hal_flash.o
LOAD build/stm32h7xx_hal_flash_ex.o
LOAD build/stm32h7xx_hal_gpio.o
LOAD build/stm32h7xx_hal_hsem.o
LOAD build/stm32h7xx_hal_i2c.o
LOAD build/stm32h7xx_hal_i2c_ex.o
LOAD build/stm32h7xx_hal_ltdc.o
LOAD build/stm32h7xx_hal_ltdc_ex.o
LOAD build/stm32h7xx_hal_mdma.o
LOAD build/stm32h7xx_hal_pwr.o
LOAD build/stm32h7xx_hal_pwr_ex.o
LOAD build/stm32h7xx_hal_rcc.o
LOAD build/stm32h7xx_hal_rcc_ex.o
LOAD build/stm32h7xx_hal_sdram.o
LOAD build/stm32h7xx_hal_tim.o
LOAD build/stm32h7xx_hal_tim_ex.o
LOAD build/stm32h7xx_hal_uart.o
LOAD build/stm32h7xx_hal_uart_ex.o
LOAD build/stm32h7xx_ll_fmc.o
LOAD build/startup_stm32h743xx.o
LOAD c:/tools/gcc-arm-none-eabi/bin/../lib/gcc/arm-none-eabi/10.3.1/../../../../arm-none-eabi/lib/thumb/v7e-m+dp/hard\libc_nano.a
LOAD c:/tools/gcc-arm-none-eabi/bin/../lib/gcc/arm-none-eabi/10.3.1/../../../../arm-none-eabi/lib/thumb/v7e-m+dp/hard\libm.a
LOAD c:/tools/gcc-arm-none-eabi/bin/../lib/gcc/arm-none-eabi/10.3.1/../../../../arm-none-eabi/lib/thumb/v7e-m+dp/hard\libnosys.a
START GROUP
LOAD c:/tools/gcc-arm-none-eabi/bin/../lib/gcc/arm-none-eabi/10.3.1/thumb/v7e-m+dp/hard\libgcc.a
LOAD c:/tools/gcc-arm-none-eabi/bin/../lib/gcc/arm-none-eabi/10.3.1/../../../../arm-none-eabi/lib/thumb/v7e-m+dp/hard\libc_nano.a
END GROUP
START GROUP
LOAD c:/tools/gcc-arm-none-eabi/bin/../lib/gcc/arm-none-eabi/10.3.1/thumb/v7e-m+dp/hard\libgcc.a
LOAD c:/tools/gcc-arm-none-eabi/bin/../lib/gcc/arm-none-eabi/10.3.1/../../../../arm-none-eabi/lib/thumb/v7e-m+dp/hard\libc_nano.a
END GROUP
LOAD c:/tools/gcc-arm-none-eabi/bin/../lib/gcc/arm-none-eabi/10.3.1/thumb/v7e-m+dp/hard/crtend.o
LOAD c:/tools/gcc-arm-none-eabi/bin/../lib/gcc/arm-none-eabi/10.3.1/thumb/v7e-m+dp/hard/crtn.o
                0x20020000                _estack = (ORIGIN (DTCMRAM) + LENGTH (DTCMRAM))
                0x00000200                _Min_Heap_Size = 0x200
                0x00000400                _Min_Stack_Size = 0x400

.isr_vector     0x08000000      0x298
                0x08000000                . = ALIGN (0x4)
 *(.isr_vector)
 .isr_vector    0x08000000      0x298 build/startup_stm32h743xx.o
                0x08000000                g_pfnVectors
                0x08000298                . = ALIGN (0x4)

.text           0x08000298     0x61b8
                0x08000298                . = ALIGN (0x4)
 *(.text)
 .text          0x08000298       0x40 c:/tools/gcc-arm-none-eabi/bin/../lib/gcc/arm-none-eabi/10.3.1/thumb/v7e-m+dp/hard/crtbegin.o
 .text          0x080002d8       0x30 c:/tools/gcc-arm-none-eabi/bin/../lib/gcc/arm-none-eabi/10.3.1/thumb/v7e-m+dp/hard\libgcc.a(_aeabi_uldivmod.o)
                0x080002d8                __aeabi_uldivmod
 .text          0x08000308      0x2d0 c:/tools/gcc-arm-none-eabi/bin/../lib/gcc/arm-none-eabi/10.3.1/thumb/v7e-m+dp/hard\libgcc.a(_udivmoddi4.o)
                0x08000308                __udivmoddi4
 .text          0x080005d8        0x4 c:/tools/gcc-arm-none-eabi/bin/../lib/gcc/arm-none-eabi/10.3.1/thumb/v7e-m+dp/hard\libgcc.a(_dvmd_tls.o)
                0x080005d8                __aeabi_idiv0
                0x080005d8                __aeabi_ldiv0
 *(.text*)
 .text.write_command
                0x080005dc       0x80 build/KD024VGFPD094.o
                0x080005dc                write_command
 .text.write_data
                0x0800065c       0x80 build/KD024VGFPD094.o
                0x0800065c                write_data
 .text.KD024VGFPD094_init
                0x080006dc      0x5e8 build/KD024VGFPD094.o
                0x080006dc                KD024VGFPD094_init
 .text.MX_DMA2D_Init
                0x08000cc4       0x44 build/dma2d.o
                0x08000cc4                MX_DMA2D_Init
 .text.HAL_DMA2D_MspInit
                0x08000d08       0x48 build/dma2d.o
                0x08000d08                HAL_DMA2D_MspInit
 .text.HAL_FMC_MspInit
                0x08000d50      0x100 build/fmc.o
 .text.SDRAM_Initialization_Sequence
                0x08000e50       0x8e build/fmc.o
                0x08000e50                SDRAM_Initialization_Sequence
 *fill*         0x08000ede        0x2 
 .text.MX_FMC_Init
                0x08000ee0       0x98 build/fmc.o
                0x08000ee0                MX_FMC_Init
 .text.HAL_SDRAM_MspInit
                0x08000f78        0x8 build/fmc.o
                0x08000f78                HAL_SDRAM_MspInit
 .text.MX_GPIO_Init
                0x08000f80      0x134 build/gpio.o
                0x08000f80                MX_GPIO_Init
 .text.LCD_SetLayer
                0x080010b4       0x18 build/lcd_rgb.o
                0x080010b4                LCD_SetLayer
 .text.LCD_SetColor
                0x080010cc       0x90 build/lcd_rgb.o
                0x080010cc                LCD_SetColor
 .text.LCD_SetBackColor
                0x0800115c       0x90 build/lcd_rgb.o
                0x0800115c                LCD_SetBackColor
 .text.LCD_SetFont
                0x080011ec        0xc build/lcd_rgb.o
                0x080011ec                LCD_SetFont
 .text.LCD_DisplayDirection
                0x080011f8        0xc build/lcd_rgb.o
                0x080011f8                LCD_DisplayDirection
 .text.LCD_Clear
                0x08001204       0x54 build/lcd_rgb.o
                0x08001204                LCD_Clear
 .text.LCD_ShowNumMode
                0x08001258        0xc build/lcd_rgb.o
                0x08001258                LCD_ShowNumMode
 .text.MX_LTDC_Init
                0x08001264      0x138 build/ltdc.o
                0x08001264                MX_LTDC_Init
 .text.HAL_LTDC_MspInit
                0x0800139c      0x220 build/ltdc.o
                0x0800139c                HAL_LTDC_MspInit
 .text.MPU_Config
                0x080015bc       0x56 build/main.o
 .text.Error_Handler
                0x08001612        0x4 build/main.o
                0x08001612                Error_Handler
 *fill*         0x08001616        0x2 
 .text.SystemClock_Config
                0x08001618      0x114 build/main.o
                0x08001618                SystemClock_Config
 .text.main     0x0800172c       0xe0 build/main.o
                0x0800172c                main
 .text.HAL_MspInit
                0x0800180c       0x24 build/stm32h7xx_hal_msp.o
                0x0800180c                HAL_MspInit
 .text.NMI_Handler
                0x08001830        0x2 build/stm32h7xx_it.o
                0x08001830                NMI_Handler
 .text.HardFault_Handler
                0x08001832        0x2 build/stm32h7xx_it.o
                0x08001832                HardFault_Handler
 .text.MemManage_Handler
                0x08001834        0x2 build/stm32h7xx_it.o
                0x08001834                MemManage_Handler
 .text.BusFault_Handler
                0x08001836        0x2 build/stm32h7xx_it.o
                0x08001836                BusFault_Handler
 .text.UsageFault_Handler
                0x08001838        0x2 build/stm32h7xx_it.o
                0x08001838                UsageFault_Handler
 .text.SVC_Handler
                0x0800183a        0x2 build/stm32h7xx_it.o
                0x0800183a                SVC_Handler
 .text.DebugMon_Handler
                0x0800183c        0x2 build/stm32h7xx_it.o
                0x0800183c                DebugMon_Handler
 .text.PendSV_Handler
                0x0800183e        0x2 build/stm32h7xx_it.o
                0x0800183e                PendSV_Handler
 .text.SysTick_Handler
                0x08001840        0x8 build/stm32h7xx_it.o
                0x08001840                SysTick_Handler
 .text.USART1_IRQHandler
                0x08001848       0x10 build/stm32h7xx_it.o
                0x08001848                USART1_IRQHandler
 .text.FMC_IRQHandler
                0x08001858       0x10 build/stm32h7xx_it.o
                0x08001858                FMC_IRQHandler
 .text.LTDC_IRQHandler
                0x08001868       0x10 build/stm32h7xx_it.o
                0x08001868                LTDC_IRQHandler
 .text.LTDC_ER_IRQHandler
                0x08001878       0x10 build/stm32h7xx_it.o
                0x08001878                LTDC_ER_IRQHandler
 .text.DMA2D_IRQHandler
                0x08001888       0x10 build/stm32h7xx_it.o
                0x08001888                DMA2D_IRQHandler
 .text.SystemInit
                0x08001898       0xcc build/system_stm32h7xx.o
                0x08001898                SystemInit
 .text.MX_USART1_UART_Init
                0x08001964       0x68 build/usart.o
                0x08001964                MX_USART1_UART_Init
 .text.HAL_UART_MspInit
                0x080019cc       0xa8 build/usart.o
                0x080019cc                HAL_UART_MspInit
 .text.HAL_InitTick
                0x08001a74       0x50 build/stm32h7xx_hal.o
                0x08001a74                HAL_InitTick
 .text.HAL_Init
                0x08001ac4       0x5c build/stm32h7xx_hal.o
                0x08001ac4                HAL_Init
 .text.HAL_IncTick
                0x08001b20       0x18 build/stm32h7xx_hal.o
                0x08001b20                HAL_IncTick
 .text.HAL_GetTick
                0x08001b38        0xc build/stm32h7xx_hal.o
                0x08001b38                HAL_GetTick
 .text.HAL_Delay
                0x08001b44       0x28 build/stm32h7xx_hal.o
                0x08001b44                HAL_Delay
 .text.HAL_GetREVID
                0x08001b6c        0xc build/stm32h7xx_hal.o
                0x08001b6c                HAL_GetREVID
 .text.HAL_NVIC_SetPriorityGrouping
                0x08001b78       0x24 build/stm32h7xx_hal_cortex.o
                0x08001b78                HAL_NVIC_SetPriorityGrouping
 .text.HAL_NVIC_SetPriority
                0x08001b9c       0x6c build/stm32h7xx_hal_cortex.o
                0x08001b9c                HAL_NVIC_SetPriority
 .text.HAL_NVIC_EnableIRQ
                0x08001c08       0x1c build/stm32h7xx_hal_cortex.o
                0x08001c08                HAL_NVIC_EnableIRQ
 .text.HAL_SYSTICK_Config
                0x08001c24       0x28 build/stm32h7xx_hal_cortex.o
                0x08001c24                HAL_SYSTICK_Config
 .text.HAL_MPU_Disable
                0x08001c4c       0x1c build/stm32h7xx_hal_cortex.o
                0x08001c4c                HAL_MPU_Disable
 .text.HAL_MPU_Enable
                0x08001c68       0x20 build/stm32h7xx_hal_cortex.o
                0x08001c68                HAL_MPU_Enable
 .text.HAL_MPU_ConfigRegion
                0x08001c88       0x60 build/stm32h7xx_hal_cortex.o
                0x08001c88                HAL_MPU_ConfigRegion
 .text.HAL_DMA_Abort
                0x08001ce8      0x340 build/stm32h7xx_hal_dma.o
                0x08001ce8                HAL_DMA_Abort
 .text.HAL_DMA_Abort_IT
                0x08002028      0x270 build/stm32h7xx_hal_dma.o
                0x08002028                HAL_DMA_Abort_IT
 .text.HAL_DMA2D_Init
                0x08002298       0x84 build/stm32h7xx_hal_dma2d.o
                0x08002298                HAL_DMA2D_Init
 .text.HAL_DMA2D_LineEventCallback
                0x0800231c        0x2 build/stm32h7xx_hal_dma2d.o
                0x0800231c                HAL_DMA2D_LineEventCallback
 .text.HAL_DMA2D_CLUTLoadingCpltCallback
                0x0800231e        0x2 build/stm32h7xx_hal_dma2d.o
                0x0800231e                HAL_DMA2D_CLUTLoadingCpltCallback
 .text.HAL_DMA2D_IRQHandler
                0x08002320      0x13c build/stm32h7xx_hal_dma2d.o
                0x08002320                HAL_DMA2D_IRQHandler
 .text.HAL_DMA2D_ConfigLayer
                0x0800245c      0x104 build/stm32h7xx_hal_dma2d.o
                0x0800245c                HAL_DMA2D_ConfigLayer
 .text.HAL_GPIO_Init
                0x08002560      0x220 build/stm32h7xx_hal_gpio.o
                0x08002560                HAL_GPIO_Init
 .text.HAL_GPIO_WritePin
                0x08002780        0xc build/stm32h7xx_hal_gpio.o
                0x08002780                HAL_GPIO_WritePin
 .text.LTDC_SetConfig
                0x0800278c      0x1b8 build/stm32h7xx_hal_ltdc.o
 .text.HAL_LTDC_Init
                0x08002944       0xf4 build/stm32h7xx_hal_ltdc.o
                0x08002944                HAL_LTDC_Init
 .text.HAL_LTDC_ErrorCallback
                0x08002a38        0x2 build/stm32h7xx_hal_ltdc.o
                0x08002a38                HAL_LTDC_ErrorCallback
 .text.HAL_LTDC_LineEventCallback
                0x08002a3a        0x2 build/stm32h7xx_hal_ltdc.o
                0x08002a3a                HAL_LTDC_LineEventCallback
 .text.HAL_LTDC_ReloadEventCallback
                0x08002a3c        0x2 build/stm32h7xx_hal_ltdc.o
                0x08002a3c                HAL_LTDC_ReloadEventCallback
 .text.HAL_LTDC_IRQHandler
                0x08002a3e       0xda build/stm32h7xx_hal_ltdc.o
                0x08002a3e                HAL_LTDC_IRQHandler
 .text.HAL_LTDC_ConfigLayer
                0x08002b18       0x68 build/stm32h7xx_hal_ltdc.o
                0x08002b18                HAL_LTDC_ConfigLayer
 .text.HAL_LTDC_EnableDither
                0x08002b80       0x34 build/stm32h7xx_hal_ltdc.o
                0x08002b80                HAL_LTDC_EnableDither
 .text.HAL_LTDC_ProgramLineEvent
                0x08002bb4       0x48 build/stm32h7xx_hal_ltdc.o
                0x08002bb4                HAL_LTDC_ProgramLineEvent
 .text.HAL_PWREx_ConfigSupply
                0x08002bfc       0x54 build/stm32h7xx_hal_pwr_ex.o
                0x08002bfc                HAL_PWREx_ConfigSupply
 .text.HAL_RCC_OscConfig
                0x08002c50      0x6b4 build/stm32h7xx_hal_rcc.o
                0x08002c50                HAL_RCC_OscConfig
 .text.HAL_RCC_GetSysClockFreq
                0x08003304      0x1f4 build/stm32h7xx_hal_rcc.o
                0x08003304                HAL_RCC_GetSysClockFreq
 .text.HAL_RCC_ClockConfig
                0x080034f8      0x294 build/stm32h7xx_hal_rcc.o
                0x080034f8                HAL_RCC_ClockConfig
 .text.HAL_RCC_GetHCLKFreq
                0x0800378c       0x44 build/stm32h7xx_hal_rcc.o
                0x0800378c                HAL_RCC_GetHCLKFreq
 .text.HAL_RCC_GetPCLK1Freq
                0x080037d0       0x24 build/stm32h7xx_hal_rcc.o
                0x080037d0                HAL_RCC_GetPCLK1Freq
 .text.HAL_RCC_GetPCLK2Freq
                0x080037f4       0x24 build/stm32h7xx_hal_rcc.o
                0x080037f4                HAL_RCC_GetPCLK2Freq
 .text.RCCEx_PLL2_Config
                0x08003818      0x10c build/stm32h7xx_hal_rcc_ex.o
 .text.RCCEx_PLL3_Config
                0x08003924      0x10c build/stm32h7xx_hal_rcc_ex.o
 .text.HAL_RCCEx_PeriphCLKConfig
                0x08003a30      0xa8c build/stm32h7xx_hal_rcc_ex.o
                0x08003a30                HAL_RCCEx_PeriphCLKConfig
 .text.HAL_RCCEx_GetD3PCLK1Freq
                0x080044bc       0x24 build/stm32h7xx_hal_rcc_ex.o
                0x080044bc                HAL_RCCEx_GetD3PCLK1Freq
 .text.HAL_RCCEx_GetPLL2ClockFreq
                0x080044e0      0x1f8 build/stm32h7xx_hal_rcc_ex.o
                0x080044e0                HAL_RCCEx_GetPLL2ClockFreq
 .text.HAL_RCCEx_GetPLL3ClockFreq
                0x080046d8      0x1f8 build/stm32h7xx_hal_rcc_ex.o
                0x080046d8                HAL_RCCEx_GetPLL3ClockFreq
 .text.HAL_SDRAM_Init
                0x080048d0       0x50 build/stm32h7xx_hal_sdram.o
                0x080048d0                HAL_SDRAM_Init
 .text.HAL_SDRAM_RefreshErrorCallback
                0x08004920        0x2 build/stm32h7xx_hal_sdram.o
                0x08004920                HAL_SDRAM_RefreshErrorCallback
 .text.HAL_SDRAM_IRQHandler
                0x08004922       0x20 build/stm32h7xx_hal_sdram.o
                0x08004922                HAL_SDRAM_IRQHandler
 .text.HAL_SDRAM_SendCommand
                0x08004942       0x42 build/stm32h7xx_hal_sdram.o
                0x08004942                HAL_SDRAM_SendCommand
 .text.HAL_SDRAM_ProgramRefreshRate
                0x08004984       0x32 build/stm32h7xx_hal_sdram.o
                0x08004984                HAL_SDRAM_ProgramRefreshRate
 *fill*         0x080049b6        0x2 
 .text.UART_EndRxTransfer
                0x080049b8       0x58 build/stm32h7xx_hal_uart.o
 .text.HAL_UART_TxCpltCallback
                0x08004a10        0x2 build/stm32h7xx_hal_uart.o
                0x08004a10                HAL_UART_TxCpltCallback
 .text.UART_EndTransmit_IT
                0x08004a12       0x24 build/stm32h7xx_hal_uart.o
 .text.HAL_UART_ErrorCallback
                0x08004a36        0x2 build/stm32h7xx_hal_uart.o
                0x08004a36                HAL_UART_ErrorCallback
 .text.UART_DMAAbortOnError
                0x08004a38       0x14 build/stm32h7xx_hal_uart.o
 .text.HAL_UARTEx_RxEventCallback
                0x08004a4c        0x2 build/stm32h7xx_hal_uart.o
                0x08004a4c                HAL_UARTEx_RxEventCallback
 *fill*         0x08004a4e        0x2 
 .text.HAL_UART_IRQHandler
                0x08004a50      0x3b8 build/stm32h7xx_hal_uart.o
                0x08004a50                HAL_UART_IRQHandler
 .text.UART_SetConfig
                0x08004e08      0x5f4 build/stm32h7xx_hal_uart.o
                0x08004e08                UART_SetConfig
 .text.UART_AdvFeatureConfig
                0x080053fc       0xca build/stm32h7xx_hal_uart.o
                0x080053fc                UART_AdvFeatureConfig
 .text.UART_WaitOnFlagUntilTimeout
                0x080054c6       0x9a build/stm32h7xx_hal_uart.o
                0x080054c6                UART_WaitOnFlagUntilTimeout
 .text.UART_CheckIdleState
                0x08005560       0xca build/stm32h7xx_hal_uart.o
                0x08005560                UART_CheckIdleState
 .text.HAL_UART_Init
                0x0800562a       0x66 build/stm32h7xx_hal_uart.o
                0x0800562a                HAL_UART_Init
 .text.UARTEx_SetNbDataToProcess
                0x08005690       0x4c build/stm32h7xx_hal_uart_ex.o
 .text.HAL_UARTEx_WakeupCallback
                0x080056dc        0x2 build/stm32h7xx_hal_uart_ex.o
                0x080056dc                HAL_UARTEx_WakeupCallback
 .text.HAL_UARTEx_RxFifoFullCallback
                0x080056de        0x2 build/stm32h7xx_hal_uart_ex.o
                0x080056de                HAL_UARTEx_RxFifoFullCallback
 .text.HAL_UARTEx_TxFifoEmptyCallback
                0x080056e0        0x2 build/stm32h7xx_hal_uart_ex.o
                0x080056e0                HAL_UARTEx_TxFifoEmptyCallback
 .text.HAL_UARTEx_DisableFifoMode
                0x080056e2       0x3e build/stm32h7xx_hal_uart_ex.o
                0x080056e2                HAL_UARTEx_DisableFifoMode
 .text.HAL_UARTEx_SetTxFifoThreshold
                0x08005720       0x4a build/stm32h7xx_hal_uart_ex.o
                0x08005720                HAL_UARTEx_SetTxFifoThreshold
 .text.HAL_UARTEx_SetRxFifoThreshold
                0x0800576a       0x4a build/stm32h7xx_hal_uart_ex.o
                0x0800576a                HAL_UARTEx_SetRxFifoThreshold
 .text.FMC_SDRAM_Init
                0x080057b4       0x74 build/stm32h7xx_ll_fmc.o
                0x080057b4                FMC_SDRAM_Init
 .text.FMC_SDRAM_Timing_Init
                0x08005828       0xa8 build/stm32h7xx_ll_fmc.o
                0x08005828                FMC_SDRAM_Timing_Init
 .text.FMC_SDRAM_SendCommand
                0x080058d0       0x30 build/stm32h7xx_ll_fmc.o
                0x080058d0                FMC_SDRAM_SendCommand
 .text.FMC_SDRAM_ProgramRefreshRate
                0x08005900       0x14 build/stm32h7xx_ll_fmc.o
                0x08005900                FMC_SDRAM_ProgramRefreshRate
 .text.Reset_Handler
                0x08005914       0x50 build/startup_stm32h743xx.o
                0x08005914                Reset_Handler
 .text.Default_Handler
                0x08005964        0x2 build/startup_stm32h743xx.o
                0x08005964                RTC_Alarm_IRQHandler
                0x08005964                EXTI2_IRQHandler
                0x08005964                TIM8_CC_IRQHandler
                0x08005964                HRTIM1_Master_IRQHandler
                0x08005964                UART8_IRQHandler
                0x08005964                SPI4_IRQHandler
                0x08005964                TIM1_CC_IRQHandler
                0x08005964                BDMA_Channel6_IRQHandler
                0x08005964                DMA2_Stream5_IRQHandler
                0x08005964                HRTIM1_FLT_IRQHandler
                0x08005964                JPEG_IRQHandler
                0x08005964                DMA1_Stream5_IRQHandler
                0x08005964                BDMA_Channel1_IRQHandler
                0x08005964                HRTIM1_TIMD_IRQHandler
                0x08005964                TAMP_STAMP_IRQHandler
                0x08005964                EXTI3_IRQHandler
                0x08005964                LPTIM4_IRQHandler
                0x08005964                TIM8_TRG_COM_TIM14_IRQHandler
                0x08005964                LPTIM2_IRQHandler
                0x08005964                DFSDM1_FLT1_IRQHandler
                0x08005964                DMAMUX2_OVR_IRQHandler
                0x08005964                TIM8_UP_TIM13_IRQHandler
                0x08005964                I2C3_ER_IRQHandler
                0x08005964                DFSDM1_FLT2_IRQHandler
                0x08005964                MDMA_IRQHandler
                0x08005964                LPTIM3_IRQHandler
                0x08005964                HSEM1_IRQHandler
                0x08005964                EXTI0_IRQHandler
                0x08005964                I2C2_EV_IRQHandler
                0x08005964                DMA1_Stream2_IRQHandler
                0x08005964                FPU_IRQHandler
                0x08005964                OTG_HS_WKUP_IRQHandler
                0x08005964                FDCAN1_IT1_IRQHandler
                0x08005964                DMA2_Stream2_IRQHandler
                0x08005964                HRTIM1_TIME_IRQHandler
                0x08005964                SPI1_IRQHandler
                0x08005964                TIM6_DAC_IRQHandler
                0x08005964                DCMI_IRQHandler
                0x08005964                HRTIM1_TIMC_IRQHandler
                0x08005964                DMA2_Stream3_IRQHandler
                0x08005964                SAI2_IRQHandler
                0x08005964                DFSDM1_FLT3_IRQHandler
                0x08005964                USART6_IRQHandler
                0x08005964                TIM17_IRQHandler
                0x08005964                USART3_IRQHandler
                0x08005964                BDMA_Channel7_IRQHandler
                0x08005964                LPTIM5_IRQHandler
                0x08005964                UART5_IRQHandler
                0x08005964                ADC3_IRQHandler
                0x08005964                DMA2_Stream0_IRQHandler
                0x08005964                TIM4_IRQHandler
                0x08005964                BDMA_Channel2_IRQHandler
                0x08005964                QUADSPI_IRQHandler
                0x08005964                I2C1_EV_IRQHandler
                0x08005964                DMA1_Stream6_IRQHandler
                0x08005964                DMAMUX1_OVR_IRQHandler
                0x08005964                DMA1_Stream1_IRQHandler
                0x08005964                TIM16_IRQHandler
                0x08005964                UART4_IRQHandler
                0x08005964                BDMA_Channel5_IRQHandler
                0x08005964                TIM3_IRQHandler
                0x08005964                RCC_IRQHandler
                0x08005964                TIM8_BRK_TIM12_IRQHandler
                0x08005964                TIM1_TRG_COM_IRQHandler
                0x08005964                Default_Handler
                0x08005964                ECC_IRQHandler
                0x08005964                CEC_IRQHandler
                0x08005964                EXTI15_10_IRQHandler
                0x08005964                BDMA_Channel0_IRQHandler
                0x08005964                ADC_IRQHandler
                0x08005964                DMA1_Stream7_IRQHandler
                0x08005964                HRTIM1_TIMA_IRQHandler
                0x08005964                SPI5_IRQHandler
                0x08005964                TIM7_IRQHandler
                0x08005964                SDMMC1_IRQHandler
                0x08005964                TIM5_IRQHandler
                0x08005964                DMA2_Stream7_IRQHandler
                0x08005964                TIM15_IRQHandler
                0x08005964                PVD_AVD_IRQHandler
                0x08005964                I2C3_EV_IRQHandler
                0x08005964                EXTI9_5_IRQHandler
                0x08005964                RTC_WKUP_IRQHandler
                0x08005964                SAI3_IRQHandler
                0x08005964                ETH_WKUP_IRQHandler
                0x08005964                SPDIF_RX_IRQHandler
                0x08005964                SPI2_IRQHandler
                0x08005964                OTG_HS_EP1_IN_IRQHandler
                0x08005964                DMA1_Stream0_IRQHandler
                0x08005964                CRS_IRQHandler
                0x08005964                EXTI4_IRQHandler
                0x08005964                RNG_IRQHandler
                0x08005964                HRTIM1_TIMB_IRQHandler
                0x08005964                FDCAN2_IT1_IRQHandler
                0x08005964                ETH_IRQHandler
                0x08005964                TIM1_UP_IRQHandler
                0x08005964                BDMA_Channel4_IRQHandler
                0x08005964                OTG_HS_EP1_OUT_IRQHandler
                0x08005964                WWDG_IRQHandler
                0x08005964                SPI6_IRQHandler
                0x08005964                MDIOS_IRQHandler
                0x08005964                I2C4_EV_IRQHandler
                0x08005964                FDCAN2_IT0_IRQHandler
                0x08005964                LPUART1_IRQHandler
                0x08005964                FDCAN1_IT0_IRQHandler
                0x08005964                TIM2_IRQHandler
                0x08005964                OTG_FS_WKUP_IRQHandler
                0x08005964                OTG_HS_IRQHandler
                0x08005964                TIM1_BRK_IRQHandler
                0x08005964                EXTI1_IRQHandler
                0x08005964                SDMMC2_IRQHandler
                0x08005964                OTG_FS_EP1_OUT_IRQHandler
                0x08005964                BDMA_Channel3_IRQHandler
                0x08005964                UART7_IRQHandler
                0x08005964                MDIOS_WKUP_IRQHandler
                0x08005964                USART2_IRQHandler
                0x08005964                DFSDM1_FLT0_IRQHandler
                0x08005964                SAI4_IRQHandler
                0x08005964                I2C2_ER_IRQHandler
                0x08005964                DMA2_Stream1_IRQHandler
                0x08005964                FLASH_IRQHandler
                0x08005964                DMA2_Stream4_IRQHandler
                0x08005964                OTG_FS_IRQHandler
                0x08005964                SPI3_IRQHandler
                0x08005964                WAKEUP_PIN_IRQHandler
                0x08005964                DMA1_Stream4_IRQHandler
                0x08005964                OTG_FS_EP1_IN_IRQHandler
                0x08005964                I2C1_ER_IRQHandler
                0x08005964                FDCAN_CAL_IRQHandler
                0x08005964                SWPMI1_IRQHandler
                0x08005964                COMP1_IRQHandler
                0x08005964                LPTIM1_IRQHandler
                0x08005964                I2C4_ER_IRQHandler
                0x08005964                DMA2_Stream6_IRQHandler
                0x08005964                SAI1_IRQHandler
                0x08005964                DMA1_Stream3_IRQHandler
 *fill*         0x08005966        0x2 
 .text.__libc_init_array
                0x08005968       0x48 c:/tools/gcc-arm-none-eabi/bin/../lib/gcc/arm-none-eabi/10.3.1/../../../../arm-none-eabi/lib/thumb/v7e-m+dp/hard\libc_nano.a(lib_a-init.o)
                0x08005968                __libc_init_array
 .text.memset   0x080059b0       0x10 c:/tools/gcc-arm-none-eabi/bin/../lib/gcc/arm-none-eabi/10.3.1/../../../../arm-none-eabi/lib/thumb/v7e-m+dp/hard\libc_nano.a(lib_a-memset.o)
                0x080059b0                memset
 .text._puts_r  0x080059c0       0xdc c:/tools/gcc-arm-none-eabi/bin/../lib/gcc/arm-none-eabi/10.3.1/../../../../arm-none-eabi/lib/thumb/v7e-m+dp/hard\libc_nano.a(lib_a-puts.o)
                0x080059c0                _puts_r
 .text.puts     0x08005a9c       0x10 c:/tools/gcc-arm-none-eabi/bin/../lib/gcc/arm-none-eabi/10.3.1/../../../../arm-none-eabi/lib/thumb/v7e-m+dp/hard\libc_nano.a(lib_a-puts.o)
                0x08005a9c                puts
 .text.__swbuf_r
                0x08005aac       0xa4 c:/tools/gcc-arm-none-eabi/bin/../lib/gcc/arm-none-eabi/10.3.1/../../../../arm-none-eabi/lib/thumb/v7e-m+dp/hard\libc_nano.a(lib_a-wbuf.o)
                0x08005aac                __swbuf_r
 .text.__swsetup_r
                0x08005b50       0xdc c:/tools/gcc-arm-none-eabi/bin/../lib/gcc/arm-none-eabi/10.3.1/../../../../arm-none-eabi/lib/thumb/v7e-m+dp/hard\libc_nano.a(lib_a-wsetup.o)
                0x08005b50                __swsetup_r
 .text.__sflush_r
                0x08005c2c      0x10c c:/tools/gcc-arm-none-eabi/bin/../lib/gcc/arm-none-eabi/10.3.1/../../../../arm-none-eabi/lib/thumb/v7e-m+dp/hard\libc_nano.a(lib_a-fflush.o)
                0x08005c2c                __sflush_r
 .text._fflush_r
                0x08005d38       0x78 c:/tools/gcc-arm-none-eabi/bin/../lib/gcc/arm-none-eabi/10.3.1/../../../../arm-none-eabi/lib/thumb/v7e-m+dp/hard\libc_nano.a(lib_a-fflush.o)
                0x08005d38                _fflush_r
 .text.std      0x08005db0       0x48 c:/tools/gcc-arm-none-eabi/bin/../lib/gcc/arm-none-eabi/10.3.1/../../../../arm-none-eabi/lib/thumb/v7e-m+dp/hard\libc_nano.a(lib_a-findfp.o)
 .text._cleanup_r
                0x08005df8        0xc c:/tools/gcc-arm-none-eabi/bin/../lib/gcc/arm-none-eabi/10.3.1/../../../../arm-none-eabi/lib/thumb/v7e-m+dp/hard\libc_nano.a(lib_a-findfp.o)
                0x08005df8                _cleanup_r
 .text.__sfmoreglue
                0x08005e04       0x2c c:/tools/gcc-arm-none-eabi/bin/../lib/gcc/arm-none-eabi/10.3.1/../../../../arm-none-eabi/lib/thumb/v7e-m+dp/hard\libc_nano.a(lib_a-findfp.o)
                0x08005e04                __sfmoreglue
 .text.__sfp_lock_acquire
                0x08005e30        0xc c:/tools/gcc-arm-none-eabi/bin/../lib/gcc/arm-none-eabi/10.3.1/../../../../arm-none-eabi/lib/thumb/v7e-m+dp/hard\libc_nano.a(lib_a-findfp.o)
                0x08005e30                __sfp_lock_acquire
 .text.__sfp_lock_release
                0x08005e3c        0xc c:/tools/gcc-arm-none-eabi/bin/../lib/gcc/arm-none-eabi/10.3.1/../../../../arm-none-eabi/lib/thumb/v7e-m+dp/hard\libc_nano.a(lib_a-findfp.o)
                0x08005e3c                __sfp_lock_release
 .text.__sinit_lock_acquire
                0x08005e48        0xc c:/tools/gcc-arm-none-eabi/bin/../lib/gcc/arm-none-eabi/10.3.1/../../../../arm-none-eabi/lib/thumb/v7e-m+dp/hard\libc_nano.a(lib_a-findfp.o)
                0x08005e48                __sinit_lock_acquire
 .text.__sinit_lock_release
                0x08005e54        0xc c:/tools/gcc-arm-none-eabi/bin/../lib/gcc/arm-none-eabi/10.3.1/../../../../arm-none-eabi/lib/thumb/v7e-m+dp/hard\libc_nano.a(lib_a-findfp.o)
                0x08005e54                __sinit_lock_release
 .text.__sinit  0x08005e60       0x70 c:/tools/gcc-arm-none-eabi/bin/../lib/gcc/arm-none-eabi/10.3.1/../../../../arm-none-eabi/lib/thumb/v7e-m+dp/hard\libc_nano.a(lib_a-findfp.o)
                0x08005e60                __sinit
 .text.__sfp    0x08005ed0       0x8c c:/tools/gcc-arm-none-eabi/bin/../lib/gcc/arm-none-eabi/10.3.1/../../../../arm-none-eabi/lib/thumb/v7e-m+dp/hard\libc_nano.a(lib_a-findfp.o)
                0x08005ed0                __sfp
 .text._fwalk_reent
                0x08005f5c       0x3e c:/tools/gcc-arm-none-eabi/bin/../lib/gcc/arm-none-eabi/10.3.1/../../../../arm-none-eabi/lib/thumb/v7e-m+dp/hard\libc_nano.a(lib_a-fwalk.o)
                0x08005f5c                _fwalk_reent
 .text.__retarget_lock_init_recursive
                0x08005f9a        0x2 c:/tools/gcc-arm-none-eabi/bin/../lib/gcc/arm-none-eabi/10.3.1/../../../../arm-none-eabi/lib/thumb/v7e-m+dp/hard\libc_nano.a(lib_a-lock.o)
                0x08005f9a                __retarget_lock_init_recursive
 .text.__retarget_lock_acquire_recursive
                0x08005f9c        0x2 c:/tools/gcc-arm-none-eabi/bin/../lib/gcc/arm-none-eabi/10.3.1/../../../../arm-none-eabi/lib/thumb/v7e-m+dp/hard\libc_nano.a(lib_a-lock.o)
                0x08005f9c                __retarget_lock_acquire_recursive
 .text.__retarget_lock_release_recursive
                0x08005f9e        0x2 c:/tools/gcc-arm-none-eabi/bin/../lib/gcc/arm-none-eabi/10.3.1/../../../../arm-none-eabi/lib/thumb/v7e-m+dp/hard\libc_nano.a(lib_a-lock.o)
                0x08005f9e                __retarget_lock_release_recursive
 .text.__swhatbuf_r
                0x08005fa0       0x4a c:/tools/gcc-arm-none-eabi/bin/../lib/gcc/arm-none-eabi/10.3.1/../../../../arm-none-eabi/lib/thumb/v7e-m+dp/hard\libc_nano.a(lib_a-makebuf.o)
                0x08005fa0                __swhatbuf_r
 *fill*         0x08005fea        0x2 
 .text.__smakebuf_r
                0x08005fec       0x80 c:/tools/gcc-arm-none-eabi/bin/../lib/gcc/arm-none-eabi/10.3.1/../../../../arm-none-eabi/lib/thumb/v7e-m+dp/hard\libc_nano.a(lib_a-makebuf.o)
                0x08005fec                __smakebuf_r
 .text._free_r  0x0800606c       0x98 c:/tools/gcc-arm-none-eabi/bin/../lib/gcc/arm-none-eabi/10.3.1/../../../../arm-none-eabi/lib/thumb/v7e-m+dp/hard\libc_nano.a(lib_a-nano-freer.o)
                0x0800606c                _free_r
 .text.sbrk_aligned
                0x08006104       0x40 c:/tools/gcc-arm-none-eabi/bin/../lib/gcc/arm-none-eabi/10.3.1/../../../../arm-none-eabi/lib/thumb/v7e-m+dp/hard\libc_nano.a(lib_a-nano-mallocr.o)
 .text._malloc_r
                0x08006144       0xe8 c:/tools/gcc-arm-none-eabi/bin/../lib/gcc/arm-none-eabi/10.3.1/../../../../arm-none-eabi/lib/thumb/v7e-m+dp/hard\libc_nano.a(lib_a-nano-mallocr.o)
                0x08006144                _malloc_r
 .text._sbrk_r  0x0800622c       0x20 c:/tools/gcc-arm-none-eabi/bin/../lib/gcc/arm-none-eabi/10.3.1/../../../../arm-none-eabi/lib/thumb/v7e-m+dp/hard\libc_nano.a(lib_a-sbrkr.o)
                0x0800622c                _sbrk_r
 .text.__sread  0x0800624c       0x22 c:/tools/gcc-arm-none-eabi/bin/../lib/gcc/arm-none-eabi/10.3.1/../../../../arm-none-eabi/lib/thumb/v7e-m+dp/hard\libc_nano.a(lib_a-stdio.o)
                0x0800624c                __sread
 .text.__swrite
                0x0800626e       0x38 c:/tools/gcc-arm-none-eabi/bin/../lib/gcc/arm-none-eabi/10.3.1/../../../../arm-none-eabi/lib/thumb/v7e-m+dp/hard\libc_nano.a(lib_a-stdio.o)
                0x0800626e                __swrite
 .text.__sseek  0x080062a6       0x24 c:/tools/gcc-arm-none-eabi/bin/../lib/gcc/arm-none-eabi/10.3.1/../../../../arm-none-eabi/lib/thumb/v7e-m+dp/hard\libc_nano.a(lib_a-stdio.o)
                0x080062a6                __sseek
 .text.__sclose
                0x080062ca        0x8 c:/tools/gcc-arm-none-eabi/bin/../lib/gcc/arm-none-eabi/10.3.1/../../../../arm-none-eabi/lib/thumb/v7e-m+dp/hard\libc_nano.a(lib_a-stdio.o)
                0x080062ca                __sclose
 *fill*         0x080062d2        0x2 
 .text._write_r
                0x080062d4       0x24 c:/tools/gcc-arm-none-eabi/bin/../lib/gcc/arm-none-eabi/10.3.1/../../../../arm-none-eabi/lib/thumb/v7e-m+dp/hard\libc_nano.a(lib_a-writer.o)
                0x080062d4                _write_r
 .text._close_r
                0x080062f8       0x20 c:/tools/gcc-arm-none-eabi/bin/../lib/gcc/arm-none-eabi/10.3.1/../../../../arm-none-eabi/lib/thumb/v7e-m+dp/hard\libc_nano.a(lib_a-closer.o)
                0x080062f8                _close_r
 .text._fstat_r
                0x08006318       0x24 c:/tools/gcc-arm-none-eabi/bin/../lib/gcc/arm-none-eabi/10.3.1/../../../../arm-none-eabi/lib/thumb/v7e-m+dp/hard\libc_nano.a(lib_a-fstatr.o)
                0x08006318                _fstat_r
 .text._isatty_r
                0x0800633c       0x20 c:/tools/gcc-arm-none-eabi/bin/../lib/gcc/arm-none-eabi/10.3.1/../../../../arm-none-eabi/lib/thumb/v7e-m+dp/hard\libc_nano.a(lib_a-isattyr.o)
                0x0800633c                _isatty_r
 .text._lseek_r
                0x0800635c       0x24 c:/tools/gcc-arm-none-eabi/bin/../lib/gcc/arm-none-eabi/10.3.1/../../../../arm-none-eabi/lib/thumb/v7e-m+dp/hard\libc_nano.a(lib_a-lseekr.o)
                0x0800635c                _lseek_r
 .text.__malloc_lock
                0x08006380        0xc c:/tools/gcc-arm-none-eabi/bin/../lib/gcc/arm-none-eabi/10.3.1/../../../../arm-none-eabi/lib/thumb/v7e-m+dp/hard\libc_nano.a(lib_a-mlock.o)
                0x08006380                __malloc_lock
 .text.__malloc_unlock
                0x0800638c        0xc c:/tools/gcc-arm-none-eabi/bin/../lib/gcc/arm-none-eabi/10.3.1/../../../../arm-none-eabi/lib/thumb/v7e-m+dp/hard\libc_nano.a(lib_a-mlock.o)
                0x0800638c                __malloc_unlock
 .text._read_r  0x08006398       0x24 c:/tools/gcc-arm-none-eabi/bin/../lib/gcc/arm-none-eabi/10.3.1/../../../../arm-none-eabi/lib/thumb/v7e-m+dp/hard\libc_nano.a(lib_a-readr.o)
                0x08006398                _read_r
 .text._close   0x080063bc       0x10 c:/tools/gcc-arm-none-eabi/bin/../lib/gcc/arm-none-eabi/10.3.1/../../../../arm-none-eabi/lib/thumb/v7e-m+dp/hard\libnosys.a(close.o)
                0x080063bc                _close
 .text._fstat   0x080063cc       0x10 c:/tools/gcc-arm-none-eabi/bin/../lib/gcc/arm-none-eabi/10.3.1/../../../../arm-none-eabi/lib/thumb/v7e-m+dp/hard\libnosys.a(fstat.o)
                0x080063cc                _fstat
 .text._isatty  0x080063dc       0x10 c:/tools/gcc-arm-none-eabi/bin/../lib/gcc/arm-none-eabi/10.3.1/../../../../arm-none-eabi/lib/thumb/v7e-m+dp/hard\libnosys.a(isatty.o)
                0x080063dc                _isatty
 .text._lseek   0x080063ec       0x10 c:/tools/gcc-arm-none-eabi/bin/../lib/gcc/arm-none-eabi/10.3.1/../../../../arm-none-eabi/lib/thumb/v7e-m+dp/hard\libnosys.a(lseek.o)
                0x080063ec                _lseek
 .text._read    0x080063fc       0x10 c:/tools/gcc-arm-none-eabi/bin/../lib/gcc/arm-none-eabi/10.3.1/../../../../arm-none-eabi/lib/thumb/v7e-m+dp/hard\libnosys.a(read.o)
                0x080063fc                _read
 .text._sbrk    0x0800640c       0x1c c:/tools/gcc-arm-none-eabi/bin/../lib/gcc/arm-none-eabi/10.3.1/../../../../arm-none-eabi/lib/thumb/v7e-m+dp/hard\libnosys.a(sbrk.o)
                0x0800640c                _sbrk
 .text._write   0x08006428       0x10 c:/tools/gcc-arm-none-eabi/bin/../lib/gcc/arm-none-eabi/10.3.1/../../../../arm-none-eabi/lib/thumb/v7e-m+dp/hard\libnosys.a(write.o)
                0x08006428                _write
 *(.glue_7)
 .glue_7        0x08006438        0x0 linker stubs
 *(.glue_7t)
 .glue_7t       0x08006438        0x0 linker stubs
 *(.eh_frame)
 .eh_frame      0x08006438        0x0 c:/tools/gcc-arm-none-eabi/bin/../lib/gcc/arm-none-eabi/10.3.1/thumb/v7e-m+dp/hard/crtbegin.o
 *(.init)
 .init          0x08006438        0x4 c:/tools/gcc-arm-none-eabi/bin/../lib/gcc/arm-none-eabi/10.3.1/thumb/v7e-m+dp/hard/crti.o
                0x08006438                _init
 .init          0x0800643c        0x8 c:/tools/gcc-arm-none-eabi/bin/../lib/gcc/arm-none-eabi/10.3.1/thumb/v7e-m+dp/hard/crtn.o
 *(.fini)
 .fini          0x08006444        0x4 c:/tools/gcc-arm-none-eabi/bin/../lib/gcc/arm-none-eabi/10.3.1/thumb/v7e-m+dp/hard/crti.o
                0x08006444                _fini
 .fini          0x08006448        0x8 c:/tools/gcc-arm-none-eabi/bin/../lib/gcc/arm-none-eabi/10.3.1/thumb/v7e-m+dp/hard/crtn.o
                0x08006450                . = ALIGN (0x4)
                0x08006450                _etext = .

.vfp11_veneer   0x08006450        0x0
 .vfp11_veneer  0x08006450        0x0 linker stubs

.v4_bx          0x08006450        0x0
 .v4_bx         0x08006450        0x0 linker stubs

.iplt           0x08006450        0x0
 .iplt          0x08006450        0x0 c:/tools/gcc-arm-none-eabi/bin/../lib/gcc/arm-none-eabi/10.3.1/thumb/v7e-m+dp/hard/crtbegin.o

.rodata         0x08006450     0x127c
                0x08006450                . = ALIGN (0x4)
 *(.rodata)
 *(.rodata*)
 .rodata.KD024VGFPD094_init.str1.4
                0x08006450        0xe build/KD024VGFPD094.o
 *fill*         0x0800645e        0x2 
 .rodata.ASCII_2412_Table
                0x08006460     0x11d0 build/lcd_fonts.o
                0x08006460                ASCII_2412_Table
 .rodata.D1CorePrescTable
                0x08007630       0x10 build/system_stm32h7xx.o
                0x08007630                D1CorePrescTable
 .rodata.UARTPrescTable
                0x08007640       0x18 build/stm32h7xx_hal_uart.o
                0x08007640                UARTPrescTable
 .rodata.denominator.0
                0x08007658        0x8 build/stm32h7xx_hal_uart_ex.o
 .rodata.numerator.1
                0x08007660        0x8 build/stm32h7xx_hal_uart_ex.o
 .rodata._global_impure_ptr
                0x08007668        0x4 c:/tools/gcc-arm-none-eabi/bin/../lib/gcc/arm-none-eabi/10.3.1/../../../../arm-none-eabi/lib/thumb/v7e-m+dp/hard\libc_nano.a(lib_a-impure.o)
                0x08007668                _global_impure_ptr
 .rodata.__sf_fake_stderr
                0x0800766c       0x20 c:/tools/gcc-arm-none-eabi/bin/../lib/gcc/arm-none-eabi/10.3.1/../../../../arm-none-eabi/lib/thumb/v7e-m+dp/hard\libc_nano.a(lib_a-findfp.o)
                0x0800766c                __sf_fake_stderr
 .rodata.__sf_fake_stdin
                0x0800768c       0x20 c:/tools/gcc-arm-none-eabi/bin/../lib/gcc/arm-none-eabi/10.3.1/../../../../arm-none-eabi/lib/thumb/v7e-m+dp/hard\libc_nano.a(lib_a-findfp.o)
                0x0800768c                __sf_fake_stdin
 .rodata.__sf_fake_stdout
                0x080076ac       0x20 c:/tools/gcc-arm-none-eabi/bin/../lib/gcc/arm-none-eabi/10.3.1/../../../../arm-none-eabi/lib/thumb/v7e-m+dp/hard\libc_nano.a(lib_a-findfp.o)
                0x080076ac                __sf_fake_stdout
                0x080076cc                . = ALIGN (0x4)

.ARM.extab
 *(.ARM.extab* .gnu.linkonce.armextab.*)

.ARM            0x080076cc        0x8
                0x080076cc                __exidx_start = .
 *(.ARM.exidx*)
 .ARM.exidx     0x080076cc        0x8 c:/tools/gcc-arm-none-eabi/bin/../lib/gcc/arm-none-eabi/10.3.1/thumb/v7e-m+dp/hard\libgcc.a(_udivmoddi4.o)
                0x080076d4                __exidx_end = .

.rel.dyn        0x080076d4        0x0
 .rel.iplt      0x080076d4        0x0 c:/tools/gcc-arm-none-eabi/bin/../lib/gcc/arm-none-eabi/10.3.1/thumb/v7e-m+dp/hard/crtbegin.o

.preinit_array  0x080076d4        0x0
                0x080076d4                PROVIDE (__preinit_array_start = .)
 *(.preinit_array*)
                0x080076d4                PROVIDE (__preinit_array_end = .)

.init_array     0x080076d4        0x4
                0x080076d4                PROVIDE (__init_array_start = .)
 *(SORT_BY_NAME(.init_array.*))
 *(.init_array*)
 .init_array    0x080076d4        0x4 c:/tools/gcc-arm-none-eabi/bin/../lib/gcc/arm-none-eabi/10.3.1/thumb/v7e-m+dp/hard/crtbegin.o
                0x080076d8                PROVIDE (__init_array_end = .)

.fini_array     0x080076d8        0x4
                [!provide]                PROVIDE (__fini_array_start = .)
 *(SORT_BY_NAME(.fini_array.*))
 *(.fini_array*)
 .fini_array    0x080076d8        0x4 c:/tools/gcc-arm-none-eabi/bin/../lib/gcc/arm-none-eabi/10.3.1/thumb/v7e-m+dp/hard/crtbegin.o
                [!provide]                PROVIDE (__fini_array_end = .)
                0x080076dc                _sidata = LOADADDR (.data)

.data           0x20000000       0x80 load address 0x080076dc
                0x20000000                . = ALIGN (0x4)
                0x20000000                _sdata = .
 *(.data)
 *(.data*)
 .data.Font24   0x20000000        0xc build/lcd_fonts.o
                0x20000000                Font24
 .data.SystemCoreClock
                0x2000000c        0x4 build/system_stm32h7xx.o
                0x2000000c                SystemCoreClock
 .data.SystemD2Clock
                0x20000010        0x4 build/system_stm32h7xx.o
                0x20000010                SystemD2Clock
 .data.uwTickFreq
                0x20000014        0x1 build/stm32h7xx_hal.o
                0x20000014                uwTickFreq
 *fill*         0x20000015        0x3 
 .data.uwTickPrio
                0x20000018        0x4 build/stm32h7xx_hal.o
                0x20000018                uwTickPrio
 .data._impure_ptr
                0x2000001c        0x4 c:/tools/gcc-arm-none-eabi/bin/../lib/gcc/arm-none-eabi/10.3.1/../../../../arm-none-eabi/lib/thumb/v7e-m+dp/hard\libc_nano.a(lib_a-impure.o)
                0x2000001c                _impure_ptr
 .data.impure_data
                0x20000020       0x60 c:/tools/gcc-arm-none-eabi/bin/../lib/gcc/arm-none-eabi/10.3.1/../../../../arm-none-eabi/lib/thumb/v7e-m+dp/hard\libc_nano.a(lib_a-impure.o)
                0x20000080                . = ALIGN (0x4)
                0x20000080                _edata = .

.igot.plt       0x20000080        0x0 load address 0x0800775c
 .igot.plt      0x20000080        0x0 c:/tools/gcc-arm-none-eabi/bin/../lib/gcc/arm-none-eabi/10.3.1/thumb/v7e-m+dp/hard/crtbegin.o
                0x20000080                . = ALIGN (0x4)

.bss            0x20000080      0x238 load address 0x0800775c
                0x20000080                _sbss = .
                0x20000080                __bss_start__ = _sbss
 *(.bss)
 .bss           0x20000080       0x1c c:/tools/gcc-arm-none-eabi/bin/../lib/gcc/arm-none-eabi/10.3.1/thumb/v7e-m+dp/hard/crtbegin.o
 *(.bss*)
 .bss.hdma2d    0x2000009c       0x68 build/dma2d.o
                0x2000009c                hdma2d
 .bss.FMC_Initialized
                0x20000104        0x4 build/fmc.o
 .bss.command   0x20000108       0x10 build/fmc.o
                0x20000108                command
 .bss.hsdram1   0x20000118       0x34 build/fmc.o
                0x20000118                hsdram1
 .bss.LCD       0x2000014c       0x14 build/lcd_rgb.o
                0x2000014c                LCD
 .bss.LCD_Fonts
                0x20000160        0x4 build/lcd_rgb.o
 .bss.hltdc     0x20000164       0xa8 build/ltdc.o
                0x20000164                hltdc
 .bss.huart1    0x2000020c       0x94 build/usart.o
                0x2000020c                huart1
 .bss.uwTick    0x200002a0        0x4 build/stm32h7xx_hal.o
                0x200002a0                uwTick
 .bss.__lock___malloc_recursive_mutex
                0x200002a4        0x1 c:/tools/gcc-arm-none-eabi/bin/../lib/gcc/arm-none-eabi/10.3.1/../../../../arm-none-eabi/lib/thumb/v7e-m+dp/hard\libc_nano.a(lib_a-lock.o)
                0x200002a4                __lock___malloc_recursive_mutex
 .bss.__lock___sfp_recursive_mutex
                0x200002a5        0x1 c:/tools/gcc-arm-none-eabi/bin/../lib/gcc/arm-none-eabi/10.3.1/../../../../arm-none-eabi/lib/thumb/v7e-m+dp/hard\libc_nano.a(lib_a-lock.o)
                0x200002a5                __lock___sfp_recursive_mutex
 .bss.__lock___sinit_recursive_mutex
                0x200002a6        0x1 c:/tools/gcc-arm-none-eabi/bin/../lib/gcc/arm-none-eabi/10.3.1/../../../../arm-none-eabi/lib/thumb/v7e-m+dp/hard\libc_nano.a(lib_a-lock.o)
                0x200002a6                __lock___sinit_recursive_mutex
 *fill*         0x200002a7        0x1 
 .bss.__malloc_free_list
                0x200002a8        0x4 c:/tools/gcc-arm-none-eabi/bin/../lib/gcc/arm-none-eabi/10.3.1/../../../../arm-none-eabi/lib/thumb/v7e-m+dp/hard\libc_nano.a(lib_a-nano-mallocr.o)
                0x200002a8                __malloc_free_list
 .bss.__malloc_sbrk_start
                0x200002ac        0x4 c:/tools/gcc-arm-none-eabi/bin/../lib/gcc/arm-none-eabi/10.3.1/../../../../arm-none-eabi/lib/thumb/v7e-m+dp/hard\libc_nano.a(lib_a-nano-mallocr.o)
                0x200002ac                __malloc_sbrk_start
 .bss.errno     0x200002b0        0x4 c:/tools/gcc-arm-none-eabi/bin/../lib/gcc/arm-none-eabi/10.3.1/../../../../arm-none-eabi/lib/thumb/v7e-m+dp/hard\libc_nano.a(lib_a-reent.o)
                0x200002b0                errno
 .bss.heap_end.0
                0x200002b4        0x4 c:/tools/gcc-arm-none-eabi/bin/../lib/gcc/arm-none-eabi/10.3.1/../../../../arm-none-eabi/lib/thumb/v7e-m+dp/hard\libnosys.a(sbrk.o)
 *(COMMON)
                0x200002b8                . = ALIGN (0x4)
                0x200002b8                _ebss = .
                0x200002b8                __bss_end__ = _ebss

._user_heap_stack
                0x200002b8      0x600 load address 0x0800775c
                0x200002b8                . = ALIGN (0x8)
                0x200002b8                PROVIDE (end = .)
                [!provide]                PROVIDE (_end = .)
                0x200004b8                . = (. + _Min_Heap_Size)
 *fill*         0x200002b8      0x200 
                0x200008b8                . = (. + _Min_Stack_Size)
 *fill*         0x200004b8      0x400 
                0x200008b8                . = ALIGN (0x8)

/DISCARD/
 libc.a(*)
 libm.a(*)
 libgcc.a(*)

.ARM.attributes
                0x00000000       0x2e
 *(.ARM.attributes)
 .ARM.attributes
                0x00000000       0x1e c:/tools/gcc-arm-none-eabi/bin/../lib/gcc/arm-none-eabi/10.3.1/thumb/v7e-m+dp/hard/crti.o
 .ARM.attributes
                0x0000001e       0x32 c:/tools/gcc-arm-none-eabi/bin/../lib/gcc/arm-none-eabi/10.3.1/thumb/v7e-m+dp/hard/crtbegin.o
 .ARM.attributes
                0x00000050       0x32 build/KD024VGFPD094.o
 .ARM.attributes
                0x00000082       0x32 build/dma2d.o
 .ARM.attributes
                0x000000b4       0x32 build/fmc.o
 .ARM.attributes
                0x000000e6       0x32 build/gpio.o
 .ARM.attributes
                0x00000118       0x32 build/lcd_fonts.o
 .ARM.attributes
                0x0000014a       0x32 build/lcd_rgb.o
 .ARM.attributes
                0x0000017c       0x32 build/ltdc.o
 .ARM.attributes
                0x000001ae       0x32 build/main.o
 .ARM.attributes
                0x000001e0       0x32 build/stm32h7xx_hal_msp.o
 .ARM.attributes
                0x00000212       0x32 build/stm32h7xx_it.o
 .ARM.attributes
                0x00000244       0x32 build/system_stm32h7xx.o
 .ARM.attributes
                0x00000276       0x32 build/usart.o
 .ARM.attributes
                0x000002a8       0x32 build/stm32h7xx_hal.o
 .ARM.attributes
                0x000002da       0x32 build/stm32h7xx_hal_cortex.o
 .ARM.attributes
                0x0000030c       0x32 build/stm32h7xx_hal_dma.o
 .ARM.attributes
                0x0000033e       0x32 build/stm32h7xx_hal_dma2d.o
 .ARM.attributes
                0x00000370       0x32 build/stm32h7xx_hal_gpio.o
 .ARM.attributes
                0x000003a2       0x32 build/stm32h7xx_hal_ltdc.o
 .ARM.attributes
                0x000003d4       0x32 build/stm32h7xx_hal_pwr_ex.o
 .ARM.attributes
                0x00000406       0x32 build/stm32h7xx_hal_rcc.o
 .ARM.attributes
                0x00000438       0x32 build/stm32h7xx_hal_rcc_ex.o
 .ARM.attributes
                0x0000046a       0x32 build/stm32h7xx_hal_sdram.o
 .ARM.attributes
                0x0000049c       0x32 build/stm32h7xx_hal_uart.o
 .ARM.attributes
                0x000004ce       0x32 build/stm32h7xx_hal_uart_ex.o
 .ARM.attributes
                0x00000500       0x32 build/stm32h7xx_ll_fmc.o
 .ARM.attributes
                0x00000532       0x21 build/startup_stm32h743xx.o
 .ARM.attributes
                0x00000553       0x32 c:/tools/gcc-arm-none-eabi/bin/../lib/gcc/arm-none-eabi/10.3.1/../../../../arm-none-eabi/lib/thumb/v7e-m+dp/hard\libc_nano.a(lib_a-impure.o)
 .ARM.attributes
                0x00000585       0x32 c:/tools/gcc-arm-none-eabi/bin/../lib/gcc/arm-none-eabi/10.3.1/../../../../arm-none-eabi/lib/thumb/v7e-m+dp/hard\libc_nano.a(lib_a-init.o)
 .ARM.attributes
                0x000005b7       0x32 c:/tools/gcc-arm-none-eabi/bin/../lib/gcc/arm-none-eabi/10.3.1/../../../../arm-none-eabi/lib/thumb/v7e-m+dp/hard\libc_nano.a(lib_a-memset.o)
 .ARM.attributes
                0x000005e9       0x32 c:/tools/gcc-arm-none-eabi/bin/../lib/gcc/arm-none-eabi/10.3.1/../../../../arm-none-eabi/lib/thumb/v7e-m+dp/hard\libc_nano.a(lib_a-puts.o)
 .ARM.attributes
                0x0000061b       0x32 c:/tools/gcc-arm-none-eabi/bin/../lib/gcc/arm-none-eabi/10.3.1/../../../../arm-none-eabi/lib/thumb/v7e-m+dp/hard\libc_nano.a(lib_a-wbuf.o)
 .ARM.attributes
                0x0000064d       0x32 c:/tools/gcc-arm-none-eabi/bin/../lib/gcc/arm-none-eabi/10.3.1/../../../../arm-none-eabi/lib/thumb/v7e-m+dp/hard\libc_nano.a(lib_a-wsetup.o)
 .ARM.attributes
                0x0000067f       0x32 c:/tools/gcc-arm-none-eabi/bin/../lib/gcc/arm-none-eabi/10.3.1/../../../../arm-none-eabi/lib/thumb/v7e-m+dp/hard\libc_nano.a(lib_a-fflush.o)
 .ARM.attributes
                0x000006b1       0x32 c:/tools/gcc-arm-none-eabi/bin/../lib/gcc/arm-none-eabi/10.3.1/../../../../arm-none-eabi/lib/thumb/v7e-m+dp/hard\libc_nano.a(lib_a-findfp.o)
 .ARM.attributes
                0x000006e3       0x32 c:/tools/gcc-arm-none-eabi/bin/../lib/gcc/arm-none-eabi/10.3.1/../../../../arm-none-eabi/lib/thumb/v7e-m+dp/hard\libc_nano.a(lib_a-fwalk.o)
 .ARM.attributes
                0x00000715       0x32 c:/tools/gcc-arm-none-eabi/bin/../lib/gcc/arm-none-eabi/10.3.1/../../../../arm-none-eabi/lib/thumb/v7e-m+dp/hard\libc_nano.a(lib_a-lock.o)
 .ARM.attributes
                0x00000747       0x32 c:/tools/gcc-arm-none-eabi/bin/../lib/gcc/arm-none-eabi/10.3.1/../../../../arm-none-eabi/lib/thumb/v7e-m+dp/hard\libc_nano.a(lib_a-makebuf.o)
 .ARM.attributes
                0x00000779       0x32 c:/tools/gcc-arm-none-eabi/bin/../lib/gcc/arm-none-eabi/10.3.1/../../../../arm-none-eabi/lib/thumb/v7e-m+dp/hard\libc_nano.a(lib_a-nano-freer.o)
 .ARM.attributes
                0x000007ab       0x32 c:/tools/gcc-arm-none-eabi/bin/../lib/gcc/arm-none-eabi/10.3.1/../../../../arm-none-eabi/lib/thumb/v7e-m+dp/hard\libc_nano.a(lib_a-nano-mallocr.o)
 .ARM.attributes
                0x000007dd       0x32 c:/tools/gcc-arm-none-eabi/bin/../lib/gcc/arm-none-eabi/10.3.1/../../../../arm-none-eabi/lib/thumb/v7e-m+dp/hard\libc_nano.a(lib_a-sbrkr.o)
 .ARM.attributes
                0x0000080f       0x32 c:/tools/gcc-arm-none-eabi/bin/../lib/gcc/arm-none-eabi/10.3.1/../../../../arm-none-eabi/lib/thumb/v7e-m+dp/hard\libc_nano.a(lib_a-stdio.o)
 .ARM.attributes
                0x00000841       0x32 c:/tools/gcc-arm-none-eabi/bin/../lib/gcc/arm-none-eabi/10.3.1/../../../../arm-none-eabi/lib/thumb/v7e-m+dp/hard\libc_nano.a(lib_a-writer.o)
 .ARM.attributes
                0x00000873       0x32 c:/tools/gcc-arm-none-eabi/bin/../lib/gcc/arm-none-eabi/10.3.1/../../../../arm-none-eabi/lib/thumb/v7e-m+dp/hard\libc_nano.a(lib_a-closer.o)
 .ARM.attributes
                0x000008a5       0x32 c:/tools/gcc-arm-none-eabi/bin/../lib/gcc/arm-none-eabi/10.3.1/../../../../arm-none-eabi/lib/thumb/v7e-m+dp/hard\libc_nano.a(lib_a-fstatr.o)
 .ARM.attributes
                0x000008d7       0x32 c:/tools/gcc-arm-none-eabi/bin/../lib/gcc/arm-none-eabi/10.3.1/../../../../arm-none-eabi/lib/thumb/v7e-m+dp/hard\libc_nano.a(lib_a-isattyr.o)
 .ARM.attributes
                0x00000909       0x32 c:/tools/gcc-arm-none-eabi/bin/../lib/gcc/arm-none-eabi/10.3.1/../../../../arm-none-eabi/lib/thumb/v7e-m+dp/hard\libc_nano.a(lib_a-lseekr.o)
 .ARM.attributes
                0x0000093b       0x32 c:/tools/gcc-arm-none-eabi/bin/../lib/gcc/arm-none-eabi/10.3.1/../../../../arm-none-eabi/lib/thumb/v7e-m+dp/hard\libc_nano.a(lib_a-mlock.o)
 .ARM.attributes
                0x0000096d       0x32 c:/tools/gcc-arm-none-eabi/bin/../lib/gcc/arm-none-eabi/10.3.1/../../../../arm-none-eabi/lib/thumb/v7e-m+dp/hard\libc_nano.a(lib_a-readr.o)
 .ARM.attributes
                0x0000099f       0x32 c:/tools/gcc-arm-none-eabi/bin/../lib/gcc/arm-none-eabi/10.3.1/../../../../arm-none-eabi/lib/thumb/v7e-m+dp/hard\libc_nano.a(lib_a-reent.o)
 .ARM.attributes
                0x000009d1       0x32 c:/tools/gcc-arm-none-eabi/bin/../lib/gcc/arm-none-eabi/10.3.1/../../../../arm-none-eabi/lib/thumb/v7e-m+dp/hard\libnosys.a(close.o)
 .ARM.attributes
                0x00000a03       0x32 c:/tools/gcc-arm-none-eabi/bin/../lib/gcc/arm-none-eabi/10.3.1/../../../../arm-none-eabi/lib/thumb/v7e-m+dp/hard\libnosys.a(fstat.o)
 .ARM.attributes
                0x00000a35       0x32 c:/tools/gcc-arm-none-eabi/bin/../lib/gcc/arm-none-eabi/10.3.1/../../../../arm-none-eabi/lib/thumb/v7e-m+dp/hard\libnosys.a(isatty.o)
 .ARM.attributes
                0x00000a67       0x32 c:/tools/gcc-arm-none-eabi/bin/../lib/gcc/arm-none-eabi/10.3.1/../../../../arm-none-eabi/lib/thumb/v7e-m+dp/hard\libnosys.a(lseek.o)
 .ARM.attributes
                0x00000a99       0x32 c:/tools/gcc-arm-none-eabi/bin/../lib/gcc/arm-none-eabi/10.3.1/../../../../arm-none-eabi/lib/thumb/v7e-m+dp/hard\libnosys.a(read.o)
 .ARM.attributes
                0x00000acb       0x32 c:/tools/gcc-arm-none-eabi/bin/../lib/gcc/arm-none-eabi/10.3.1/../../../../arm-none-eabi/lib/thumb/v7e-m+dp/hard\libnosys.a(sbrk.o)
 .ARM.attributes
                0x00000afd       0x32 c:/tools/gcc-arm-none-eabi/bin/../lib/gcc/arm-none-eabi/10.3.1/../../../../arm-none-eabi/lib/thumb/v7e-m+dp/hard\libnosys.a(write.o)
 .ARM.attributes
                0x00000b2f       0x1e c:/tools/gcc-arm-none-eabi/bin/../lib/gcc/arm-none-eabi/10.3.1/thumb/v7e-m+dp/hard\libgcc.a(_aeabi_uldivmod.o)
 .ARM.attributes
                0x00000b4d       0x32 c:/tools/gcc-arm-none-eabi/bin/../lib/gcc/arm-none-eabi/10.3.1/thumb/v7e-m+dp/hard\libgcc.a(_udivmoddi4.o)
 .ARM.attributes
                0x00000b7f       0x1e c:/tools/gcc-arm-none-eabi/bin/../lib/gcc/arm-none-eabi/10.3.1/thumb/v7e-m+dp/hard\libgcc.a(_dvmd_tls.o)
 .ARM.attributes
                0x00000b9d       0x1e c:/tools/gcc-arm-none-eabi/bin/../lib/gcc/arm-none-eabi/10.3.1/thumb/v7e-m+dp/hard/crtn.o
OUTPUT(build/h743ii_lcd.elf elf32-littlearm)
LOAD linker stubs
LOAD c:/tools/gcc-arm-none-eabi/bin/../lib/gcc/arm-none-eabi/10.3.1/../../../../arm-none-eabi/lib/thumb/v7e-m+dp/hard\libc.a
LOAD c:/tools/gcc-arm-none-eabi/bin/../lib/gcc/arm-none-eabi/10.3.1/../../../../arm-none-eabi/lib/thumb/v7e-m+dp/hard\libm.a
LOAD c:/tools/gcc-arm-none-eabi/bin/../lib/gcc/arm-none-eabi/10.3.1/thumb/v7e-m+dp/hard\libgcc.a

.debug_info     0x00000000    0x21276
 .debug_info    0x00000000     0x1b66 build/KD024VGFPD094.o
 .debug_info    0x00001b66      0xd19 build/dma2d.o
 .debug_info    0x0000287f     0x17b0 build/fmc.o
 .debug_info    0x0000402f      0x759 build/gpio.o
 .debug_info    0x00004788      0x3b0 build/lcd_fonts.o
 .debug_info    0x00004b38     0x14c1 build/lcd_rgb.o
 .debug_info    0x00005ff9     0x174a build/ltdc.o
 .debug_info    0x00007743     0x1223 build/main.o
 .debug_info    0x00008966      0x4a0 build/stm32h7xx_hal_msp.o
 .debug_info    0x00008e06     0x159c build/stm32h7xx_it.o
 .debug_info    0x0000a3a2      0xd30 build/system_stm32h7xx.o
 .debug_info    0x0000b0d2     0x15ad build/usart.o
 .debug_info    0x0000c67f     0x16a0 build/stm32h7xx_hal.o
 .debug_info    0x0000dd1f     0x13ea build/stm32h7xx_hal_cortex.o
 .debug_info    0x0000f109      0xfeb build/stm32h7xx_hal_dma.o
 .debug_info    0x000100f4     0x15be build/stm32h7xx_hal_dma2d.o
 .debug_info    0x000116b2      0xd66 build/stm32h7xx_hal_gpio.o
 .debug_info    0x00012418     0x1595 build/stm32h7xx_hal_ltdc.o
 .debug_info    0x000139ad     0x122e build/stm32h7xx_hal_pwr_ex.o
 .debug_info    0x00014bdb     0x1230 build/stm32h7xx_hal_rcc.o
 .debug_info    0x00015e0b     0x1aca build/stm32h7xx_hal_rcc_ex.o
 .debug_info    0x000178d5     0x12bd build/stm32h7xx_hal_sdram.o
 .debug_info    0x00018b92     0x674e build/stm32h7xx_hal_uart.o
 .debug_info    0x0001f2e0     0x124f build/stm32h7xx_hal_uart_ex.o
 .debug_info    0x0002052f      0xd25 build/stm32h7xx_ll_fmc.o
 .debug_info    0x00021254       0x22 build/startup_stm32h743xx.o

.debug_abbrev   0x00000000     0x3696
 .debug_abbrev  0x00000000      0x1f9 build/KD024VGFPD094.o
 .debug_abbrev  0x000001f9      0x1d5 build/dma2d.o
 .debug_abbrev  0x000003ce      0x2b8 build/fmc.o
 .debug_abbrev  0x00000686      0x181 build/gpio.o
 .debug_abbrev  0x00000807       0xd9 build/lcd_fonts.o
 .debug_abbrev  0x000008e0      0x27c build/lcd_rgb.o
 .debug_abbrev  0x00000b5c      0x206 build/ltdc.o
 .debug_abbrev  0x00000d62      0x298 build/main.o
 .debug_abbrev  0x00000ffa       0xd7 build/stm32h7xx_hal_msp.o
 .debug_abbrev  0x000010d1      0x1cd build/stm32h7xx_it.o
 .debug_abbrev  0x0000129e      0x14a build/system_stm32h7xx.o
 .debug_abbrev  0x000013e8      0x214 build/usart.o
 .debug_abbrev  0x000015fc      0x264 build/stm32h7xx_hal.o
 .debug_abbrev  0x00001860      0x37d build/stm32h7xx_hal_cortex.o
 .debug_abbrev  0x00001bdd      0x298 build/stm32h7xx_hal_dma.o
 .debug_abbrev  0x00001e75      0x241 build/stm32h7xx_hal_dma2d.o
 .debug_abbrev  0x000020b6      0x239 build/stm32h7xx_hal_gpio.o
 .debug_abbrev  0x000022ef      0x239 build/stm32h7xx_hal_ltdc.o
 .debug_abbrev  0x00002528      0x29b build/stm32h7xx_hal_pwr_ex.o
 .debug_abbrev  0x000027c3      0x27f build/stm32h7xx_hal_rcc.o
 .debug_abbrev  0x00002a42      0x278 build/stm32h7xx_hal_rcc_ex.o
 .debug_abbrev  0x00002cba      0x200 build/stm32h7xx_hal_sdram.o
 .debug_abbrev  0x00002eba      0x337 build/stm32h7xx_hal_uart.o
 .debug_abbrev  0x000031f1      0x2e7 build/stm32h7xx_hal_uart_ex.o
 .debug_abbrev  0x000034d8      0x1ac build/stm32h7xx_ll_fmc.o
 .debug_abbrev  0x00003684       0x12 build/startup_stm32h743xx.o

.debug_loc      0x00000000    0x1189e
 .debug_loc     0x00000000      0x210 build/KD024VGFPD094.o
 .debug_loc     0x00000210       0x67 build/dma2d.o
 .debug_loc     0x00000277       0x8e build/fmc.o
 .debug_loc     0x00000305     0x1cbd build/lcd_rgb.o
 .debug_loc     0x00001fc2       0x9e build/ltdc.o
 .debug_loc     0x00002060       0x82 build/main.o
 .debug_loc     0x000020e2      0x1a0 build/system_stm32h7xx.o
 .debug_loc     0x00002282       0x9e build/usart.o
 .debug_loc     0x00002320      0x3fa build/stm32h7xx_hal.o
 .debug_loc     0x0000271a      0x726 build/stm32h7xx_hal_cortex.o
 .debug_loc     0x00002e40      0xe96 build/stm32h7xx_hal_dma.o
 .debug_loc     0x00003cd6     0x142a build/stm32h7xx_hal_dma2d.o
 .debug_loc     0x00005100      0x3c6 build/stm32h7xx_hal_gpio.o
 .debug_loc     0x000054c6     0x185d build/stm32h7xx_hal_ltdc.o
 .debug_loc     0x00006d23      0x4df build/stm32h7xx_hal_pwr_ex.o
 .debug_loc     0x00007202      0x90a build/stm32h7xx_hal_rcc.o
 .debug_loc     0x00007b0c     0x1d9f build/stm32h7xx_hal_rcc_ex.o
 .debug_loc     0x000098ab      0xfad build/stm32h7xx_hal_sdram.o
 .debug_loc     0x0000a858     0x5d4e build/stm32h7xx_hal_uart.o
 .debug_loc     0x000105a6      0xba5 build/stm32h7xx_hal_uart_ex.o
 .debug_loc     0x0001114b      0x753 build/stm32h7xx_ll_fmc.o

.debug_aranges  0x00000000     0x1090
 .debug_aranges
                0x00000000       0x50 build/KD024VGFPD094.o
 .debug_aranges
                0x00000050       0x30 build/dma2d.o
 .debug_aranges
                0x00000080       0x48 build/fmc.o
 .debug_aranges
                0x000000c8       0x20 build/gpio.o
 .debug_aranges
                0x000000e8       0x18 build/lcd_fonts.o
 .debug_aranges
                0x00000100       0xd8 build/lcd_rgb.o
 .debug_aranges
                0x000001d8       0x30 build/ltdc.o
 .debug_aranges
                0x00000208       0x38 build/main.o
 .debug_aranges
                0x00000240       0x20 build/stm32h7xx_hal_msp.o
 .debug_aranges
                0x00000260       0x88 build/stm32h7xx_it.o
 .debug_aranges
                0x000002e8       0x28 build/system_stm32h7xx.o
 .debug_aranges
                0x00000310       0x30 build/usart.o
 .debug_aranges
                0x00000340      0x198 build/stm32h7xx_hal.o
 .debug_aranges
                0x000004d8       0xb0 build/stm32h7xx_hal_cortex.o
 .debug_aranges
                0x00000588       0xa0 build/stm32h7xx_hal_dma.o
 .debug_aranges
                0x00000628      0x118 build/stm32h7xx_hal_dma2d.o
 .debug_aranges
                0x00000740       0x58 build/stm32h7xx_hal_gpio.o
 .debug_aranges
                0x00000798      0x158 build/stm32h7xx_hal_ltdc.o
 .debug_aranges
                0x000008f0      0x158 build/stm32h7xx_hal_pwr_ex.o
 .debug_aranges
                0x00000a48       0x88 build/stm32h7xx_hal_rcc.o
 .debug_aranges
                0x00000ad0       0xf8 build/stm32h7xx_hal_rcc_ex.o
 .debug_aranges
                0x00000bc8       0xe8 build/stm32h7xx_hal_sdram.o
 .debug_aranges
                0x00000cb0      0x248 build/stm32h7xx_hal_uart.o
 .debug_aranges
                0x00000ef8       0xa8 build/stm32h7xx_hal_uart_ex.o
 .debug_aranges
                0x00000fa0       0xc8 build/stm32h7xx_ll_fmc.o
 .debug_aranges
                0x00001068       0x28 build/startup_stm32h743xx.o

.debug_ranges   0x00000000     0x1038
 .debug_ranges  0x00000000       0x40 build/KD024VGFPD094.o
 .debug_ranges  0x00000040       0x20 build/dma2d.o
 .debug_ranges  0x00000060       0x38 build/fmc.o
 .debug_ranges  0x00000098       0x10 build/gpio.o
 .debug_ranges  0x000000a8       0xc8 build/lcd_rgb.o
 .debug_ranges  0x00000170       0x20 build/ltdc.o
 .debug_ranges  0x00000190       0x28 build/main.o
 .debug_ranges  0x000001b8       0x10 build/stm32h7xx_hal_msp.o
 .debug_ranges  0x000001c8       0x78 build/stm32h7xx_it.o
 .debug_ranges  0x00000240       0x18 build/system_stm32h7xx.o
 .debug_ranges  0x00000258       0x20 build/usart.o
 .debug_ranges  0x00000278      0x188 build/stm32h7xx_hal.o
 .debug_ranges  0x00000400      0x100 build/stm32h7xx_hal_cortex.o
 .debug_ranges  0x00000500       0xa8 build/stm32h7xx_hal_dma.o
 .debug_ranges  0x000005a8      0x108 build/stm32h7xx_hal_dma2d.o
 .debug_ranges  0x000006b0       0x48 build/stm32h7xx_hal_gpio.o
 .debug_ranges  0x000006f8      0x148 build/stm32h7xx_hal_ltdc.o
 .debug_ranges  0x00000840      0x1a8 build/stm32h7xx_hal_pwr_ex.o
 .debug_ranges  0x000009e8       0xe8 build/stm32h7xx_hal_rcc.o
 .debug_ranges  0x00000ad0       0xe8 build/stm32h7xx_hal_rcc_ex.o
 .debug_ranges  0x00000bb8       0xd8 build/stm32h7xx_hal_sdram.o
 .debug_ranges  0x00000c90      0x238 build/stm32h7xx_hal_uart.o
 .debug_ranges  0x00000ec8       0x98 build/stm32h7xx_hal_uart_ex.o
 .debug_ranges  0x00000f60       0xb8 build/stm32h7xx_ll_fmc.o
 .debug_ranges  0x00001018       0x20 build/startup_stm32h743xx.o

.debug_line     0x00000000    0x15edb
 .debug_line    0x00000000      0x57b build/KD024VGFPD094.o
 .debug_line    0x0000057b      0x273 build/dma2d.o
 .debug_line    0x000007ee      0x524 build/fmc.o
 .debug_line    0x00000d12      0x1fa build/gpio.o
 .debug_line    0x00000f0c       0xdc build/lcd_fonts.o
 .debug_line    0x00000fe8     0x1077 build/lcd_rgb.o
 .debug_line    0x0000205f      0x597 build/ltdc.o
 .debug_line    0x000025f6      0x5a4 build/main.o
 .debug_line    0x00002b9a      0x124 build/stm32h7xx_hal_msp.o
 .debug_line    0x00002cbe      0x37c build/stm32h7xx_it.o
 .debug_line    0x0000303a      0x3f1 build/system_stm32h7xx.o
 .debug_line    0x0000342b      0x35e build/usart.o
 .debug_line    0x00003789      0x88c build/stm32h7xx_hal.o
 .debug_line    0x00004015      0x757 build/stm32h7xx_hal_cortex.o
 .debug_line    0x0000476c     0x2407 build/stm32h7xx_hal_dma.o
 .debug_line    0x00006b73     0x122b build/stm32h7xx_hal_dma2d.o
 .debug_line    0x00007d9e      0x683 build/stm32h7xx_hal_gpio.o
 .debug_line    0x00008421     0x194b build/stm32h7xx_hal_ltdc.o
 .debug_line    0x00009d6c      0xa4c build/stm32h7xx_hal_pwr_ex.o
 .debug_line    0x0000a7b8     0x1267 build/stm32h7xx_hal_rcc.o
 .debug_line    0x0000ba1f     0x1f59 build/stm32h7xx_hal_rcc_ex.o
 .debug_line    0x0000d978      0xbb0 build/stm32h7xx_hal_sdram.o
 .debug_line    0x0000e528     0x6683 build/stm32h7xx_hal_uart.o
 .debug_line    0x00014bab      0xc3c build/stm32h7xx_hal_uart_ex.o
 .debug_line    0x000157e7      0x67e build/stm32h7xx_ll_fmc.o
 .debug_line    0x00015e65       0x76 build/startup_stm32h743xx.o

.debug_str      0x00000000     0x6316
 .debug_str     0x00000000      0x26f build/KD024VGFPD094.o
                                0x2e1 (size before relaxing)
 .debug_str     0x0000026f      0xd24 build/dma2d.o
                                0xf27 (size before relaxing)
 .debug_str     0x00000f93      0x9b9 build/fmc.o
                               0x175f (size before relaxing)
 .debug_str     0x0000194c       0x1d build/gpio.o
                                0x47b (size before relaxing)
 .debug_str     0x00001969      0x102 build/lcd_fonts.o
                                0x29d (size before relaxing)
 .debug_str     0x00001a6b      0x309 build/lcd_rgb.o
                                0x5fd (size before relaxing)
 .debug_str     0x00001d74      0x2a1 build/ltdc.o
                               0x1480 (size before relaxing)
 .debug_str     0x00002015      0x4ad build/main.o
                                0x939 (size before relaxing)
 .debug_str     0x000024c2       0x29 build/stm32h7xx_hal_msp.o
                                0x3ca (size before relaxing)
 .debug_str     0x000024eb      0x5c0 build/stm32h7xx_it.o
                               0x111d (size before relaxing)
 .debug_str     0x00002aab      0x234 build/system_stm32h7xx.o
                                0x707 (size before relaxing)
 .debug_str     0x00002cdf       0xa5 build/usart.o
                               0x169f (size before relaxing)
 .debug_str     0x00002d84      0x731 build/stm32h7xx_hal.o
                               0x1488 (size before relaxing)
 .debug_str     0x000034b5      0x372 build/stm32h7xx_hal_cortex.o
                               0x1020 (size before relaxing)
 .debug_str     0x00003827      0x3f5 build/stm32h7xx_hal_dma.o
                                0x9a3 (size before relaxing)
 .debug_str     0x00003c1c      0x34b build/stm32h7xx_hal_dma2d.o
                                0xa65 (size before relaxing)
 .debug_str     0x00003f67       0xd4 build/stm32h7xx_hal_gpio.o
                                0x6ac (size before relaxing)
 .debug_str     0x0000403b      0x43e build/stm32h7xx_hal_ltdc.o
                                0x9b0 (size before relaxing)
 .debug_str     0x00004479      0x540 build/stm32h7xx_hal_pwr_ex.o
                                0xa21 (size before relaxing)
 .debug_str     0x000049b9      0x18f build/stm32h7xx_hal_rcc.o
                                0x9f2 (size before relaxing)
 .debug_str     0x00004b48      0x5b8 build/stm32h7xx_hal_rcc_ex.o
                                0xefd (size before relaxing)
 .debug_str     0x00005100      0x34f build/stm32h7xx_hal_sdram.o
                                0xb8c (size before relaxing)
 .debug_str     0x0000544f      0x8a3 build/stm32h7xx_hal_uart.o
                               0x148b (size before relaxing)
 .debug_str     0x00005cf2      0x246 build/stm32h7xx_hal_uart_ex.o
                                0xb74 (size before relaxing)
 .debug_str     0x00005f38      0x3ba build/stm32h7xx_ll_fmc.o
                                0x891 (size before relaxing)
 .debug_str     0x000062f2       0x24 build/startup_stm32h743xx.o
                                 0x3c (size before relaxing)

.comment        0x00000000       0x49
 .comment       0x00000000       0x49 build/KD024VGFPD094.o
                                 0x4a (size before relaxing)
 .comment       0x00000049       0x4a build/dma2d.o
 .comment       0x00000049       0x4a build/fmc.o
 .comment       0x00000049       0x4a build/gpio.o
 .comment       0x00000049       0x4a build/lcd_fonts.o
 .comment       0x00000049       0x4a build/lcd_rgb.o
 .comment       0x00000049       0x4a build/ltdc.o
 .comment       0x00000049       0x4a build/main.o
 .comment       0x00000049       0x4a build/stm32h7xx_hal_msp.o
 .comment       0x00000049       0x4a build/stm32h7xx_it.o
 .comment       0x00000049       0x4a build/system_stm32h7xx.o
 .comment       0x00000049       0x4a build/usart.o
 .comment       0x00000049       0x4a build/stm32h7xx_hal.o
 .comment       0x00000049       0x4a build/stm32h7xx_hal_cortex.o
 .comment       0x00000049       0x4a build/stm32h7xx_hal_dma.o
 .comment       0x00000049       0x4a build/stm32h7xx_hal_dma2d.o
 .comment       0x00000049       0x4a build/stm32h7xx_hal_gpio.o
 .comment       0x00000049       0x4a build/stm32h7xx_hal_ltdc.o
 .comment       0x00000049       0x4a build/stm32h7xx_hal_pwr_ex.o
 .comment       0x00000049       0x4a build/stm32h7xx_hal_rcc.o
 .comment       0x00000049       0x4a build/stm32h7xx_hal_rcc_ex.o
 .comment       0x00000049       0x4a build/stm32h7xx_hal_sdram.o
 .comment       0x00000049       0x4a build/stm32h7xx_hal_uart.o
 .comment       0x00000049       0x4a build/stm32h7xx_hal_uart_ex.o
 .comment       0x00000049       0x4a build/stm32h7xx_ll_fmc.o

.debug_frame    0x00000000     0x322c
 .debug_frame   0x00000000       0xe8 build/KD024VGFPD094.o
 .debug_frame   0x000000e8       0x5c build/dma2d.o
 .debug_frame   0x00000144       0xc8 build/fmc.o
 .debug_frame   0x0000020c       0x38 build/gpio.o
 .debug_frame   0x00000244      0x2dc build/lcd_rgb.o
 .debug_frame   0x00000520       0x78 build/ltdc.o
 .debug_frame   0x00000598       0x78 build/main.o
 .debug_frame   0x00000610       0x28 build/stm32h7xx_hal_msp.o
 .debug_frame   0x00000638      0x120 build/stm32h7xx_it.o
 .debug_frame   0x00000758       0x3c build/system_stm32h7xx.o
 .debug_frame   0x00000794       0x64 build/usart.o
 .debug_frame   0x000007f8      0x360 build/stm32h7xx_hal.o
 .debug_frame   0x00000b58      0x158 build/stm32h7xx_hal_cortex.o
 .debug_frame   0x00000cb0      0x1fc build/stm32h7xx_hal_dma.o
 .debug_frame   0x00000eac      0x358 build/stm32h7xx_hal_dma2d.o
 .debug_frame   0x00001204       0xd4 build/stm32h7xx_hal_gpio.o
 .debug_frame   0x000012d8      0x3cc build/stm32h7xx_hal_ltdc.o
 .debug_frame   0x000016a4      0x2f4 build/stm32h7xx_hal_pwr_ex.o
 .debug_frame   0x00001998      0x18c build/stm32h7xx_hal_rcc.o
 .debug_frame   0x00001b24      0x26c build/stm32h7xx_hal_rcc_ex.o
 .debug_frame   0x00001d90      0x27c build/stm32h7xx_hal_sdram.o
 .debug_frame   0x0000200c      0x680 build/stm32h7xx_hal_uart.o
 .debug_frame   0x0000268c      0x1c8 build/stm32h7xx_hal_uart_ex.o
 .debug_frame   0x00002854      0x1d4 build/stm32h7xx_ll_fmc.o
 .debug_frame   0x00002a28       0x2c c:/tools/gcc-arm-none-eabi/bin/../lib/gcc/arm-none-eabi/10.3.1/../../../../arm-none-eabi/lib/thumb/v7e-m+dp/hard\libc_nano.a(lib_a-init.o)
 .debug_frame   0x00002a54       0x20 c:/tools/gcc-arm-none-eabi/bin/../lib/gcc/arm-none-eabi/10.3.1/../../../../arm-none-eabi/lib/thumb/v7e-m+dp/hard\libc_nano.a(lib_a-memset.o)
 .debug_frame   0x00002a74       0x3c c:/tools/gcc-arm-none-eabi/bin/../lib/gcc/arm-none-eabi/10.3.1/../../../../arm-none-eabi/lib/thumb/v7e-m+dp/hard\libc_nano.a(lib_a-puts.o)
 .debug_frame   0x00002ab0       0x40 c:/tools/gcc-arm-none-eabi/bin/../lib/gcc/arm-none-eabi/10.3.1/../../../../arm-none-eabi/lib/thumb/v7e-m+dp/hard\libc_nano.a(lib_a-wbuf.o)
 .debug_frame   0x00002af0       0x2c c:/tools/gcc-arm-none-eabi/bin/../lib/gcc/arm-none-eabi/10.3.1/../../../../arm-none-eabi/lib/thumb/v7e-m+dp/hard\libc_nano.a(lib_a-wsetup.o)
 .debug_frame   0x00002b1c       0x5c c:/tools/gcc-arm-none-eabi/bin/../lib/gcc/arm-none-eabi/10.3.1/../../../../arm-none-eabi/lib/thumb/v7e-m+dp/hard\libc_nano.a(lib_a-fflush.o)
 .debug_frame   0x00002b78      0x14c c:/tools/gcc-arm-none-eabi/bin/../lib/gcc/arm-none-eabi/10.3.1/../../../../arm-none-eabi/lib/thumb/v7e-m+dp/hard\libc_nano.a(lib_a-findfp.o)
 .debug_frame   0x00002cc4       0x54 c:/tools/gcc-arm-none-eabi/bin/../lib/gcc/arm-none-eabi/10.3.1/../../../../arm-none-eabi/lib/thumb/v7e-m+dp/hard\libc_nano.a(lib_a-fwalk.o)
 .debug_frame   0x00002d18       0xb0 c:/tools/gcc-arm-none-eabi/bin/../lib/gcc/arm-none-eabi/10.3.1/../../../../arm-none-eabi/lib/thumb/v7e-m+dp/hard\libc_nano.a(lib_a-lock.o)
 .debug_frame   0x00002dc8       0x58 c:/tools/gcc-arm-none-eabi/bin/../lib/gcc/arm-none-eabi/10.3.1/../../../../arm-none-eabi/lib/thumb/v7e-m+dp/hard\libc_nano.a(lib_a-makebuf.o)
 .debug_frame   0x00002e20       0x38 c:/tools/gcc-arm-none-eabi/bin/../lib/gcc/arm-none-eabi/10.3.1/../../../../arm-none-eabi/lib/thumb/v7e-m+dp/hard\libc_nano.a(lib_a-nano-freer.o)
 .debug_frame   0x00002e58       0x4c c:/tools/gcc-arm-none-eabi/bin/../lib/gcc/arm-none-eabi/10.3.1/../../../../arm-none-eabi/lib/thumb/v7e-m+dp/hard\libc_nano.a(lib_a-nano-mallocr.o)
 .debug_frame   0x00002ea4       0x2c c:/tools/gcc-arm-none-eabi/bin/../lib/gcc/arm-none-eabi/10.3.1/../../../../arm-none-eabi/lib/thumb/v7e-m+dp/hard\libc_nano.a(lib_a-sbrkr.o)
 .debug_frame   0x00002ed0       0x88 c:/tools/gcc-arm-none-eabi/bin/../lib/gcc/arm-none-eabi/10.3.1/../../../../arm-none-eabi/lib/thumb/v7e-m+dp/hard\libc_nano.a(lib_a-stdio.o)
 .debug_frame   0x00002f58       0x2c c:/tools/gcc-arm-none-eabi/bin/../lib/gcc/arm-none-eabi/10.3.1/../../../../arm-none-eabi/lib/thumb/v7e-m+dp/hard\libc_nano.a(lib_a-writer.o)
 .debug_frame   0x00002f84       0x2c c:/tools/gcc-arm-none-eabi/bin/../lib/gcc/arm-none-eabi/10.3.1/../../../../arm-none-eabi/lib/thumb/v7e-m+dp/hard\libc_nano.a(lib_a-closer.o)
 .debug_frame   0x00002fb0       0x2c c:/tools/gcc-arm-none-eabi/bin/../lib/gcc/arm-none-eabi/10.3.1/../../../../arm-none-eabi/lib/thumb/v7e-m+dp/hard\libc_nano.a(lib_a-fstatr.o)
 .debug_frame   0x00002fdc       0x2c c:/tools/gcc-arm-none-eabi/bin/../lib/gcc/arm-none-eabi/10.3.1/../../../../arm-none-eabi/lib/thumb/v7e-m+dp/hard\libc_nano.a(lib_a-isattyr.o)
 .debug_frame   0x00003008       0x2c c:/tools/gcc-arm-none-eabi/bin/../lib/gcc/arm-none-eabi/10.3.1/../../../../arm-none-eabi/lib/thumb/v7e-m+dp/hard\libc_nano.a(lib_a-lseekr.o)
 .debug_frame   0x00003034       0x30 c:/tools/gcc-arm-none-eabi/bin/../lib/gcc/arm-none-eabi/10.3.1/../../../../arm-none-eabi/lib/thumb/v7e-m+dp/hard\libc_nano.a(lib_a-mlock.o)
 .debug_frame   0x00003064       0x2c c:/tools/gcc-arm-none-eabi/bin/../lib/gcc/arm-none-eabi/10.3.1/../../../../arm-none-eabi/lib/thumb/v7e-m+dp/hard\libc_nano.a(lib_a-readr.o)
 .debug_frame   0x00003090       0x5c c:/tools/gcc-arm-none-eabi/bin/../lib/gcc/arm-none-eabi/10.3.1/../../../../arm-none-eabi/lib/thumb/v7e-m+dp/hard\libc_nano.a(lib_a-reent.o)
 .debug_frame   0x000030ec       0x20 c:/tools/gcc-arm-none-eabi/bin/../lib/gcc/arm-none-eabi/10.3.1/../../../../arm-none-eabi/lib/thumb/v7e-m+dp/hard\libnosys.a(close.o)
 .debug_frame   0x0000310c       0x20 c:/tools/gcc-arm-none-eabi/bin/../lib/gcc/arm-none-eabi/10.3.1/../../../../arm-none-eabi/lib/thumb/v7e-m+dp/hard\libnosys.a(fstat.o)
 .debug_frame   0x0000312c       0x20 c:/tools/gcc-arm-none-eabi/bin/../lib/gcc/arm-none-eabi/10.3.1/../../../../arm-none-eabi/lib/thumb/v7e-m+dp/hard\libnosys.a(isatty.o)
 .debug_frame   0x0000314c       0x20 c:/tools/gcc-arm-none-eabi/bin/../lib/gcc/arm-none-eabi/10.3.1/../../../../arm-none-eabi/lib/thumb/v7e-m+dp/hard\libnosys.a(lseek.o)
 .debug_frame   0x0000316c       0x20 c:/tools/gcc-arm-none-eabi/bin/../lib/gcc/arm-none-eabi/10.3.1/../../../../arm-none-eabi/lib/thumb/v7e-m+dp/hard\libnosys.a(read.o)
 .debug_frame   0x0000318c       0x20 c:/tools/gcc-arm-none-eabi/bin/../lib/gcc/arm-none-eabi/10.3.1/../../../../arm-none-eabi/lib/thumb/v7e-m+dp/hard\libnosys.a(sbrk.o)
 .debug_frame   0x000031ac       0x20 c:/tools/gcc-arm-none-eabi/bin/../lib/gcc/arm-none-eabi/10.3.1/../../../../arm-none-eabi/lib/thumb/v7e-m+dp/hard\libnosys.a(write.o)
 .debug_frame   0x000031cc       0x2c c:/tools/gcc-arm-none-eabi/bin/../lib/gcc/arm-none-eabi/10.3.1/thumb/v7e-m+dp/hard\libgcc.a(_aeabi_uldivmod.o)
 .debug_frame   0x000031f8       0x34 c:/tools/gcc-arm-none-eabi/bin/../lib/gcc/arm-none-eabi/10.3.1/thumb/v7e-m+dp/hard\libgcc.a(_udivmoddi4.o)

.stab           0x00000000       0x9c
 .stab          0x00000000       0x24 c:/tools/gcc-arm-none-eabi/bin/../lib/gcc/arm-none-eabi/10.3.1/../../../../arm-none-eabi/lib/thumb/v7e-m+dp/hard\libnosys.a(close.o)
 .stab          0x00000024       0x18 c:/tools/gcc-arm-none-eabi/bin/../lib/gcc/arm-none-eabi/10.3.1/../../../../arm-none-eabi/lib/thumb/v7e-m+dp/hard\libnosys.a(fstat.o)
                                 0x24 (size before relaxing)
 .stab          0x0000003c       0x18 c:/tools/gcc-arm-none-eabi/bin/../lib/gcc/arm-none-eabi/10.3.1/../../../../arm-none-eabi/lib/thumb/v7e-m+dp/hard\libnosys.a(isatty.o)
                                 0x24 (size before relaxing)
 .stab          0x00000054       0x18 c:/tools/gcc-arm-none-eabi/bin/../lib/gcc/arm-none-eabi/10.3.1/../../../../arm-none-eabi/lib/thumb/v7e-m+dp/hard\libnosys.a(lseek.o)
                                 0x24 (size before relaxing)
 .stab          0x0000006c       0x18 c:/tools/gcc-arm-none-eabi/bin/../lib/gcc/arm-none-eabi/10.3.1/../../../../arm-none-eabi/lib/thumb/v7e-m+dp/hard\libnosys.a(read.o)
                                 0x24 (size before relaxing)
 .stab          0x00000084       0x18 c:/tools/gcc-arm-none-eabi/bin/../lib/gcc/arm-none-eabi/10.3.1/../../../../arm-none-eabi/lib/thumb/v7e-m+dp/hard\libnosys.a(write.o)
                                 0x24 (size before relaxing)

.stabstr        0x00000000      0x14d
 .stabstr       0x00000000      0x14d c:/tools/gcc-arm-none-eabi/bin/../lib/gcc/arm-none-eabi/10.3.1/../../../../arm-none-eabi/lib/thumb/v7e-m+dp/hard\libnosys.a(close.o)

Cross Reference Table

Symbol                                            File
ADC3_IRQHandler                                   build/startup_stm32h743xx.o
ADC_IRQHandler                                    build/startup_stm32h743xx.o
ASCII_1206_Table                                  build/lcd_fonts.o
ASCII_1608_Table                                  build/lcd_fonts.o
ASCII_2010_Table                                  build/lcd_fonts.o
ASCII_2412_Table                                  build/lcd_fonts.o
ASCII_3216_Table                                  build/lcd_fonts.o
BDMA_Channel0_IRQHandler                          build/startup_stm32h743xx.o
BDMA_Channel1_IRQHandler                          build/startup_stm32h743xx.o
BDMA_Channel2_IRQHandler                          build/startup_stm32h743xx.o
BDMA_Channel3_IRQHandler                          build/startup_stm32h743xx.o
BDMA_Channel4_IRQHandler                          build/startup_stm32h743xx.o
BDMA_Channel5_IRQHandler                          build/startup_stm32h743xx.o
BDMA_Channel6_IRQHandler                          build/startup_stm32h743xx.o
BDMA_Channel7_IRQHandler                          build/startup_stm32h743xx.o
BusFault_Handler                                  build/stm32h7xx_it.o
CEC_IRQHandler                                    build/startup_stm32h743xx.o
CH_Font12                                         build/lcd_fonts.o
                                                  build/lcd_test.o
CH_Font16                                         build/lcd_fonts.o
                                                  build/lcd_test.o
CH_Font20                                         build/lcd_fonts.o
                                                  build/lcd_test.o
CH_Font24                                         build/lcd_fonts.o
                                                  build/lcd_test.o
CH_Font32                                         build/lcd_fonts.o
                                                  build/lcd_test.o
COMP1_IRQHandler                                  build/startup_stm32h743xx.o
CRS_IRQHandler                                    build/startup_stm32h743xx.o
Chinese_1212                                      build/lcd_fonts.o
Chinese_1616                                      build/lcd_fonts.o
Chinese_2020                                      build/lcd_fonts.o
Chinese_2424                                      build/lcd_fonts.o
Chinese_3232                                      build/lcd_fonts.o
D1CorePrescTable                                  build/system_stm32h7xx.o
                                                  build/stm32h7xx_hal_rcc_ex.o
                                                  build/stm32h7xx_hal_rcc.o
                                                  build/stm32h7xx_hal.o
DCMI_IRQHandler                                   build/startup_stm32h743xx.o
DFSDM1_FLT0_IRQHandler                            build/startup_stm32h743xx.o
DFSDM1_FLT1_IRQHandler                            build/startup_stm32h743xx.o
DFSDM1_FLT2_IRQHandler                            build/startup_stm32h743xx.o
DFSDM1_FLT3_IRQHandler                            build/startup_stm32h743xx.o
DMA1_Stream0_IRQHandler                           build/startup_stm32h743xx.o
DMA1_Stream1_IRQHandler                           build/startup_stm32h743xx.o
DMA1_Stream2_IRQHandler                           build/startup_stm32h743xx.o
DMA1_Stream3_IRQHandler                           build/startup_stm32h743xx.o
DMA1_Stream4_IRQHandler                           build/startup_stm32h743xx.o
DMA1_Stream5_IRQHandler                           build/startup_stm32h743xx.o
DMA1_Stream6_IRQHandler                           build/startup_stm32h743xx.o
DMA1_Stream7_IRQHandler                           build/startup_stm32h743xx.o
DMA2D_IRQHandler                                  build/stm32h7xx_it.o
DMA2_Stream0_IRQHandler                           build/startup_stm32h743xx.o
DMA2_Stream1_IRQHandler                           build/startup_stm32h743xx.o
DMA2_Stream2_IRQHandler                           build/startup_stm32h743xx.o
DMA2_Stream3_IRQHandler                           build/startup_stm32h743xx.o
DMA2_Stream4_IRQHandler                           build/startup_stm32h743xx.o
DMA2_Stream5_IRQHandler                           build/startup_stm32h743xx.o
DMA2_Stream6_IRQHandler                           build/startup_stm32h743xx.o
DMA2_Stream7_IRQHandler                           build/startup_stm32h743xx.o
DMAMUX1_OVR_IRQHandler                            build/startup_stm32h743xx.o
DMAMUX2_OVR_IRQHandler                            build/startup_stm32h743xx.o
DebugMon_Handler                                  build/stm32h7xx_it.o
Default_Handler                                   build/startup_stm32h743xx.o
ECC_IRQHandler                                    build/startup_stm32h743xx.o
ETH_IRQHandler                                    build/startup_stm32h743xx.o
ETH_WKUP_IRQHandler                               build/startup_stm32h743xx.o
EXTI0_IRQHandler                                  build/startup_stm32h743xx.o
EXTI15_10_IRQHandler                              build/startup_stm32h743xx.o
EXTI1_IRQHandler                                  build/startup_stm32h743xx.o
EXTI2_IRQHandler                                  build/startup_stm32h743xx.o
EXTI3_IRQHandler                                  build/startup_stm32h743xx.o
EXTI4_IRQHandler                                  build/startup_stm32h743xx.o
EXTI9_5_IRQHandler                                build/startup_stm32h743xx.o
EnterSleep                                        build/KD024VGFPD094.o
Error_Handler                                     build/main.o
                                                  build/usart.o
                                                  build/ltdc.o
                                                  build/fmc.o
                                                  build/dma2d.o
ExitSleep                                         build/KD024VGFPD094.o
FDCAN1_IT0_IRQHandler                             build/startup_stm32h743xx.o
FDCAN1_IT1_IRQHandler                             build/startup_stm32h743xx.o
FDCAN2_IT0_IRQHandler                             build/startup_stm32h743xx.o
FDCAN2_IT1_IRQHandler                             build/startup_stm32h743xx.o
FDCAN_CAL_IRQHandler                              build/startup_stm32h743xx.o
FLASH_CRC_WaitForLastOperation                    build/stm32h7xx_hal_flash.o
                                                  build/stm32h7xx_hal_flash_ex.o
FLASH_Erase_Sector                                build/stm32h7xx_hal_flash_ex.o
                                                  build/stm32h7xx_hal_flash.o
FLASH_IRQHandler                                  build/startup_stm32h743xx.o
FLASH_OB_WaitForLastOperation                     build/stm32h7xx_hal_flash.o
                                                  build/stm32h7xx_hal_flash_ex.o
FLASH_WaitForLastOperation                        build/stm32h7xx_hal_flash.o
                                                  build/stm32h7xx_hal_flash_ex.o
FMC_IRQHandler                                    build/stm32h7xx_it.o
FMC_NAND_AttributeSpace_Timing_Init               build/stm32h7xx_ll_fmc.o
FMC_NAND_CommonSpace_Timing_Init                  build/stm32h7xx_ll_fmc.o
FMC_NAND_DeInit                                   build/stm32h7xx_ll_fmc.o
FMC_NAND_ECC_Disable                              build/stm32h7xx_ll_fmc.o
FMC_NAND_ECC_Enable                               build/stm32h7xx_ll_fmc.o
FMC_NAND_GetECC                                   build/stm32h7xx_ll_fmc.o
FMC_NAND_Init                                     build/stm32h7xx_ll_fmc.o
FMC_NORSRAM_DeInit                                build/stm32h7xx_ll_fmc.o
FMC_NORSRAM_Extended_Timing_Init                  build/stm32h7xx_ll_fmc.o
FMC_NORSRAM_Init                                  build/stm32h7xx_ll_fmc.o
FMC_NORSRAM_Timing_Init                           build/stm32h7xx_ll_fmc.o
FMC_NORSRAM_WriteOperation_Disable                build/stm32h7xx_ll_fmc.o
FMC_NORSRAM_WriteOperation_Enable                 build/stm32h7xx_ll_fmc.o
FMC_SDRAM_DeInit                                  build/stm32h7xx_ll_fmc.o
                                                  build/stm32h7xx_hal_sdram.o
FMC_SDRAM_GetModeStatus                           build/stm32h7xx_ll_fmc.o
                                                  build/stm32h7xx_hal_sdram.o
FMC_SDRAM_Init                                    build/stm32h7xx_ll_fmc.o
                                                  build/stm32h7xx_hal_sdram.o
FMC_SDRAM_ProgramRefreshRate                      build/stm32h7xx_ll_fmc.o
                                                  build/stm32h7xx_hal_sdram.o
FMC_SDRAM_SendCommand                             build/stm32h7xx_ll_fmc.o
                                                  build/stm32h7xx_hal_sdram.o
FMC_SDRAM_SetAutoRefreshNumber                    build/stm32h7xx_ll_fmc.o
                                                  build/stm32h7xx_hal_sdram.o
FMC_SDRAM_Timing_Init                             build/stm32h7xx_ll_fmc.o
                                                  build/stm32h7xx_hal_sdram.o
FMC_SDRAM_WriteProtection_Disable                 build/stm32h7xx_ll_fmc.o
                                                  build/stm32h7xx_hal_sdram.o
FMC_SDRAM_WriteProtection_Enable                  build/stm32h7xx_ll_fmc.o
                                                  build/stm32h7xx_hal_sdram.o
FPU_IRQHandler                                    build/startup_stm32h743xx.o
Font12                                            build/lcd_fonts.o
                                                  build/lcd_test.o
                                                  build/lcd_rgb.o
Font16                                            build/lcd_fonts.o
                                                  build/lcd_test.o
                                                  build/lcd_rgb.o
Font20                                            build/lcd_fonts.o
                                                  build/lcd_test.o
                                                  build/lcd_rgb.o
Font24                                            build/lcd_fonts.o
                                                  build/ltdc.o
                                                  build/lcd_test.o
                                                  build/lcd_rgb.o
Font32                                            build/lcd_fonts.o
                                                  build/lcd_test.o
                                                  build/lcd_rgb.o
HAL_DBGMCU_DisableDBGSleepMode                    build/stm32h7xx_hal.o
HAL_DBGMCU_DisableDBGStandbyMode                  build/stm32h7xx_hal.o
HAL_DBGMCU_DisableDBGStopMode                     build/stm32h7xx_hal.o
HAL_DBGMCU_EnableDBGSleepMode                     build/stm32h7xx_hal.o
HAL_DBGMCU_EnableDBGStandbyMode                   build/stm32h7xx_hal.o
HAL_DBGMCU_EnableDBGStopMode                      build/stm32h7xx_hal.o
HAL_DMA2D_Abort                                   build/stm32h7xx_hal_dma2d.o
HAL_DMA2D_BlendingStart                           build/stm32h7xx_hal_dma2d.o
HAL_DMA2D_BlendingStart_IT                        build/stm32h7xx_hal_dma2d.o