Archive member included to satisfy reference by file (symbol)

c:/tools/gcc-arm-none-eabi/bin/../lib/gcc/arm-none-eabi/10.3.1/../../../../arm-none-eabi/lib/thumb/v7e-m+dp/hard\libc_nano.a(lib_a-exit.o)
                              c:/tools/gcc-arm-none-eabi/bin/../lib/gcc/arm-none-eabi/10.3.1/../../../../arm-none-eabi/lib/thumb/v7e-m+dp/hard/crt0.o (exit)
c:/tools/gcc-arm-none-eabi/bin/../lib/gcc/arm-none-eabi/10.3.1/../../../../arm-none-eabi/lib/thumb/v7e-m+dp/hard\libc_nano.a(lib_a-impure.o)
                              c:/tools/gcc-arm-none-eabi/bin/../lib/gcc/arm-none-eabi/10.3.1/../../../../arm-none-eabi/lib/thumb/v7e-m+dp/hard\libc_nano.a(lib_a-exit.o) (_global_impure_ptr)
c:/tools/gcc-arm-none-eabi/bin/../lib/gcc/arm-none-eabi/10.3.1/../../../../arm-none-eabi/lib/thumb/v7e-m+dp/hard\libc_nano.a(lib_a-init.o)
                              c:/tools/gcc-arm-none-eabi/bin/../lib/gcc/arm-none-eabi/10.3.1/../../../../arm-none-eabi/lib/thumb/v7e-m+dp/hard/crt0.o (__libc_init_array)
c:/tools/gcc-arm-none-eabi/bin/../lib/gcc/arm-none-eabi/10.3.1/../../../../arm-none-eabi/lib/thumb/v7e-m+dp/hard\libc_nano.a(lib_a-memset.o)
                              c:/tools/gcc-arm-none-eabi/bin/../lib/gcc/arm-none-eabi/10.3.1/../../../../arm-none-eabi/lib/thumb/v7e-m+dp/hard/crt0.o (memset)
c:/tools/gcc-arm-none-eabi/bin/../lib/gcc/arm-none-eabi/10.3.1/../../../../arm-none-eabi/lib/thumb/v7e-m+dp/hard\libc_nano.a(lib_a-puts.o)
                              build/KD024VGFPD094.o (puts)
c:/tools/gcc-arm-none-eabi/bin/../lib/gcc/arm-none-eabi/10.3.1/../../../../arm-none-eabi/lib/thumb/v7e-m+dp/hard\libc_nano.a(lib_a-wbuf.o)
                              c:/tools/gcc-arm-none-eabi/bin/../lib/gcc/arm-none-eabi/10.3.1/../../../../arm-none-eabi/lib/thumb/v7e-m+dp/hard\libc_nano.a(lib_a-puts.o) (__swbuf_r)
c:/tools/gcc-arm-none-eabi/bin/../lib/gcc/arm-none-eabi/10.3.1/../../../../arm-none-eabi/lib/thumb/v7e-m+dp/hard\libc_nano.a(lib_a-wsetup.o)
                              c:/tools/gcc-arm-none-eabi/bin/../lib/gcc/arm-none-eabi/10.3.1/../../../../arm-none-eabi/lib/thumb/v7e-m+dp/hard\libc_nano.a(lib_a-puts.o) (__swsetup_r)
c:/tools/gcc-arm-none-eabi/bin/../lib/gcc/arm-none-eabi/10.3.1/../../../../arm-none-eabi/lib/thumb/v7e-m+dp/hard\libc_nano.a(lib_a-fflush.o)
                              c:/tools/gcc-arm-none-eabi/bin/../lib/gcc/arm-none-eabi/10.3.1/../../../../arm-none-eabi/lib/thumb/v7e-m+dp/hard\libc_nano.a(lib_a-wbuf.o) (_fflush_r)
c:/tools/gcc-arm-none-eabi/bin/../lib/gcc/arm-none-eabi/10.3.1/../../../../arm-none-eabi/lib/thumb/v7e-m+dp/hard\libc_nano.a(lib_a-findfp.o)
                              c:/tools/gcc-arm-none-eabi/bin/../lib/gcc/arm-none-eabi/10.3.1/../../../../arm-none-eabi/lib/thumb/v7e-m+dp/hard\libc_nano.a(lib_a-puts.o) (__sinit)
c:/tools/gcc-arm-none-eabi/bin/../lib/gcc/arm-none-eabi/10.3.1/../../../../arm-none-eabi/lib/thumb/v7e-m+dp/hard\libc_nano.a(lib_a-fwalk.o)
                              c:/tools/gcc-arm-none-eabi/bin/../lib/gcc/arm-none-eabi/10.3.1/../../../../arm-none-eabi/lib/thumb/v7e-m+dp/hard\libc_nano.a(lib_a-findfp.o) (_fwalk)
c:/tools/gcc-arm-none-eabi/bin/../lib/gcc/arm-none-eabi/10.3.1/../../../../arm-none-eabi/lib/thumb/v7e-m+dp/hard\libc_nano.a(lib_a-lock.o)
                              c:/tools/gcc-arm-none-eabi/bin/../lib/gcc/arm-none-eabi/10.3.1/../../../../arm-none-eabi/lib/thumb/v7e-m+dp/hard\libc_nano.a(lib_a-findfp.o) (__retarget_lock_init_recursive)
c:/tools/gcc-arm-none-eabi/bin/../lib/gcc/arm-none-eabi/10.3.1/../../../../arm-none-eabi/lib/thumb/v7e-m+dp/hard\libc_nano.a(lib_a-makebuf.o)
                              c:/tools/gcc-arm-none-eabi/bin/../lib/gcc/arm-none-eabi/10.3.1/../../../../arm-none-eabi/lib/thumb/v7e-m+dp/hard\libc_nano.a(lib_a-wsetup.o) (__smakebuf_r)
c:/tools/gcc-arm-none-eabi/bin/../lib/gcc/arm-none-eabi/10.3.1/../../../../arm-none-eabi/lib/thumb/v7e-m+dp/hard\libc_nano.a(lib_a-nano-freer.o)
                              c:/tools/gcc-arm-none-eabi/bin/../lib/gcc/arm-none-eabi/10.3.1/../../../../arm-none-eabi/lib/thumb/v7e-m+dp/hard\libc_nano.a(lib_a-wsetup.o) (_free_r)
c:/tools/gcc-arm-none-eabi/bin/../lib/gcc/arm-none-eabi/10.3.1/../../../../arm-none-eabi/lib/thumb/v7e-m+dp/hard\libc_nano.a(lib_a-nano-mallocr.o)
                              c:/tools/gcc-arm-none-eabi/bin/../lib/gcc/arm-none-eabi/10.3.1/../../../../arm-none-eabi/lib/thumb/v7e-m+dp/hard\libc_nano.a(lib_a-findfp.o) (_malloc_r)
c:/tools/gcc-arm-none-eabi/bin/../lib/gcc/arm-none-eabi/10.3.1/../../../../arm-none-eabi/lib/thumb/v7e-m+dp/hard\libc_nano.a(lib_a-sbrkr.o)
                              c:/tools/gcc-arm-none-eabi/bin/../lib/gcc/arm-none-eabi/10.3.1/../../../../arm-none-eabi/lib/thumb/v7e-m+dp/hard\libc_nano.a(lib_a-nano-mallocr.o) (_sbrk_r)
c:/tools/gcc-arm-none-eabi/bin/../lib/gcc/arm-none-eabi/10.3.1/../../../../arm-none-eabi/lib/thumb/v7e-m+dp/hard\libc_nano.a(lib_a-stdio.o)
[...]
Memory Configuration

Name             Origin             Length             Attributes
DTCMRAM          0x20000000         0x00020000         xrw
RAM_D1           0x24000000         0x00080000         xrw
RAM_D2           0x30000000         0x00048000         xrw
RAM_D3           0x38000000         0x00010000         xrw
ITCMRAM          0x00000000         0x00010000         xrw
FLASH            0x08000000         0x00200000         xr
*default*        0x00000000         0xffffffff

Linker script and memory map

LOAD c:/tools/gcc-arm-none-eabi/bin/../lib/gcc/arm-none-eabi/10.3.1/thumb/v7e-m+dp/hard/crti.o
LOAD c:/tools/gcc-arm-none-eabi/bin/../lib/gcc/arm-none-eabi/10.3.1/thumb/v7e-m+dp/hard/crtbegin.o
LOAD c:/tools/gcc-arm-none-eabi/bin/../lib/gcc/arm-none-eabi/10.3.1/../../../../arm-none-eabi/lib/thumb/v7e-m+dp/hard/crt0.o
LOAD build/KD024VGFPD094.o
LOAD build/gpio.o
LOAD build/main.o
LOAD build/stm32h7xx_hal_msp.o
LOAD build/stm32h7xx_it.o
LOAD build/system_stm32h7xx.o
LOAD build/usart.o
LOAD build/stm32h7xx_hal.o
LOAD build/stm32h7xx_hal_cortex.o
LOAD build/stm32h7xx_hal_dma.o
LOAD build/stm32h7xx_hal_dma_ex.o
LOAD build/stm32h7xx_hal_exti.o
LOAD build/stm32h7xx_hal_flash.o
LOAD build/stm32h7xx_hal_flash_ex.o
LOAD build/stm32h7xx_hal_gpio.o
LOAD build/stm32h7xx_hal_hsem.o
LOAD build/stm32h7xx_hal_i2c.o
LOAD build/stm32h7xx_hal_i2c_ex.o
LOAD build/stm32h7xx_hal_mdma.o
LOAD build/stm32h7xx_hal_pwr.o
LOAD build/stm32h7xx_hal_pwr_ex.o
LOAD build/stm32h7xx_hal_rcc.o
LOAD build/stm32h7xx_hal_rcc_ex.o
LOAD build/stm32h7xx_hal_tim.o
LOAD build/stm32h7xx_hal_tim_ex.o
LOAD build/stm32h7xx_hal_uart.o
LOAD build/stm32h7xx_hal_uart_ex.o
LOAD build/startup_stm32h743xx.o
LOAD c:/tools/gcc-arm-none-eabi/bin/../lib/gcc/arm-none-eabi/10.3.1/../../../../arm-none-eabi/lib/thumb/v7e-m+dp/hard\libc_nano.a
LOAD c:/tools/gcc-arm-none-eabi/bin/../lib/gcc/arm-none-eabi/10.3.1/../../../../arm-none-eabi/lib/thumb/v7e-m+dp/hard\libm.a
LOAD c:/tools/gcc-arm-none-eabi/bin/../lib/gcc/arm-none-eabi/10.3.1/../../../../arm-none-eabi/lib/thumb/v7e-m+dp/hard\libnosys.a
START GROUP
LOAD c:/tools/gcc-arm-none-eabi/bin/../lib/gcc/arm-none-eabi/10.3.1/thumb/v7e-m+dp/hard\libgcc.a
LOAD c:/tools/gcc-arm-none-eabi/bin/../lib/gcc/arm-none-eabi/10.3.1/../../../../arm-none-eabi/lib/thumb/v7e-m+dp/hard\libc_nano.a
END GROUP
START GROUP
LOAD c:/tools/gcc-arm-none-eabi/bin/../lib/gcc/arm-none-eabi/10.3.1/thumb/v7e-m+dp/hard\libgcc.a
LOAD c:/tools/gcc-arm-none-eabi/bin/../lib/gcc/arm-none-eabi/10.3.1/../../../../arm-none-eabi/lib/thumb/v7e-m+dp/hard\libc_nano.a
END GROUP
LOAD c:/tools/gcc-arm-none-eabi/bin/../lib/gcc/arm-none-eabi/10.3.1/thumb/v7e-m+dp/hard/crtend.o
LOAD c:/tools/gcc-arm-none-eabi/bin/../lib/gcc/arm-none-eabi/10.3.1/thumb/v7e-m+dp/hard/crtn.o
                0x20020000                _estack = (ORIGIN (DTCMRAM) + LENGTH (DTCMRAM))
                0x00000200                _Min_Heap_Size = 0x200
                0x00000400                _Min_Stack_Size = 0x400

.isr_vector     0x08000000      0x298
                0x08000000                . = ALIGN (0x4)
 *(.isr_vector)
 .isr_vector    0x08000000      0x298 build/startup_stm32h743xx.o
                0x08000000                g_pfnVectors
                0x08000298                . = ALIGN (0x4)

.text           0x08000298     0x4fc4
                0x08000298                . = ALIGN (0x4)
 *(.text)
 .text          0x08000298       0x40 c:/tools/gcc-arm-none-eabi/bin/../lib/gcc/arm-none-eabi/10.3.1/thumb/v7e-m+dp/hard/crtbegin.o
 .text          0x080002d8       0x30 c:/tools/gcc-arm-none-eabi/bin/../lib/gcc/arm-none-eabi/10.3.1/thumb/v7e-m+dp/hard\libgcc.a(_aeabi_uldivmod.o)
                0x080002d8                __aeabi_uldivmod
 .text          0x08000308      0x2d0 c:/tools/gcc-arm-none-eabi/bin/../lib/gcc/arm-none-eabi/10.3.1/thumb/v7e-m+dp/hard\libgcc.a(_udivmoddi4.o)
                0x08000308                __udivmoddi4
 .text          0x080005d8        0x4 c:/tools/gcc-arm-none-eabi/bin/../lib/gcc/arm-none-eabi/10.3.1/thumb/v7e-m+dp/hard\libgcc.a(_dvmd_tls.o)
                0x080005d8                __aeabi_idiv0
                0x080005d8                __aeabi_ldiv0
 *(.text*)
 .text.write_command
                0x080005dc       0x80 build/KD024VGFPD094.o
                0x080005dc                write_command
 .text.write_data
                0x0800065c       0x80 build/KD024VGFPD094.o
                0x0800065c                write_data
 .text.KD024VGFPD094_init
                0x080006dc      0x5e8 build/KD024VGFPD094.o
                0x080006dc                KD024VGFPD094_init
 .text.MX_GPIO_Init
                0x08000cc4      0x100 build/gpio.o
                0x08000cc4                MX_GPIO_Init
 .text._write   0x08000dc4       0x18 build/main.o
                0x08000dc4                _write
 .text.delay_us
                0x08000ddc       0x28 build/main.o
                0x08000ddc                delay_us
 .text.Error_Handler
                0x08000e04        0x4 build/main.o
                0x08000e04                Error_Handler
 .text.SystemClock_Config
                0x08000e08      0x114 build/main.o
                0x08000e08                SystemClock_Config
 .text.main     0x08000f1c       0x98 build/main.o
                0x08000f1c                main
 .text.HAL_MspInit
                0x08000fb4       0x24 build/stm32h7xx_hal_msp.o
                0x08000fb4                HAL_MspInit
 .text.NMI_Handler
                0x08000fd8        0x2 build/stm32h7xx_it.o
                0x08000fd8                NMI_Handler
 .text.HardFault_Handler
                0x08000fda        0x2 build/stm32h7xx_it.o
                0x08000fda                HardFault_Handler
 .text.MemManage_Handler
                0x08000fdc        0x2 build/stm32h7xx_it.o
                0x08000fdc                MemManage_Handler
 .text.BusFault_Handler
                0x08000fde        0x2 build/stm32h7xx_it.o
                0x08000fde                BusFault_Handler
 .text.UsageFault_Handler
                0x08000fe0        0x2 build/stm32h7xx_it.o
                0x08000fe0                UsageFault_Handler
 .text.SVC_Handler
                0x08000fe2        0x2 build/stm32h7xx_it.o
                0x08000fe2                SVC_Handler
 .text.DebugMon_Handler
                0x08000fe4        0x2 build/stm32h7xx_it.o
                0x08000fe4                DebugMon_Handler
 .text.PendSV_Handler
                0x08000fe6        0x2 build/stm32h7xx_it.o
                0x08000fe6                PendSV_Handler
 .text.SysTick_Handler
                0x08000fe8        0x8 build/stm32h7xx_it.o
                0x08000fe8                SysTick_Handler
 .text.USART1_IRQHandler
                0x08000ff0       0x10 build/stm32h7xx_it.o
                0x08000ff0                USART1_IRQHandler
 .text.SystemInit
                0x08001000       0xcc build/system_stm32h7xx.o
                0x08001000                SystemInit
 .text.MX_USART1_UART_Init
                0x080010cc       0x68 build/usart.o
                0x080010cc                MX_USART1_UART_Init
 .text.HAL_UART_MspInit
                0x08001134       0xa8 build/usart.o
                0x08001134                HAL_UART_MspInit
 .text.HAL_InitTick
                0x080011dc       0x50 build/stm32h7xx_hal.o
                0x080011dc                HAL_InitTick
 .text.HAL_Init
                0x0800122c       0x5c build/stm32h7xx_hal.o
                0x0800122c                HAL_Init
 .text.HAL_IncTick
                0x08001288       0x18 build/stm32h7xx_hal.o
                0x08001288                HAL_IncTick
 .text.HAL_GetTick
                0x080012a0        0xc build/stm32h7xx_hal.o
                0x080012a0                HAL_GetTick
 .text.HAL_Delay
                0x080012ac       0x28 build/stm32h7xx_hal.o
                0x080012ac                HAL_Delay
 .text.HAL_GetREVID
                0x080012d4        0xc build/stm32h7xx_hal.o
                0x080012d4                HAL_GetREVID
 .text.HAL_NVIC_SetPriorityGrouping
                0x080012e0       0x24 build/stm32h7xx_hal_cortex.o
                0x080012e0                HAL_NVIC_SetPriorityGrouping
 .text.HAL_NVIC_SetPriority
                0x08001304       0x6c build/stm32h7xx_hal_cortex.o
                0x08001304                HAL_NVIC_SetPriority
 .text.HAL_NVIC_EnableIRQ
                0x08001370       0x1c build/stm32h7xx_hal_cortex.o
                0x08001370                HAL_NVIC_EnableIRQ
 .text.HAL_SYSTICK_Config
                0x0800138c       0x28 build/stm32h7xx_hal_cortex.o
                0x0800138c                HAL_SYSTICK_Config
 .text.HAL_DMA_Abort
                0x080013b4      0x340 build/stm32h7xx_hal_dma.o
                0x080013b4                HAL_DMA_Abort
 .text.HAL_DMA_Abort_IT
                0x080016f4      0x270 build/stm32h7xx_hal_dma.o
                0x080016f4                HAL_DMA_Abort_IT
 .text.HAL_GPIO_Init
                0x08001964      0x220 build/stm32h7xx_hal_gpio.o
                0x08001964                HAL_GPIO_Init
 .text.HAL_GPIO_WritePin
                0x08001b84        0xc build/stm32h7xx_hal_gpio.o
                0x08001b84                HAL_GPIO_WritePin
 .text.HAL_PWREx_ConfigSupply
                0x08001b90       0x54 build/stm32h7xx_hal_pwr_ex.o
                0x08001b90                HAL_PWREx_ConfigSupply
 .text.HAL_RCC_OscConfig
                0x08001be4      0x6b4 build/stm32h7xx_hal_rcc.o
                0x08001be4                HAL_RCC_OscConfig
 .text.HAL_RCC_GetSysClockFreq
                0x08002298      0x1f4 build/stm32h7xx_hal_rcc.o
                0x08002298                HAL_RCC_GetSysClockFreq
 .text.HAL_RCC_ClockConfig
                0x0800248c      0x294 build/stm32h7xx_hal_rcc.o
                0x0800248c                HAL_RCC_ClockConfig
 .text.HAL_RCC_GetHCLKFreq
                0x08002720       0x44 build/stm32h7xx_hal_rcc.o
                0x08002720                HAL_RCC_GetHCLKFreq
 .text.HAL_RCC_GetPCLK1Freq
                0x08002764       0x24 build/stm32h7xx_hal_rcc.o
                0x08002764                HAL_RCC_GetPCLK1Freq
 .text.HAL_RCC_GetPCLK2Freq
                0x08002788       0x24 build/stm32h7xx_hal_rcc.o
                0x08002788                HAL_RCC_GetPCLK2Freq
 .text.RCCEx_PLL2_Config
                0x080027ac      0x10c build/stm32h7xx_hal_rcc_ex.o
 .text.RCCEx_PLL3_Config
                0x080028b8      0x10c build/stm32h7xx_hal_rcc_ex.o
 .text.HAL_RCCEx_PeriphCLKConfig
                0x080029c4      0xa8c build/stm32h7xx_hal_rcc_ex.o
                0x080029c4                HAL_RCCEx_PeriphCLKConfig
 .text.HAL_RCCEx_GetD3PCLK1Freq
                0x08003450       0x24 build/stm32h7xx_hal_rcc_ex.o
                0x08003450                HAL_RCCEx_GetD3PCLK1Freq
 .text.HAL_RCCEx_GetPLL2ClockFreq
                0x08003474      0x1f8 build/stm32h7xx_hal_rcc_ex.o
                0x08003474                HAL_RCCEx_GetPLL2ClockFreq
 .text.HAL_RCCEx_GetPLL3ClockFreq
                0x0800366c      0x1f8 build/stm32h7xx_hal_rcc_ex.o
                0x0800366c                HAL_RCCEx_GetPLL3ClockFreq
 .text.UART_EndRxTransfer
                0x08003864       0x58 build/stm32h7xx_hal_uart.o
 .text.HAL_UART_TxCpltCallback
                0x080038bc        0x2 build/stm32h7xx_hal_uart.o
                0x080038bc                HAL_UART_TxCpltCallback
 .text.UART_EndTransmit_IT
                0x080038be       0x24 build/stm32h7xx_hal_uart.o
 .text.HAL_UART_ErrorCallback
                0x080038e2        0x2 build/stm32h7xx_hal_uart.o
                0x080038e2                HAL_UART_ErrorCallback
 .text.UART_DMAAbortOnError
                0x080038e4       0x14 build/stm32h7xx_hal_uart.o
 .text.HAL_UARTEx_RxEventCallback
                0x080038f8        0x2 build/stm32h7xx_hal_uart.o
                0x080038f8                HAL_UARTEx_RxEventCallback
 *fill*         0x080038fa        0x2 
 .text.HAL_UART_IRQHandler
                0x080038fc      0x3b8 build/stm32h7xx_hal_uart.o
                0x080038fc                HAL_UART_IRQHandler
 .text.UART_SetConfig
                0x08003cb4      0x5f4 build/stm32h7xx_hal_uart.o
                0x08003cb4                UART_SetConfig
 .text.UART_AdvFeatureConfig
                0x080042a8       0xca build/stm32h7xx_hal_uart.o
                0x080042a8                UART_AdvFeatureConfig
 .text.UART_WaitOnFlagUntilTimeout
                0x08004372       0x9a build/stm32h7xx_hal_uart.o
                0x08004372                UART_WaitOnFlagUntilTimeout
 .text.HAL_UART_Transmit
                0x0800440c       0xd0 build/stm32h7xx_hal_uart.o
                0x0800440c                HAL_UART_Transmit
 .text.UART_CheckIdleState
                0x080044dc       0xca build/stm32h7xx_hal_uart.o
                0x080044dc                UART_CheckIdleState
 .text.HAL_UART_Init
                0x080045a6       0x66 build/stm32h7xx_hal_uart.o
                0x080045a6                HAL_UART_Init
 .text.UARTEx_SetNbDataToProcess
                0x0800460c       0x4c build/stm32h7xx_hal_uart_ex.o
 .text.HAL_UARTEx_WakeupCallback
                0x08004658        0x2 build/stm32h7xx_hal_uart_ex.o
                0x08004658                HAL_UARTEx_WakeupCallback
 .text.HAL_UARTEx_RxFifoFullCallback
                0x0800465a        0x2 build/stm32h7xx_hal_uart_ex.o
                0x0800465a                HAL_UARTEx_RxFifoFullCallback
 .text.HAL_UARTEx_TxFifoEmptyCallback
                0x0800465c        0x2 build/stm32h7xx_hal_uart_ex.o
                0x0800465c                HAL_UARTEx_TxFifoEmptyCallback
 .text.HAL_UARTEx_DisableFifoMode
                0x0800465e       0x3e build/stm32h7xx_hal_uart_ex.o
                0x0800465e                HAL_UARTEx_DisableFifoMode
 .text.HAL_UARTEx_SetTxFifoThreshold
                0x0800469c       0x4a build/stm32h7xx_hal_uart_ex.o
                0x0800469c                HAL_UARTEx_SetTxFifoThreshold
 .text.HAL_UARTEx_SetRxFifoThreshold
                0x080046e6       0x4a build/stm32h7xx_hal_uart_ex.o
                0x080046e6                HAL_UARTEx_SetRxFifoThreshold
 .text.Reset_Handler
                0x08004730       0x50 build/startup_stm32h743xx.o
                0x08004730                Reset_Handler
 .text.Default_Handler
                0x08004780        0x2 build/startup_stm32h743xx.o
                0x08004780                RTC_Alarm_IRQHandler
                0x08004780                EXTI2_IRQHandler
                0x08004780                TIM8_CC_IRQHandler
                0x08004780                HRTIM1_Master_IRQHandler
                0x08004780                UART8_IRQHandler
                0x08004780                SPI4_IRQHandler
                0x08004780                TIM1_CC_IRQHandler
                0x08004780                BDMA_Channel6_IRQHandler
                0x08004780                DMA2_Stream5_IRQHandler
                0x08004780                HRTIM1_FLT_IRQHandler
                0x08004780                JPEG_IRQHandler
                0x08004780                DMA1_Stream5_IRQHandler
                0x08004780                BDMA_Channel1_IRQHandler
                0x08004780                HRTIM1_TIMD_IRQHandler
                0x08004780                TAMP_STAMP_IRQHandler
                0x08004780                EXTI3_IRQHandler
                0x08004780                LPTIM4_IRQHandler
                0x08004780                TIM8_TRG_COM_TIM14_IRQHandler
                0x08004780                LPTIM2_IRQHandler
                0x08004780                DFSDM1_FLT1_IRQHandler
                0x08004780                DMAMUX2_OVR_IRQHandler
                0x08004780                TIM8_UP_TIM13_IRQHandler
                0x08004780                I2C3_ER_IRQHandler
                0x08004780                DFSDM1_FLT2_IRQHandler
                0x08004780                MDMA_IRQHandler
                0x08004780                LPTIM3_IRQHandler
                0x08004780                HSEM1_IRQHandler
                0x08004780                EXTI0_IRQHandler
                0x08004780                I2C2_EV_IRQHandler
                0x08004780                DMA1_Stream2_IRQHandler
                0x08004780                FPU_IRQHandler
                0x08004780                OTG_HS_WKUP_IRQHandler
                0x08004780                FDCAN1_IT1_IRQHandler
                0x08004780                LTDC_ER_IRQHandler
                0x08004780                DMA2_Stream2_IRQHandler
                0x08004780                HRTIM1_TIME_IRQHandler
                0x08004780                SPI1_IRQHandler
                0x08004780                TIM6_DAC_IRQHandler
                0x08004780                DCMI_IRQHandler
                0x08004780                HRTIM1_TIMC_IRQHandler
                0x08004780                DMA2_Stream3_IRQHandler
                0x08004780                SAI2_IRQHandler
                0x08004780                DFSDM1_FLT3_IRQHandler
                0x08004780                USART6_IRQHandler
                0x08004780                TIM17_IRQHandler
                0x08004780                USART3_IRQHandler
                0x08004780                BDMA_Channel7_IRQHandler
                0x08004780                LPTIM5_IRQHandler
                0x08004780                UART5_IRQHandler
                0x08004780                ADC3_IRQHandler
                0x08004780                DMA2_Stream0_IRQHandler
                0x08004780                TIM4_IRQHandler
                0x08004780                BDMA_Channel2_IRQHandler
                0x08004780                QUADSPI_IRQHandler
                0x08004780                I2C1_EV_IRQHandler
                0x08004780                DMA1_Stream6_IRQHandler
                0x08004780                DMAMUX1_OVR_IRQHandler
                0x08004780                DMA1_Stream1_IRQHandler
                0x08004780                TIM16_IRQHandler
                0x08004780                UART4_IRQHandler
                0x08004780                BDMA_Channel5_IRQHandler
                0x08004780                TIM3_IRQHandler
                0x08004780                RCC_IRQHandler
                0x08004780                TIM8_BRK_TIM12_IRQHandler
                0x08004780                TIM1_TRG_COM_IRQHandler
                0x08004780                Default_Handler
                0x08004780                ECC_IRQHandler
                0x08004780                CEC_IRQHandler
                0x08004780                EXTI15_10_IRQHandler
                0x08004780                BDMA_Channel0_IRQHandler
                0x08004780                ADC_IRQHandler
                0x08004780                DMA1_Stream7_IRQHandler
                0x08004780                HRTIM1_TIMA_IRQHandler
                0x08004780                SPI5_IRQHandler
                0x08004780                TIM7_IRQHandler
                0x08004780                SDMMC1_IRQHandler
                0x08004780                TIM5_IRQHandler
                0x08004780                DMA2_Stream7_IRQHandler
                0x08004780                TIM15_IRQHandler
                0x08004780                PVD_AVD_IRQHandler
                0x08004780                I2C3_EV_IRQHandler
                0x08004780                EXTI9_5_IRQHandler
                0x08004780                RTC_WKUP_IRQHandler
                0x08004780                LTDC_IRQHandler
                0x08004780                SAI3_IRQHandler
                0x08004780                ETH_WKUP_IRQHandler
                0x08004780                SPDIF_RX_IRQHandler
                0x08004780                SPI2_IRQHandler
                0x08004780                OTG_HS_EP1_IN_IRQHandler
                0x08004780                DMA1_Stream0_IRQHandler
                0x08004780                CRS_IRQHandler
                0x08004780                EXTI4_IRQHandler
                0x08004780                RNG_IRQHandler
                0x08004780                HRTIM1_TIMB_IRQHandler
                0x08004780                FDCAN2_IT1_IRQHandler
                0x08004780                ETH_IRQHandler
                0x08004780                TIM1_UP_IRQHandler
                0x08004780                BDMA_Channel4_IRQHandler
                0x08004780                OTG_HS_EP1_OUT_IRQHandler
                0x08004780                WWDG_IRQHandler
                0x08004780                SPI6_IRQHandler
                0x08004780                MDIOS_IRQHandler
                0x08004780                I2C4_EV_IRQHandler
                0x08004780                FDCAN2_IT0_IRQHandler
                0x08004780                LPUART1_IRQHandler
                0x08004780                FDCAN1_IT0_IRQHandler
                0x08004780                TIM2_IRQHandler
                0x08004780                OTG_FS_WKUP_IRQHandler
                0x08004780                OTG_HS_IRQHandler
                0x08004780                DMA2D_IRQHandler
                0x08004780                TIM1_BRK_IRQHandler
                0x08004780                EXTI1_IRQHandler
                0x08004780                SDMMC2_IRQHandler
                0x08004780                OTG_FS_EP1_OUT_IRQHandler
                0x08004780                BDMA_Channel3_IRQHandler
                0x08004780                UART7_IRQHandler
                0x08004780                MDIOS_WKUP_IRQHandler
                0x08004780                USART2_IRQHandler
                0x08004780                DFSDM1_FLT0_IRQHandler
                0x08004780                SAI4_IRQHandler
                0x08004780                I2C2_ER_IRQHandler
                0x08004780                DMA2_Stream1_IRQHandler
                0x08004780                FLASH_IRQHandler
                0x08004780                DMA2_Stream4_IRQHandler
                0x08004780                OTG_FS_IRQHandler
                0x08004780                SPI3_IRQHandler
                0x08004780                WAKEUP_PIN_IRQHandler
                0x08004780                DMA1_Stream4_IRQHandler
                0x08004780                OTG_FS_EP1_IN_IRQHandler
                0x08004780                I2C1_ER_IRQHandler
                0x08004780                FMC_IRQHandler
                0x08004780                FDCAN_CAL_IRQHandler
                0x08004780                SWPMI1_IRQHandler
                0x08004780                COMP1_IRQHandler
                0x08004780                LPTIM1_IRQHandler
                0x08004780                I2C4_ER_IRQHandler
                0x08004780                DMA2_Stream6_IRQHandler
                0x08004780                SAI1_IRQHandler
                0x08004780                DMA1_Stream3_IRQHandler
 *fill*         0x08004782        0x2 
 .text.__libc_init_array
                0x08004784       0x48 c:/tools/gcc-arm-none-eabi/bin/../lib/gcc/arm-none-eabi/10.3.1/../../../../arm-none-eabi/lib/thumb/v7e-m+dp/hard\libc_nano.a(lib_a-init.o)
                0x08004784                __libc_init_array
 .text.memset   0x080047cc       0x10 c:/tools/gcc-arm-none-eabi/bin/../lib/gcc/arm-none-eabi/10.3.1/../../../../arm-none-eabi/lib/thumb/v7e-m+dp/hard\libc_nano.a(lib_a-memset.o)
                0x080047cc                memset
 .text._puts_r  0x080047dc       0xdc c:/tools/gcc-arm-none-eabi/bin/../lib/gcc/arm-none-eabi/10.3.1/../../../../arm-none-eabi/lib/thumb/v7e-m+dp/hard\libc_nano.a(lib_a-puts.o)
                0x080047dc                _puts_r
 .text.puts     0x080048b8       0x10 c:/tools/gcc-arm-none-eabi/bin/../lib/gcc/arm-none-eabi/10.3.1/../../../../arm-none-eabi/lib/thumb/v7e-m+dp/hard\libc_nano.a(lib_a-puts.o)
                0x080048b8                puts
 .text.__swbuf_r
                0x080048c8       0xa4 c:/tools/gcc-arm-none-eabi/bin/../lib/gcc/arm-none-eabi/10.3.1/../../../../arm-none-eabi/lib/thumb/v7e-m+dp/hard\libc_nano.a(lib_a-wbuf.o)
                0x080048c8                __swbuf_r
 .text.__swsetup_r
                0x0800496c       0xdc c:/tools/gcc-arm-none-eabi/bin/../lib/gcc/arm-none-eabi/10.3.1/../../../../arm-none-eabi/lib/thumb/v7e-m+dp/hard\libc_nano.a(lib_a-wsetup.o)
                0x0800496c                __swsetup_r
 .text.__sflush_r
                0x08004a48      0x10c c:/tools/gcc-arm-none-eabi/bin/../lib/gcc/arm-none-eabi/10.3.1/../../../../arm-none-eabi/lib/thumb/v7e-m+dp/hard\libc_nano.a(lib_a-fflush.o)
                0x08004a48                __sflush_r
 .text._fflush_r
                0x08004b54       0x78 c:/tools/gcc-arm-none-eabi/bin/../lib/gcc/arm-none-eabi/10.3.1/../../../../arm-none-eabi/lib/thumb/v7e-m+dp/hard\libc_nano.a(lib_a-fflush.o)
                0x08004b54                _fflush_r
 .text.std      0x08004bcc       0x48 c:/tools/gcc-arm-none-eabi/bin/../lib/gcc/arm-none-eabi/10.3.1/../../../../arm-none-eabi/lib/thumb/v7e-m+dp/hard\libc_nano.a(lib_a-findfp.o)
 .text._cleanup_r
                0x08004c14        0xc c:/tools/gcc-arm-none-eabi/bin/../lib/gcc/arm-none-eabi/10.3.1/../../../../arm-none-eabi/lib/thumb/v7e-m+dp/hard\libc_nano.a(lib_a-findfp.o)
                0x08004c14                _cleanup_r
 .text.__sfmoreglue
                0x08004c20       0x2c c:/tools/gcc-arm-none-eabi/bin/../lib/gcc/arm-none-eabi/10.3.1/../../../../arm-none-eabi/lib/thumb/v7e-m+dp/hard\libc_nano.a(lib_a-findfp.o)
                0x08004c20                __sfmoreglue
 .text.__sfp_lock_acquire
                0x08004c4c        0xc c:/tools/gcc-arm-none-eabi/bin/../lib/gcc/arm-none-eabi/10.3.1/../../../../arm-none-eabi/lib/thumb/v7e-m+dp/hard\libc_nano.a(lib_a-findfp.o)
                0x08004c4c                __sfp_lock_acquire
 .text.__sfp_lock_release
                0x08004c58        0xc c:/tools/gcc-arm-none-eabi/bin/../lib/gcc/arm-none-eabi/10.3.1/../../../../arm-none-eabi/lib/thumb/v7e-m+dp/hard\libc_nano.a(lib_a-findfp.o)
                0x08004c58                __sfp_lock_release
 .text.__sinit_lock_acquire
                0x08004c64        0xc c:/tools/gcc-arm-none-eabi/bin/../lib/gcc/arm-none-eabi/10.3.1/../../../../arm-none-eabi/lib/thumb/v7e-m+dp/hard\libc_nano.a(lib_a-findfp.o)
                0x08004c64                __sinit_lock_acquire
 .text.__sinit_lock_release
                0x08004c70        0xc c:/tools/gcc-arm-none-eabi/bin/../lib/gcc/arm-none-eabi/10.3.1/../../../../arm-none-eabi/lib/thumb/v7e-m+dp/hard\libc_nano.a(lib_a-findfp.o)
                0x08004c70                __sinit_lock_release
 .text.__sinit  0x08004c7c       0x70 c:/tools/gcc-arm-none-eabi/bin/../lib/gcc/arm-none-eabi/10.3.1/../../../../arm-none-eabi/lib/thumb/v7e-m+dp/hard\libc_nano.a(lib_a-findfp.o)
                0x08004c7c                __sinit
 .text.__sfp    0x08004cec       0x8c c:/tools/gcc-arm-none-eabi/bin/../lib/gcc/arm-none-eabi/10.3.1/../../../../arm-none-eabi/lib/thumb/v7e-m+dp/hard\libc_nano.a(lib_a-findfp.o)
                0x08004cec                __sfp
 .text._fwalk_reent
                0x08004d78       0x3e c:/tools/gcc-arm-none-eabi/bin/../lib/gcc/arm-none-eabi/10.3.1/../../../../arm-none-eabi/lib/thumb/v7e-m+dp/hard\libc_nano.a(lib_a-fwalk.o)
                0x08004d78                _fwalk_reent
 .text.__retarget_lock_init_recursive
                0x08004db6        0x2 c:/tools/gcc-arm-none-eabi/bin/../lib/gcc/arm-none-eabi/10.3.1/../../../../arm-none-eabi/lib/thumb/v7e-m+dp/hard\libc_nano.a(lib_a-lock.o)
                0x08004db6                __retarget_lock_init_recursive
 .text.__retarget_lock_acquire_recursive
                0x08004db8        0x2 c:/tools/gcc-arm-none-eabi/bin/../lib/gcc/arm-none-eabi/10.3.1/../../../../arm-none-eabi/lib/thumb/v7e-m+dp/hard\libc_nano.a(lib_a-lock.o)
                0x08004db8                __retarget_lock_acquire_recursive
 .text.__retarget_lock_release_recursive
                0x08004dba        0x2 c:/tools/gcc-arm-none-eabi/bin/../lib/gcc/arm-none-eabi/10.3.1/../../../../arm-none-eabi/lib/thumb/v7e-m+dp/hard\libc_nano.a(lib_a-lock.o)
                0x08004dba                __retarget_lock_release_recursive
 .text.__swhatbuf_r
                0x08004dbc       0x4a c:/tools/gcc-arm-none-eabi/bin/../lib/gcc/arm-none-eabi/10.3.1/../../../../arm-none-eabi/lib/thumb/v7e-m+dp/hard\libc_nano.a(lib_a-makebuf.o)
                0x08004dbc                __swhatbuf_r
 *fill*         0x08004e06        0x2 
 .text.__smakebuf_r
                0x08004e08       0x80 c:/tools/gcc-arm-none-eabi/bin/../lib/gcc/arm-none-eabi/10.3.1/../../../../arm-none-eabi/lib/thumb/v7e-m+dp/hard\libc_nano.a(lib_a-makebuf.o)
                0x08004e08                __smakebuf_r
 .text._free_r  0x08004e88       0x98 c:/tools/gcc-arm-none-eabi/bin/../lib/gcc/arm-none-eabi/10.3.1/../../../../arm-none-eabi/lib/thumb/v7e-m+dp/hard\libc_nano.a(lib_a-nano-freer.o)
                0x08004e88                _free_r
 .text.sbrk_aligned
                0x08004f20       0x40 c:/tools/gcc-arm-none-eabi/bin/../lib/gcc/arm-none-eabi/10.3.1/../../../../arm-none-eabi/lib/thumb/v7e-m+dp/hard\libc_nano.a(lib_a-nano-mallocr.o)
 .text._malloc_r
                0x08004f60       0xe8 c:/tools/gcc-arm-none-eabi/bin/../lib/gcc/arm-none-eabi/10.3.1/../../../../arm-none-eabi/lib/thumb/v7e-m+dp/hard\libc_nano.a(lib_a-nano-mallocr.o)
                0x08004f60                _malloc_r
 .text._sbrk_r  0x08005048       0x20 c:/tools/gcc-arm-none-eabi/bin/../lib/gcc/arm-none-eabi/10.3.1/../../../../arm-none-eabi/lib/thumb/v7e-m+dp/hard\libc_nano.a(lib_a-sbrkr.o)
                0x08005048                _sbrk_r
 .text.__sread  0x08005068       0x22 c:/tools/gcc-arm-none-eabi/bin/../lib/gcc/arm-none-eabi/10.3.1/../../../../arm-none-eabi/lib/thumb/v7e-m+dp/hard\libc_nano.a(lib_a-stdio.o)
                0x08005068                __sread
 .text.__swrite
                0x0800508a       0x38 c:/tools/gcc-arm-none-eabi/bin/../lib/gcc/arm-none-eabi/10.3.1/../../../../arm-none-eabi/lib/thumb/v7e-m+dp/hard\libc_nano.a(lib_a-stdio.o)
                0x0800508a                __swrite
 .text.__sseek  0x080050c2       0x24 c:/tools/gcc-arm-none-eabi/bin/../lib/gcc/arm-none-eabi/10.3.1/../../../../arm-none-eabi/lib/thumb/v7e-m+dp/hard\libc_nano.a(lib_a-stdio.o)
                0x080050c2                __sseek
 .text.__sclose
                0x080050e6        0x8 c:/tools/gcc-arm-none-eabi/bin/../lib/gcc/arm-none-eabi/10.3.1/../../../../arm-none-eabi/lib/thumb/v7e-m+dp/hard\libc_nano.a(lib_a-stdio.o)
                0x080050e6                __sclose
 *fill*         0x080050ee        0x2 
 .text._write_r
                0x080050f0       0x24 c:/tools/gcc-arm-none-eabi/bin/../lib/gcc/arm-none-eabi/10.3.1/../../../../arm-none-eabi/lib/thumb/v7e-m+dp/hard\libc_nano.a(lib_a-writer.o)
                0x080050f0                _write_r
 .text._close_r
                0x08005114       0x20 c:/tools/gcc-arm-none-eabi/bin/../lib/gcc/arm-none-eabi/10.3.1/../../../../arm-none-eabi/lib/thumb/v7e-m+dp/hard\libc_nano.a(lib_a-closer.o)
                0x08005114                _close_r
 .text._fstat_r
                0x08005134       0x24 c:/tools/gcc-arm-none-eabi/bin/../lib/gcc/arm-none-eabi/10.3.1/../../../../arm-none-eabi/lib/thumb/v7e-m+dp/hard\libc_nano.a(lib_a-fstatr.o)
                0x08005134                _fstat_r
 .text._isatty_r
                0x08005158       0x20 c:/tools/gcc-arm-none-eabi/bin/../lib/gcc/arm-none-eabi/10.3.1/../../../../arm-none-eabi/lib/thumb/v7e-m+dp/hard\libc_nano.a(lib_a-isattyr.o)
                0x08005158                _isatty_r
 .text._lseek_r
                0x08005178       0x24 c:/tools/gcc-arm-none-eabi/bin/../lib/gcc/arm-none-eabi/10.3.1/../../../../arm-none-eabi/lib/thumb/v7e-m+dp/hard\libc_nano.a(lib_a-lseekr.o)
                0x08005178                _lseek_r
 .text.__malloc_lock
                0x0800519c        0xc c:/tools/gcc-arm-none-eabi/bin/../lib/gcc/arm-none-eabi/10.3.1/../../../../arm-none-eabi/lib/thumb/v7e-m+dp/hard\libc_nano.a(lib_a-mlock.o)
                0x0800519c                __malloc_lock
 .text.__malloc_unlock
                0x080051a8        0xc c:/tools/gcc-arm-none-eabi/bin/../lib/gcc/arm-none-eabi/10.3.1/../../../../arm-none-eabi/lib/thumb/v7e-m+dp/hard\libc_nano.a(lib_a-mlock.o)
                0x080051a8                __malloc_unlock
 .text._read_r  0x080051b4       0x24 c:/tools/gcc-arm-none-eabi/bin/../lib/gcc/arm-none-eabi/10.3.1/../../../../arm-none-eabi/lib/thumb/v7e-m+dp/hard\libc_nano.a(lib_a-readr.o)
                0x080051b4                _read_r
 .text._close   0x080051d8       0x10 c:/tools/gcc-arm-none-eabi/bin/../lib/gcc/arm-none-eabi/10.3.1/../../../../arm-none-eabi/lib/thumb/v7e-m+dp/hard\libnosys.a(close.o)
                0x080051d8                _close
 .text._fstat   0x080051e8       0x10 c:/tools/gcc-arm-none-eabi/bin/../lib/gcc/arm-none-eabi/10.3.1/../../../../arm-none-eabi/lib/thumb/v7e-m+dp/hard\libnosys.a(fstat.o)
                0x080051e8                _fstat
 .text._isatty  0x080051f8       0x10 c:/tools/gcc-arm-none-eabi/bin/../lib/gcc/arm-none-eabi/10.3.1/../../../../arm-none-eabi/lib/thumb/v7e-m+dp/hard\libnosys.a(isatty.o)
                0x080051f8                _isatty
 .text._lseek   0x08005208       0x10 c:/tools/gcc-arm-none-eabi/bin/../lib/gcc/arm-none-eabi/10.3.1/../../../../arm-none-eabi/lib/thumb/v7e-m+dp/hard\libnosys.a(lseek.o)
                0x08005208                _lseek
 .text._read    0x08005218       0x10 c:/tools/gcc-arm-none-eabi/bin/../lib/gcc/arm-none-eabi/10.3.1/../../../../arm-none-eabi/lib/thumb/v7e-m+dp/hard\libnosys.a(read.o)
                0x08005218                _read
 .text._sbrk    0x08005228       0x1c c:/tools/gcc-arm-none-eabi/bin/../lib/gcc/arm-none-eabi/10.3.1/../../../../arm-none-eabi/lib/thumb/v7e-m+dp/hard\libnosys.a(sbrk.o)
                0x08005228                _sbrk
 *(.glue_7)
 .glue_7        0x08005244        0x0 linker stubs
 *(.glue_7t)
 .glue_7t       0x08005244        0x0 linker stubs
 *(.eh_frame)
 .eh_frame      0x08005244        0x0 c:/tools/gcc-arm-none-eabi/bin/../lib/gcc/arm-none-eabi/10.3.1/thumb/v7e-m+dp/hard/crtbegin.o
 *(.init)
 .init          0x08005244        0x4 c:/tools/gcc-arm-none-eabi/bin/../lib/gcc/arm-none-eabi/10.3.1/thumb/v7e-m+dp/hard/crti.o
                0x08005244                _init
 .init          0x08005248        0x8 c:/tools/gcc-arm-none-eabi/bin/../lib/gcc/arm-none-eabi/10.3.1/thumb/v7e-m+dp/hard/crtn.o
 *(.fini)
 .fini          0x08005250        0x4 c:/tools/gcc-arm-none-eabi/bin/../lib/gcc/arm-none-eabi/10.3.1/thumb/v7e-m+dp/hard/crti.o
                0x08005250                _fini
 .fini          0x08005254        0x8 c:/tools/gcc-arm-none-eabi/bin/../lib/gcc/arm-none-eabi/10.3.1/thumb/v7e-m+dp/hard/crtn.o
                0x0800525c                . = ALIGN (0x4)
                0x0800525c                _etext = .

.vfp11_veneer   0x0800525c        0x0
 .vfp11_veneer  0x0800525c        0x0 linker stubs

.v4_bx          0x0800525c        0x0
 .v4_bx         0x0800525c        0x0 linker stubs

.iplt           0x0800525c        0x0
 .iplt          0x0800525c        0x0 c:/tools/gcc-arm-none-eabi/bin/../lib/gcc/arm-none-eabi/10.3.1/thumb/v7e-m+dp/hard/crtbegin.o

.rodata         0x0800525c       0xac
                0x0800525c                . = ALIGN (0x4)
 *(.rodata)
 *(.rodata*)
 .rodata.KD024VGFPD094_init.str1.4
                0x0800525c        0xe build/KD024VGFPD094.o
 .rodata.main.str1.4
                0x0800526a        0xe build/main.o
 *fill*         0x0800526a        0x2 
 .rodata.D1CorePrescTable
                0x0800526c       0x10 build/system_stm32h7xx.o
                0x0800526c                D1CorePrescTable
 .rodata.UARTPrescTable
                0x0800527c       0x18 build/stm32h7xx_hal_uart.o
                0x0800527c                UARTPrescTable
 .rodata.denominator.0
                0x08005294        0x8 build/stm32h7xx_hal_uart_ex.o
 .rodata.numerator.1
                0x0800529c        0x8 build/stm32h7xx_hal_uart_ex.o
 .rodata._global_impure_ptr
                0x080052a4        0x4 c:/tools/gcc-arm-none-eabi/bin/../lib/gcc/arm-none-eabi/10.3.1/../../../../arm-none-eabi/lib/thumb/v7e-m+dp/hard\libc_nano.a(lib_a-impure.o)
                0x080052a4                _global_impure_ptr
 .rodata.__sf_fake_stderr
                0x080052a8       0x20 c:/tools/gcc-arm-none-eabi/bin/../lib/gcc/arm-none-eabi/10.3.1/../../../../arm-none-eabi/lib/thumb/v7e-m+dp/hard\libc_nano.a(lib_a-findfp.o)
                0x080052a8                __sf_fake_stderr
 .rodata.__sf_fake_stdin
                0x080052c8       0x20 c:/tools/gcc-arm-none-eabi/bin/../lib/gcc/arm-none-eabi/10.3.1/../../../../arm-none-eabi/lib/thumb/v7e-m+dp/hard\libc_nano.a(lib_a-findfp.o)
                0x080052c8                __sf_fake_stdin
 .rodata.__sf_fake_stdout
                0x080052e8       0x20 c:/tools/gcc-arm-none-eabi/bin/../lib/gcc/arm-none-eabi/10.3.1/../../../../arm-none-eabi/lib/thumb/v7e-m+dp/hard\libc_nano.a(lib_a-findfp.o)
                0x080052e8                __sf_fake_stdout
                0x08005308                . = ALIGN (0x4)

.ARM.extab
 *(.ARM.extab* .gnu.linkonce.armextab.*)

.ARM            0x08005308        0x8
                0x08005308                __exidx_start = .
 *(.ARM.exidx*)
 .ARM.exidx     0x08005308        0x8 c:/tools/gcc-arm-none-eabi/bin/../lib/gcc/arm-none-eabi/10.3.1/thumb/v7e-m+dp/hard\libgcc.a(_udivmoddi4.o)
                0x08005310                __exidx_end = .

.rel.dyn        0x08005310        0x0
 .rel.iplt      0x08005310        0x0 c:/tools/gcc-arm-none-eabi/bin/../lib/gcc/arm-none-eabi/10.3.1/thumb/v7e-m+dp/hard/crtbegin.o

.preinit_array  0x08005310        0x0
                0x08005310                PROVIDE (__preinit_array_start = .)
 *(.preinit_array*)
                0x08005310                PROVIDE (__preinit_array_end = .)

.init_array     0x08005310        0x4
                0x08005310                PROVIDE (__init_array_start = .)
 *(SORT_BY_NAME(.init_array.*))
 *(.init_array*)
 .init_array    0x08005310        0x4 c:/tools/gcc-arm-none-eabi/bin/../lib/gcc/arm-none-eabi/10.3.1/thumb/v7e-m+dp/hard/crtbegin.o
                0x08005314                PROVIDE (__init_array_end = .)

.fini_array     0x08005314        0x4
                [!provide]                PROVIDE (__fini_array_start = .)
 *(SORT_BY_NAME(.fini_array.*))
 *(.fini_array*)
 .fini_array    0x08005314        0x4 c:/tools/gcc-arm-none-eabi/bin/../lib/gcc/arm-none-eabi/10.3.1/thumb/v7e-m+dp/hard/crtbegin.o
                [!provide]                PROVIDE (__fini_array_end = .)
                0x08005318                _sidata = LOADADDR (.data)

.data           0x20000000       0x74 load address 0x08005318
                0x20000000                . = ALIGN (0x4)
                0x20000000                _sdata = .
 *(.data)
 *(.data*)
 .data.SystemCoreClock
                0x20000000        0x4 build/system_stm32h7xx.o
                0x20000000                SystemCoreClock
 .data.SystemD2Clock
                0x20000004        0x4 build/system_stm32h7xx.o
                0x20000004                SystemD2Clock
 .data.uwTickFreq
                0x20000008        0x1 build/stm32h7xx_hal.o
                0x20000008                uwTickFreq
 *fill*         0x20000009        0x3 
 .data.uwTickPrio
                0x2000000c        0x4 build/stm32h7xx_hal.o
                0x2000000c                uwTickPrio
 .data._impure_ptr
                0x20000010        0x4 c:/tools/gcc-arm-none-eabi/bin/../lib/gcc/arm-none-eabi/10.3.1/../../../../arm-none-eabi/lib/thumb/v7e-m+dp/hard\libc_nano.a(lib_a-impure.o)
                0x20000010                _impure_ptr
 .data.impure_data
                0x20000014       0x60 c:/tools/gcc-arm-none-eabi/bin/../lib/gcc/arm-none-eabi/10.3.1/../../../../arm-none-eabi/lib/thumb/v7e-m+dp/hard\libc_nano.a(lib_a-impure.o)
                0x20000074                . = ALIGN (0x4)
                0x20000074                _edata = .

.igot.plt       0x20000074        0x0 load address 0x0800538c
 .igot.plt      0x20000074        0x0 c:/tools/gcc-arm-none-eabi/bin/../lib/gcc/arm-none-eabi/10.3.1/thumb/v7e-m+dp/hard/crtbegin.o
                0x20000074                . = ALIGN (0x4)

.bss            0x20000074       0xc8 load address 0x0800538c
                0x20000074                _sbss = .
                0x20000074                __bss_start__ = _sbss
 *(.bss)
 .bss           0x20000074       0x1c c:/tools/gcc-arm-none-eabi/bin/../lib/gcc/arm-none-eabi/10.3.1/thumb/v7e-m+dp/hard/crtbegin.o
 *(.bss*)
 .bss.huart1    0x20000090       0x94 build/usart.o
                0x20000090                huart1
 .bss.uwTick    0x20000124        0x4 build/stm32h7xx_hal.o
                0x20000124                uwTick
 .bss.__lock___malloc_recursive_mutex
                0x20000128        0x1 c:/tools/gcc-arm-none-eabi/bin/../lib/gcc/arm-none-eabi/10.3.1/../../../../arm-none-eabi/lib/thumb/v7e-m+dp/hard\libc_nano.a(lib_a-lock.o)
                0x20000128                __lock___malloc_recursive_mutex
 .bss.__lock___sfp_recursive_mutex
                0x20000129        0x1 c:/tools/gcc-arm-none-eabi/bin/../lib/gcc/arm-none-eabi/10.3.1/../../../../arm-none-eabi/lib/thumb/v7e-m+dp/hard\libc_nano.a(lib_a-lock.o)
                0x20000129                __lock___sfp_recursive_mutex
 .bss.__lock___sinit_recursive_mutex
                0x2000012a        0x1 c:/tools/gcc-arm-none-eabi/bin/../lib/gcc/arm-none-eabi/10.3.1/../../../../arm-none-eabi/lib/thumb/v7e-m+dp/hard\libc_nano.a(lib_a-lock.o)
                0x2000012a                __lock___sinit_recursive_mutex
 *fill*         0x2000012b        0x1 
 .bss.__malloc_free_list
                0x2000012c        0x4 c:/tools/gcc-arm-none-eabi/bin/../lib/gcc/arm-none-eabi/10.3.1/../../../../arm-none-eabi/lib/thumb/v7e-m+dp/hard\libc_nano.a(lib_a-nano-mallocr.o)
                0x2000012c                __malloc_free_list
 .bss.__malloc_sbrk_start
                0x20000130        0x4 c:/tools/gcc-arm-none-eabi/bin/../lib/gcc/arm-none-eabi/10.3.1/../../../../arm-none-eabi/lib/thumb/v7e-m+dp/hard\libc_nano.a(lib_a-nano-mallocr.o)
                0x20000130                __malloc_sbrk_start
 .bss.errno     0x20000134        0x4 c:/tools/gcc-arm-none-eabi/bin/../lib/gcc/arm-none-eabi/10.3.1/../../../../arm-none-eabi/lib/thumb/v7e-m+dp/hard\libc_nano.a(lib_a-reent.o)
                0x20000134                errno
 .bss.heap_end.0
                0x20000138        0x4 c:/tools/gcc-arm-none-eabi/bin/../lib/gcc/arm-none-eabi/10.3.1/../../../../arm-none-eabi/lib/thumb/v7e-m+dp/hard\libnosys.a(sbrk.o)
 *(COMMON)
                0x2000013c                . = ALIGN (0x4)
                0x2000013c                _ebss = .
                0x2000013c                __bss_end__ = _ebss

._user_heap_stack
                0x2000013c      0x604 load address 0x0800538c
                0x20000140                . = ALIGN (0x8)
 *fill*         0x2000013c        0x4 
                0x20000140                PROVIDE (end = .)
                [!provide]                PROVIDE (_end = .)
                0x20000340                . = (. + _Min_Heap_Size)
 *fill*         0x20000140      0x200 
                0x20000740                . = (. + _Min_Stack_Size)
 *fill*         0x20000340      0x400 
                0x20000740                . = ALIGN (0x8)

/DISCARD/
 libc.a(*)
 libm.a(*)
 libgcc.a(*)

.ARM.attributes
                0x00000000       0x2e
 *(.ARM.attributes)
 .ARM.attributes
                0x00000000       0x1e c:/tools/gcc-arm-none-eabi/bin/../lib/gcc/arm-none-eabi/10.3.1/thumb/v7e-m+dp/hard/crti.o
 .ARM.attributes
                0x0000001e       0x32 c:/tools/gcc-arm-none-eabi/bin/../lib/gcc/arm-none-eabi/10.3.1/thumb/v7e-m+dp/hard/crtbegin.o
 .ARM.attributes
                0x00000050       0x32 build/KD024VGFPD094.o
 .ARM.attributes
                0x00000082       0x32 build/gpio.o
 .ARM.attributes
                0x000000b4       0x32 build/main.o
 .ARM.attributes
                0x000000e6       0x32 build/stm32h7xx_hal_msp.o
 .ARM.attributes
                0x00000118       0x32 build/stm32h7xx_it.o
 .ARM.attributes
                0x0000014a       0x32 build/system_stm32h7xx.o
 .ARM.attributes
                0x0000017c       0x32 build/usart.o
 .ARM.attributes
                0x000001ae       0x32 build/stm32h7xx_hal.o
 .ARM.attributes
                0x000001e0       0x32 build/stm32h7xx_hal_cortex.o
 .ARM.attributes
                0x00000212       0x32 build/stm32h7xx_hal_dma.o
 .ARM.attributes
                0x00000244       0x32 build/stm32h7xx_hal_gpio.o
 .ARM.attributes
                0x00000276       0x32 build/stm32h7xx_hal_pwr_ex.o
 .ARM.attributes
                0x000002a8       0x32 build/stm32h7xx_hal_rcc.o
 .ARM.attributes
                0x000002da       0x32 build/stm32h7xx_hal_rcc_ex.o
 .ARM.attributes
                0x0000030c       0x32 build/stm32h7xx_hal_uart.o
 .ARM.attributes
                0x0000033e       0x32 build/stm32h7xx_hal_uart_ex.o
 .ARM.attributes
                0x00000370       0x21 build/startup_stm32h743xx.o
 .ARM.attributes
                0x00000391       0x32 c:/tools/gcc-arm-none-eabi/bin/../lib/gcc/arm-none-eabi/10.3.1/../../../../arm-none-eabi/lib/thumb/v7e-m+dp/hard\libc_nano.a(lib_a-impure.o)
 .ARM.attributes
                0x000003c3       0x32 c:/tools/gcc-arm-none-eabi/bin/../lib/gcc/arm-none-eabi/10.3.1/../../../../arm-none-eabi/lib/thumb/v7e-m+dp/hard\libc_nano.a(lib_a-init.o)
 .ARM.attributes
                0x000003f5       0x32 c:/tools/gcc-arm-none-eabi/bin/../lib/gcc/arm-none-eabi/10.3.1/../../../../arm-none-eabi/lib/thumb/v7e-m+dp/hard\libc_nano.a(lib_a-memset.o)
 .ARM.attributes
                0x00000427       0x32 c:/tools/gcc-arm-none-eabi/bin/../lib/gcc/arm-none-eabi/10.3.1/../../../../arm-none-eabi/lib/thumb/v7e-m+dp/hard\libc_nano.a(lib_a-puts.o)
 .ARM.attributes
                0x00000459       0x32 c:/tools/gcc-arm-none-eabi/bin/../lib/gcc/arm-none-eabi/10.3.1/../../../../arm-none-eabi/lib/thumb/v7e-m+dp/hard\libc_nano.a(lib_a-wbuf.o)
 .ARM.attributes
                0x0000048b       0x32 c:/tools/gcc-arm-none-eabi/bin/../lib/gcc/arm-none-eabi/10.3.1/../../../../arm-none-eabi/lib/thumb/v7e-m+dp/hard\libc_nano.a(lib_a-wsetup.o)
 .ARM.attributes
                0x000004bd       0x32 c:/tools/gcc-arm-none-eabi/bin/../lib/gcc/arm-none-eabi/10.3.1/../../../../arm-none-eabi/lib/thumb/v7e-m+dp/hard\libc_nano.a(lib_a-fflush.o)
 .ARM.attributes
                0x000004ef       0x32 c:/tools/gcc-arm-none-eabi/bin/../lib/gcc/arm-none-eabi/10.3.1/../../../../arm-none-eabi/lib/thumb/v7e-m+dp/hard\libc_nano.a(lib_a-findfp.o)
 .ARM.attributes
                0x00000521       0x32 c:/tools/gcc-arm-none-eabi/bin/../lib/gcc/arm-none-eabi/10.3.1/../../../../arm-none-eabi/lib/thumb/v7e-m+dp/hard\libc_nano.a(lib_a-fwalk.o)
 .ARM.attributes
                0x00000553       0x32 c:/tools/gcc-arm-none-eabi/bin/../lib/gcc/arm-none-eabi/10.3.1/../../../../arm-none-eabi/lib/thumb/v7e-m+dp/hard\libc_nano.a(lib_a-lock.o)
 .ARM.attributes
                0x00000585       0x32 c:/tools/gcc-arm-none-eabi/bin/../lib/gcc/arm-none-eabi/10.3.1/../../../../arm-none-eabi/lib/thumb/v7e-m+dp/hard\libc_nano.a(lib_a-makebuf.o)
 .ARM.attributes
                0x000005b7       0x32 c:/tools/gcc-arm-none-eabi/bin/../lib/gcc/arm-none-eabi/10.3.1/../../../../arm-none-eabi/lib/thumb/v7e-m+dp/hard\libc_nano.a(lib_a-nano-freer.o)
 .ARM.attributes
                0x000005e9       0x32 c:/tools/gcc-arm-none-eabi/bin/../lib/gcc/arm-none-eabi/10.3.1/../../../../arm-none-eabi/lib/thumb/v7e-m+dp/hard\libc_nano.a(lib_a-nano-mallocr.o)
 .ARM.attributes
                0x0000061b       0x32 c:/tools/gcc-arm-none-eabi/bin/../lib/gcc/arm-none-eabi/10.3.1/../../../../arm-none-eabi/lib/thumb/v7e-m+dp/hard\libc_nano.a(lib_a-sbrkr.o)
 .ARM.attributes
                0x0000064d       0x32 c:/tools/gcc-arm-none-eabi/bin/../lib/gcc/arm-none-eabi/10.3.1/../../../../arm-none-eabi/lib/thumb/v7e-m+dp/hard\libc_nano.a(lib_a-stdio.o)
 .ARM.attributes
                0x0000067f       0x32 c:/tools/gcc-arm-none-eabi/bin/../lib/gcc/arm-none-eabi/10.3.1/../../../../arm-none-eabi/lib/thumb/v7e-m+dp/hard\libc_nano.a(lib_a-writer.o)
 .ARM.attributes
                0x000006b1       0x32 c:/tools/gcc-arm-none-eabi/bin/../lib/gcc/arm-none-eabi/10.3.1/../../../../arm-none-eabi/lib/thumb/v7e-m+dp/hard\libc_nano.a(lib_a-closer.o)
 .ARM.attributes
                0x000006e3       0x32 c:/tools/gcc-arm-none-eabi/bin/../lib/gcc/arm-none-eabi/10.3.1/../../../../arm-none-eabi/lib/thumb/v7e-m+dp/hard\libc_nano.a(lib_a-fstatr.o)
 .ARM.attributes
                0x00000715       0x32 c:/tools/gcc-arm-none-eabi/bin/../lib/gcc/arm-none-eabi/10.3.1/../../../../arm-none-eabi/lib/thumb/v7e-m+dp/hard\libc_nano.a(lib_a-isattyr.o)
 .ARM.attributes
                0x00000747       0x32 c:/tools/gcc-arm-none-eabi/bin/../lib/gcc/arm-none-eabi/10.3.1/../../../../arm-none-eabi/lib/thumb/v7e-m+dp/hard\libc_nano.a(lib_a-lseekr.o)
 .ARM.attributes
                0x00000779       0x32 c:/tools/gcc-arm-none-eabi/bin/../lib/gcc/arm-none-eabi/10.3.1/../../../../arm-none-eabi/lib/thumb/v7e-m+dp/hard\libc_nano.a(lib_a-mlock.o)
 .ARM.attributes
                0x000007ab       0x32 c:/tools/gcc-arm-none-eabi/bin/../lib/gcc/arm-none-eabi/10.3.1/../../../../arm-none-eabi/lib/thumb/v7e-m+dp/hard\libc_nano.a(lib_a-readr.o)
 .ARM.attributes
                0x000007dd       0x32 c:/tools/gcc-arm-none-eabi/bin/../lib/gcc/arm-none-eabi/10.3.1/../../../../arm-none-eabi/lib/thumb/v7e-m+dp/hard\libc_nano.a(lib_a-reent.o)
 .ARM.attributes
                0x0000080f       0x32 c:/tools/gcc-arm-none-eabi/bin/../lib/gcc/arm-none-eabi/10.3.1/../../../../arm-none-eabi/lib/thumb/v7e-m+dp/hard\libnosys.a(close.o)
 .ARM.attributes
                0x00000841       0x32 c:/tools/gcc-arm-none-eabi/bin/../lib/gcc/arm-none-eabi/10.3.1/../../../../arm-none-eabi/lib/thumb/v7e-m+dp/hard\libnosys.a(fstat.o)
 .ARM.attributes
                0x00000873       0x32 c:/tools/gcc-arm-none-eabi/bin/../lib/gcc/arm-none-eabi/10.3.1/../../../../arm-none-eabi/lib/thumb/v7e-m+dp/hard\libnosys.a(isatty.o)
 .ARM.attributes
                0x000008a5       0x32 c:/tools/gcc-arm-none-eabi/bin/../lib/gcc/arm-none-eabi/10.3.1/../../../../arm-none-eabi/lib/thumb/v7e-m+dp/hard\libnosys.a(lseek.o)
 .ARM.attributes
                0x000008d7       0x32 c:/tools/gcc-arm-none-eabi/bin/../lib/gcc/arm-none-eabi/10.3.1/../../../../arm-none-eabi/lib/thumb/v7e-m+dp/hard\libnosys.a(read.o)
 .ARM.attributes
                0x00000909       0x32 c:/tools/gcc-arm-none-eabi/bin/../lib/gcc/arm-none-eabi/10.3.1/../../../../arm-none-eabi/lib/thumb/v7e-m+dp/hard\libnosys.a(sbrk.o)
 .ARM.attributes
                0x0000093b       0x1e c:/tools/gcc-arm-none-eabi/bin/../lib/gcc/arm-none-eabi/10.3.1/thumb/v7e-m+dp/hard\libgcc.a(_aeabi_uldivmod.o)
 .ARM.attributes
                0x00000959       0x32 c:/tools/gcc-arm-none-eabi/bin/../lib/gcc/arm-none-eabi/10.3.1/thumb/v7e-m+dp/hard\libgcc.a(_udivmoddi4.o)
 .ARM.attributes
                0x0000098b       0x1e c:/tools/gcc-arm-none-eabi/bin/../lib/gcc/arm-none-eabi/10.3.1/thumb/v7e-m+dp/hard\libgcc.a(_dvmd_tls.o)
 .ARM.attributes
                0x000009a9       0x1e c:/tools/gcc-arm-none-eabi/bin/../lib/gcc/arm-none-eabi/10.3.1/thumb/v7e-m+dp/hard/crtn.o
OUTPUT(build/h743ii_lcd.elf elf32-littlearm)
LOAD linker stubs
LOAD c:/tools/gcc-arm-none-eabi/bin/../lib/gcc/arm-none-eabi/10.3.1/../../../../arm-none-eabi/lib/thumb/v7e-m+dp/hard\libc.a
LOAD c:/tools/gcc-arm-none-eabi/bin/../lib/gcc/arm-none-eabi/10.3.1/../../../../arm-none-eabi/lib/thumb/v7e-m+dp/hard\libm.a
LOAD c:/tools/gcc-arm-none-eabi/bin/../lib/gcc/arm-none-eabi/10.3.1/thumb/v7e-m+dp/hard\libgcc.a

.debug_info     0x00000000    0x168ab
 .debug_info    0x00000000     0x1b66 build/KD024VGFPD094.o
 .debug_info    0x00001b66      0x71d build/gpio.o
 .debug_info    0x00002283     0x1568 build/main.o
 .debug_info    0x000037eb      0x4a0 build/stm32h7xx_hal_msp.o
 .debug_info    0x00003c8b      0x881 build/stm32h7xx_it.o
 .debug_info    0x0000450c      0xd30 build/system_stm32h7xx.o
 .debug_info    0x0000523c     0x15ad build/usart.o
 .debug_info    0x000067e9     0x16a0 build/stm32h7xx_hal.o
 .debug_info    0x00007e89     0x13ea build/stm32h7xx_hal_cortex.o
 .debug_info    0x00009273      0xfeb build/stm32h7xx_hal_dma.o
 .debug_info    0x0000a25e      0xd66 build/stm32h7xx_hal_gpio.o
 .debug_info    0x0000afc4     0x122e build/stm32h7xx_hal_pwr_ex.o
 .debug_info    0x0000c1f2     0x1230 build/stm32h7xx_hal_rcc.o
 .debug_info    0x0000d422     0x1aca build/stm32h7xx_hal_rcc_ex.o
 .debug_info    0x0000eeec     0x674e build/stm32h7xx_hal_uart.o
 .debug_info    0x0001563a     0x124f build/stm32h7xx_hal_uart_ex.o
 .debug_info    0x00016889       0x22 build/startup_stm32h743xx.o

.debug_abbrev   0x00000000     0x23ec
 .debug_abbrev  0x00000000      0x1f9 build/KD024VGFPD094.o
 .debug_abbrev  0x000001f9      0x181 build/gpio.o
 .debug_abbrev  0x0000037a      0x26e build/main.o
 .debug_abbrev  0x000005e8       0xd7 build/stm32h7xx_hal_msp.o
 .debug_abbrev  0x000006bf      0x15b build/stm32h7xx_it.o
 .debug_abbrev  0x0000081a      0x14a build/system_stm32h7xx.o
 .debug_abbrev  0x00000964      0x214 build/usart.o
 .debug_abbrev  0x00000b78      0x264 build/stm32h7xx_hal.o
 .debug_abbrev  0x00000ddc      0x37d build/stm32h7xx_hal_cortex.o
 .debug_abbrev  0x00001159      0x298 build/stm32h7xx_hal_dma.o
 .debug_abbrev  0x000013f1      0x239 build/stm32h7xx_hal_gpio.o
 .debug_abbrev  0x0000162a      0x29b build/stm32h7xx_hal_pwr_ex.o
 .debug_abbrev  0x000018c5      0x27f build/stm32h7xx_hal_rcc.o
 .debug_abbrev  0x00001b44      0x278 build/stm32h7xx_hal_rcc_ex.o
 .debug_abbrev  0x00001dbc      0x337 build/stm32h7xx_hal_uart.o
 .debug_abbrev  0x000020f3      0x2e7 build/stm32h7xx_hal_uart_ex.o
 .debug_abbrev  0x000023da       0x12 build/startup_stm32h743xx.o

.debug_loc      0x00000000     0xb707
 .debug_loc     0x00000000      0x210 build/KD024VGFPD094.o
 .debug_loc     0x00000210       0xc2 build/main.o
 .debug_loc     0x000002d2      0x1a0 build/system_stm32h7xx.o
 .debug_loc     0x00000472       0x9e build/usart.o
 .debug_loc     0x00000510      0x3fa build/stm32h7xx_hal.o
 .debug_loc     0x0000090a      0x726 build/stm32h7xx_hal_cortex.o
 .debug_loc     0x00001030      0xe96 build/stm32h7xx_hal_dma.o
 .debug_loc     0x00001ec6      0x3c6 build/stm32h7xx_hal_gpio.o
 .debug_loc     0x0000228c      0x4df build/stm32h7xx_hal_pwr_ex.o
 .debug_loc     0x0000276b      0x90a build/stm32h7xx_hal_rcc.o
 .debug_loc     0x00003075     0x1d9f build/stm32h7xx_hal_rcc_ex.o
 .debug_loc     0x00004e14     0x5d4e build/stm32h7xx_hal_uart.o
 .debug_loc     0x0000ab62      0xba5 build/stm32h7xx_hal_uart_ex.o

.debug_aranges  0x00000000      0xac0
 .debug_aranges
                0x00000000       0x50 build/KD024VGFPD094.o
 .debug_aranges
                0x00000050       0x20 build/gpio.o
 .debug_aranges
                0x00000070       0x40 build/main.o
 .debug_aranges
                0x000000b0       0x20 build/stm32h7xx_hal_msp.o
 .debug_aranges
                0x000000d0       0x68 build/stm32h7xx_it.o
 .debug_aranges
                0x00000138       0x28 build/system_stm32h7xx.o
 .debug_aranges
                0x00000160       0x30 build/usart.o
 .debug_aranges
                0x00000190      0x198 build/stm32h7xx_hal.o
 .debug_aranges
                0x00000328       0xb0 build/stm32h7xx_hal_cortex.o
 .debug_aranges
                0x000003d8       0xa0 build/stm32h7xx_hal_dma.o
 .debug_aranges
                0x00000478       0x58 build/stm32h7xx_hal_gpio.o
 .debug_aranges
                0x000004d0      0x158 build/stm32h7xx_hal_pwr_ex.o
 .debug_aranges
                0x00000628       0x88 build/stm32h7xx_hal_rcc.o
 .debug_aranges
                0x000006b0       0xf8 build/stm32h7xx_hal_rcc_ex.o
 .debug_aranges
                0x000007a8      0x248 build/stm32h7xx_hal_uart.o
 .debug_aranges
                0x000009f0       0xa8 build/stm32h7xx_hal_uart_ex.o
 .debug_aranges
                0x00000a98       0x28 build/startup_stm32h743xx.o

.debug_ranges   0x00000000      0xb00
 .debug_ranges  0x00000000       0x40 build/KD024VGFPD094.o
 .debug_ranges  0x00000040       0x10 build/gpio.o
 .debug_ranges  0x00000050       0x30 build/main.o
 .debug_ranges  0x00000080       0x10 build/stm32h7xx_hal_msp.o
 .debug_ranges  0x00000090       0x58 build/stm32h7xx_it.o
 .debug_ranges  0x000000e8       0x18 build/system_stm32h7xx.o
 .debug_ranges  0x00000100       0x20 build/usart.o
 .debug_ranges  0x00000120      0x188 build/stm32h7xx_hal.o
 .debug_ranges  0x000002a8      0x100 build/stm32h7xx_hal_cortex.o
 .debug_ranges  0x000003a8       0xa8 build/stm32h7xx_hal_dma.o
 .debug_ranges  0x00000450       0x48 build/stm32h7xx_hal_gpio.o
 .debug_ranges  0x00000498      0x1a8 build/stm32h7xx_hal_pwr_ex.o
 .debug_ranges  0x00000640       0xe8 build/stm32h7xx_hal_rcc.o
 .debug_ranges  0x00000728       0xe8 build/stm32h7xx_hal_rcc_ex.o
 .debug_ranges  0x00000810      0x238 build/stm32h7xx_hal_uart.o
 .debug_ranges  0x00000a48       0x98 build/stm32h7xx_hal_uart_ex.o
 .debug_ranges  0x00000ae0       0x20 build/startup_stm32h743xx.o

.debug_line     0x00000000    0x1009c
 .debug_line    0x00000000      0x57b build/KD024VGFPD094.o
 .debug_line    0x0000057b      0x204 build/gpio.o
 .debug_line    0x0000077f      0x45c build/main.o
 .debug_line    0x00000bdb      0x124 build/stm32h7xx_hal_msp.o
 .debug_line    0x00000cff      0x2a0 build/stm32h7xx_it.o
 .debug_line    0x00000f9f      0x3f1 build/system_stm32h7xx.o
 .debug_line    0x00001390      0x35e build/usart.o
 .debug_line    0x000016ee      0x88c build/stm32h7xx_hal.o
 .debug_line    0x00001f7a      0x757 build/stm32h7xx_hal_cortex.o
 .debug_line    0x000026d1     0x2407 build/stm32h7xx_hal_dma.o
 .debug_line    0x00004ad8      0x683 build/stm32h7xx_hal_gpio.o
 .debug_line    0x0000515b      0xa4c build/stm32h7xx_hal_pwr_ex.o
 .debug_line    0x00005ba7     0x1267 build/stm32h7xx_hal_rcc.o
 .debug_line    0x00006e0e     0x1f59 build/stm32h7xx_hal_rcc_ex.o
 .debug_line    0x00008d67     0x6683 build/stm32h7xx_hal_uart.o
 .debug_line    0x0000f3ea      0xc3c build/stm32h7xx_hal_uart_ex.o
 .debug_line    0x00010026       0x76 build/startup_stm32h743xx.o

.debug_str      0x00000000     0x4597
 .debug_str     0x00000000      0x26f build/KD024VGFPD094.o
                                0x2e1 (size before relaxing)
 .debug_str     0x0000026f      0x281 build/gpio.o
                                0x47b (size before relaxing)
 .debug_str     0x000004f0      0x849 build/main.o
                                0xd43 (size before relaxing)
 .debug_str     0x00000d39       0x29 build/stm32h7xx_hal_msp.o
                                0x3ca (size before relaxing)
 .debug_str     0x00000d62       0xda build/stm32h7xx_it.o
                                0x7f8 (size before relaxing)
 .debug_str     0x00000e3c      0x331 build/system_stm32h7xx.o
                                0x707 (size before relaxing)
 .debug_str     0x0000116d      0xc46 build/usart.o
                               0x169f (size before relaxing)
 .debug_str     0x00001db3      0x731 build/stm32h7xx_hal.o
                               0x1488 (size before relaxing)
 .debug_str     0x000024e4      0x43a build/stm32h7xx_hal_cortex.o
                               0x1020 (size before relaxing)
 .debug_str     0x0000291e      0x3fa build/stm32h7xx_hal_dma.o
                                0x9a3 (size before relaxing)
 .debug_str     0x00002d18       0xd4 build/stm32h7xx_hal_gpio.o
                                0x6ac (size before relaxing)
 .debug_str     0x00002dec      0x551 build/stm32h7xx_hal_pwr_ex.o
                                0xa21 (size before relaxing)
 .debug_str     0x0000333d      0x18f build/stm32h7xx_hal_rcc.o
                                0x9f2 (size before relaxing)
 .debug_str     0x000034cc      0x5c2 build/stm32h7xx_hal_rcc_ex.o
                                0xefd (size before relaxing)
 .debug_str     0x00003a8e      0x89f build/stm32h7xx_hal_uart.o
                               0x148b (size before relaxing)
 .debug_str     0x0000432d      0x246 build/stm32h7xx_hal_uart_ex.o
                                0xb74 (size before relaxing)
 .debug_str     0x00004573       0x24 build/startup_stm32h743xx.o
                                 0x3c (size before relaxing)

.comment        0x00000000       0x49
 .comment       0x00000000       0x49 build/KD024VGFPD094.o
                                 0x4a (size before relaxing)
 .comment       0x00000049       0x4a build/gpio.o
 .comment       0x00000049       0x4a build/main.o
 .comment       0x00000049       0x4a build/stm32h7xx_hal_msp.o
 .comment       0x00000049       0x4a build/stm32h7xx_it.o
 .comment       0x00000049       0x4a build/system_stm32h7xx.o
 .comment       0x00000049       0x4a build/usart.o
 .comment       0x00000049       0x4a build/stm32h7xx_hal.o
 .comment       0x00000049       0x4a build/stm32h7xx_hal_cortex.o
 .comment       0x00000049       0x4a build/stm32h7xx_hal_dma.o
 .comment       0x00000049       0x4a build/stm32h7xx_hal_gpio.o
 .comment       0x00000049       0x4a build/stm32h7xx_hal_pwr_ex.o
 .comment       0x00000049       0x4a build/stm32h7xx_hal_rcc.o
 .comment       0x00000049       0x4a build/stm32h7xx_hal_rcc_ex.o
 .comment       0x00000049       0x4a build/stm32h7xx_hal_uart.o
 .comment       0x00000049       0x4a build/stm32h7xx_hal_uart_ex.o

.debug_frame    0x00000000     0x21cc
 .debug_frame   0x00000000       0xe8 build/KD024VGFPD094.o
 .debug_frame   0x000000e8       0x3c build/gpio.o
 .debug_frame   0x00000124       0x80 build/main.o
 .debug_frame   0x000001a4       0x28 build/stm32h7xx_hal_msp.o
 .debug_frame   0x000001cc       0xc0 build/stm32h7xx_it.o
 .debug_frame   0x0000028c       0x3c build/system_stm32h7xx.o
 .debug_frame   0x000002c8       0x64 build/usart.o
 .debug_frame   0x0000032c      0x360 build/stm32h7xx_hal.o
 .debug_frame   0x0000068c      0x158 build/stm32h7xx_hal_cortex.o
 .debug_frame   0x000007e4      0x1fc build/stm32h7xx_hal_dma.o
 .debug_frame   0x000009e0       0xd4 build/stm32h7xx_hal_gpio.o
 .debug_frame   0x00000ab4      0x2f4 build/stm32h7xx_hal_pwr_ex.o
 .debug_frame   0x00000da8      0x18c build/stm32h7xx_hal_rcc.o
 .debug_frame   0x00000f34      0x26c build/stm32h7xx_hal_rcc_ex.o
 .debug_frame   0x000011a0      0x680 build/stm32h7xx_hal_uart.o
 .debug_frame   0x00001820      0x1c8 build/stm32h7xx_hal_uart_ex.o
 .debug_frame   0x000019e8       0x2c c:/tools/gcc-arm-none-eabi/bin/../lib/gcc/arm-none-eabi/10.3.1/../../../../arm-none-eabi/lib/thumb/v7e-m+dp/hard\libc_nano.a(lib_a-init.o)
 .debug_frame   0x00001a14       0x20 c:/tools/gcc-arm-none-eabi/bin/../lib/gcc/arm-none-eabi/10.3.1/../../../../arm-none-eabi/lib/thumb/v7e-m+dp/hard\libc_nano.a(lib_a-memset.o)
 .debug_frame   0x00001a34       0x3c c:/tools/gcc-arm-none-eabi/bin/../lib/gcc/arm-none-eabi/10.3.1/../../../../arm-none-eabi/lib/thumb/v7e-m+dp/hard\libc_nano.a(lib_a-puts.o)
 .debug_frame   0x00001a70       0x40 c:/tools/gcc-arm-none-eabi/bin/../lib/gcc/arm-none-eabi/10.3.1/../../../../arm-none-eabi/lib/thumb/v7e-m+dp/hard\libc_nano.a(lib_a-wbuf.o)
 .debug_frame   0x00001ab0       0x2c c:/tools/gcc-arm-none-eabi/bin/../lib/gcc/arm-none-eabi/10.3.1/../../../../arm-none-eabi/lib/thumb/v7e-m+dp/hard\libc_nano.a(lib_a-wsetup.o)
 .debug_frame   0x00001adc       0x5c c:/tools/gcc-arm-none-eabi/bin/../lib/gcc/arm-none-eabi/10.3.1/../../../../arm-none-eabi/lib/thumb/v7e-m+dp/hard\libc_nano.a(lib_a-fflush.o)
 .debug_frame   0x00001b38      0x14c c:/tools/gcc-arm-none-eabi/bin/../lib/gcc/arm-none-eabi/10.3.1/../../../../arm-none-eabi/lib/thumb/v7e-m+dp/hard\libc_nano.a(lib_a-findfp.o)
 .debug_frame   0x00001c84       0x54 c:/tools/gcc-arm-none-eabi/bin/../lib/gcc/arm-none-eabi/10.3.1/../../../../arm-none-eabi/lib/thumb/v7e-m+dp/hard\libc_nano.a(lib_a-fwalk.o)
 .debug_frame   0x00001cd8       0xb0 c:/tools/gcc-arm-none-eabi/bin/../lib/gcc/arm-none-eabi/10.3.1/../../../../arm-none-eabi/lib/thumb/v7e-m+dp/hard\libc_nano.a(lib_a-lock.o)
 .debug_frame   0x00001d88       0x58 c:/tools/gcc-arm-none-eabi/bin/../lib/gcc/arm-none-eabi/10.3.1/../../../../arm-none-eabi/lib/thumb/v7e-m+dp/hard\libc_nano.a(lib_a-makebuf.o)
 .debug_frame   0x00001de0       0x38 c:/tools/gcc-arm-none-eabi/bin/../lib/gcc/arm-none-eabi/10.3.1/../../../../arm-none-eabi/lib/thumb/v7e-m+dp/hard\libc_nano.a(lib_a-nano-freer.o)
 .debug_frame   0x00001e18       0x4c c:/tools/gcc-arm-none-eabi/bin/../lib/gcc/arm-none-eabi/10.3.1/../../../../arm-none-eabi/lib/thumb/v7e-m+dp/hard\libc_nano.a(lib_a-nano-mallocr.o)
 .debug_frame   0x00001e64       0x2c c:/tools/gcc-arm-none-eabi/bin/../lib/gcc/arm-none-eabi/10.3.1/../../../../arm-none-eabi/lib/thumb/v7e-m+dp/hard\libc_nano.a(lib_a-sbrkr.o)
 .debug_frame   0x00001e90       0x88 c:/tools/gcc-arm-none-eabi/bin/../lib/gcc/arm-none-eabi/10.3.1/../../../../arm-none-eabi/lib/thumb/v7e-m+dp/hard\libc_nano.a(lib_a-stdio.o)
 .debug_frame   0x00001f18       0x2c c:/tools/gcc-arm-none-eabi/bin/../lib/gcc/arm-none-eabi/10.3.1/../../../../arm-none-eabi/lib/thumb/v7e-m+dp/hard\libc_nano.a(lib_a-writer.o)
 .debug_frame   0x00001f44       0x2c c:/tools/gcc-arm-none-eabi/bin/../lib/gcc/arm-none-eabi/10.3.1/../../../../arm-none-eabi/lib/thumb/v7e-m+dp/hard\libc_nano.a(lib_a-closer.o)
 .debug_frame   0x00001f70       0x2c c:/tools/gcc-arm-none-eabi/bin/../lib/gcc/arm-none-eabi/10.3.1/../../../../arm-none-eabi/lib/thumb/v7e-m+dp/hard\libc_nano.a(lib_a-fstatr.o)
 .debug_frame   0x00001f9c       0x2c c:/tools/gcc-arm-none-eabi/bin/../lib/gcc/arm-none-eabi/10.3.1/../../../../arm-none-eabi/lib/thumb/v7e-m+dp/hard\libc_nano.a(lib_a-isattyr.o)
 .debug_frame   0x00001fc8       0x2c c:/tools/gcc-arm-none-eabi/bin/../lib/gcc/arm-none-eabi/10.3.1/../../../../arm-none-eabi/lib/thumb/v7e-m+dp/hard\libc_nano.a(lib_a-lseekr.o)
 .debug_frame   0x00001ff4       0x30 c:/tools/gcc-arm-none-eabi/bin/../lib/gcc/arm-none-eabi/10.3.1/../../../../arm-none-eabi/lib/thumb/v7e-m+dp/hard\libc_nano.a(lib_a-mlock.o)
 .debug_frame   0x00002024       0x2c c:/tools/gcc-arm-none-eabi/bin/../lib/gcc/arm-none-eabi/10.3.1/../../../../arm-none-eabi/lib/thumb/v7e-m+dp/hard\libc_nano.a(lib_a-readr.o)
 .debug_frame   0x00002050       0x5c c:/tools/gcc-arm-none-eabi/bin/../lib/gcc/arm-none-eabi/10.3.1/../../../../arm-none-eabi/lib/thumb/v7e-m+dp/hard\libc_nano.a(lib_a-reent.o)
 .debug_frame   0x000020ac       0x20 c:/tools/gcc-arm-none-eabi/bin/../lib/gcc/arm-none-eabi/10.3.1/../../../../arm-none-eabi/lib/thumb/v7e-m+dp/hard\libnosys.a(close.o)
 .debug_frame   0x000020cc       0x20 c:/tools/gcc-arm-none-eabi/bin/../lib/gcc/arm-none-eabi/10.3.1/../../../../arm-none-eabi/lib/thumb/v7e-m+dp/hard\libnosys.a(fstat.o)
 .debug_frame   0x000020ec       0x20 c:/tools/gcc-arm-none-eabi/bin/../lib/gcc/arm-none-eabi/10.3.1/../../../../arm-none-eabi/lib/thumb/v7e-m+dp/hard\libnosys.a(isatty.o)
 .debug_frame   0x0000210c       0x20 c:/tools/gcc-arm-none-eabi/bin/../lib/gcc/arm-none-eabi/10.3.1/../../../../arm-none-eabi/lib/thumb/v7e-m+dp/hard\libnosys.a(lseek.o)
 .debug_frame   0x0000212c       0x20 c:/tools/gcc-arm-none-eabi/bin/../lib/gcc/arm-none-eabi/10.3.1/../../../../arm-none-eabi/lib/thumb/v7e-m+dp/hard\libnosys.a(read.o)
 .debug_frame   0x0000214c       0x20 c:/tools/gcc-arm-none-eabi/bin/../lib/gcc/arm-none-eabi/10.3.1/../../../../arm-none-eabi/lib/thumb/v7e-m+dp/hard\libnosys.a(sbrk.o)
 .debug_frame   0x0000216c       0x2c c:/tools/gcc-arm-none-eabi/bin/../lib/gcc/arm-none-eabi/10.3.1/thumb/v7e-m+dp/hard\libgcc.a(_aeabi_uldivmod.o)
 .debug_frame   0x00002198       0x34 c:/tools/gcc-arm-none-eabi/bin/../lib/gcc/arm-none-eabi/10.3.1/thumb/v7e-m+dp/hard\libgcc.a(_udivmoddi4.o)

.stab           0x00000000       0x84
 .stab          0x00000000       0x24 c:/tools/gcc-arm-none-eabi/bin/../lib/gcc/arm-none-eabi/10.3.1/../../../../arm-none-eabi/lib/thumb/v7e-m+dp/hard\libnosys.a(close.o)
 .stab          0x00000024       0x18 c:/tools/gcc-arm-none-eabi/bin/../lib/gcc/arm-none-eabi/10.3.1/../../../../arm-none-eabi/lib/thumb/v7e-m+dp/hard\libnosys.a(fstat.o)
                                 0x24 (size before relaxing)
 .stab          0x0000003c       0x18 c:/tools/gcc-arm-none-eabi/bin/../lib/gcc/arm-none-eabi/10.3.1/../../../../arm-none-eabi/lib/thumb/v7e-m+dp/hard\libnosys.a(isatty.o)
                                 0x24 (size before relaxing)
 .stab          0x00000054       0x18 c:/tools/gcc-arm-none-eabi/bin/../lib/gcc/arm-none-eabi/10.3.1/../../../../arm-none-eabi/lib/thumb/v7e-m+dp/hard\libnosys.a(lseek.o)
                                 0x24 (size before relaxing)
 .stab          0x0000006c       0x18 c:/tools/gcc-arm-none-eabi/bin/../lib/gcc/arm-none-eabi/10.3.1/../../../../arm-none-eabi/lib/thumb/v7e-m+dp/hard\libnosys.a(read.o)
                                 0x24 (size before relaxing)

.stabstr        0x00000000      0x117
 .stabstr       0x00000000      0x117 c:/tools/gcc-arm-none-eabi/bin/../lib/gcc/arm-none-eabi/10.3.1/../../../../arm-none-eabi/lib/thumb/v7e-m+dp/hard\libnosys.a(close.o)

Cross Reference Table

Symbol                                            File
ADC3_IRQHandler                                   build/startup_stm32h743xx.o
ADC_IRQHandler                                    build/startup_stm32h743xx.o
BDMA_Channel0_IRQHandler                          build/startup_stm32h743xx.o
BDMA_Channel1_IRQHandler                          build/startup_stm32h743xx.o
BDMA_Channel2_IRQHandler                          build/startup_stm32h743xx.o
BDMA_Channel3_IRQHandler                          build/startup_stm32h743xx.o
BDMA_Channel4_IRQHandler                          build/startup_stm32h743xx.o
BDMA_Channel5_IRQHandler                          build/startup_stm32h743xx.o
BDMA_Channel6_IRQHandler                          build/startup_stm32h743xx.o
BDMA_Channel7_IRQHandler                          build/startup_stm32h743xx.o
BusFault_Handler                                  build/stm32h7xx_it.o
CEC_IRQHandler                                    build/startup_stm32h743xx.o
COMP1_IRQHandler                                  build/startup_stm32h743xx.o
CRS_IRQHandler                                    build/startup_stm32h743xx.o
D1CorePrescTable                                  build/system_stm32h7xx.o
                                                  build/stm32h7xx_hal_rcc_ex.o
                                                  build/stm32h7xx_hal_rcc.o
                                                  build/stm32h7xx_hal.o
DCMI_IRQHandler                                   build/startup_stm32h743xx.o
DFSDM1_FLT0_IRQHandler                            build/startup_stm32h743xx.o
DFSDM1_FLT1_IRQHandler                            build/startup_stm32h743xx.o
DFSDM1_FLT2_IRQHandler                            build/startup_stm32h743xx.o
DFSDM1_FLT3_IRQHandler                            build/startup_stm32h743xx.o
DMA1_Stream0_IRQHandler                           build/startup_stm32h743xx.o
DMA1_Stream1_IRQHandler                           build/startup_stm32h743xx.o
DMA1_Stream2_IRQHandler                           build/startup_stm32h743xx.o
DMA1_Stream3_IRQHandler                           build/startup_stm32h743xx.o
DMA1_Stream4_IRQHandler                           build/startup_stm32h743xx.o
DMA1_Stream5_IRQHandler                           build/startup_stm32h743xx.o
DMA1_Stream6_IRQHandler                           build/startup_stm32h743xx.o
DMA1_Stream7_IRQHandler                           build/startup_stm32h743xx.o
DMA2D_IRQHandler                                  build/startup_stm32h743xx.o
DMA2_Stream0_IRQHandler                           build/startup_stm32h743xx.o
DMA2_Stream1_IRQHandler                           build/startup_stm32h743xx.o
DMA2_Stream2_IRQHandler                           build/startup_stm32h743xx.o
DMA2_Stream3_IRQHandler                           build/startup_stm32h743xx.o
DMA2_Stream4_IRQHandler                           build/startup_stm32h743xx.o
DMA2_Stream5_IRQHandler                           build/startup_stm32h743xx.o
DMA2_Stream6_IRQHandler                           build/startup_stm32h743xx.o
DMA2_Stream7_IRQHandler                           build/startup_stm32h743xx.o
DMAMUX1_OVR_IRQHandler                            build/startup_stm32h743xx.o
DMAMUX2_OVR_IRQHandler                            build/startup_stm32h743xx.o
DebugMon_Handler                                  build/stm32h7xx_it.o
Default_Handler                                   build/startup_stm32h743xx.o
ECC_IRQHandler                                    build/startup_stm32h743xx.o
ETH_IRQHandler                                    build/startup_stm32h743xx.o
ETH_WKUP_IRQHandler                               build/startup_stm32h743xx.o
EXTI0_IRQHandler                                  build/startup_stm32h743xx.o
EXTI15_10_IRQHandler                              build/startup_stm32h743xx.o
EXTI1_IRQHandler                                  build/startup_stm32h743xx.o
EXTI2_IRQHandler                                  build/startup_stm32h743xx.o
EXTI3_IRQHandler                                  build/startup_stm32h743xx.o
EXTI4_IRQHandler                                  build/startup_stm32h743xx.o
EXTI9_5_IRQHandler                                build/startup_stm32h743xx.o
EnterSleep                                        build/KD024VGFPD094.o
Error_Handler                                     build/main.o
                                                  build/usart.o
ExitSleep                                         build/KD024VGFPD094.o
FDCAN1_IT0_IRQHandler                             build/startup_stm32h743xx.o
FDCAN1_IT1_IRQHandler                             build/startup_stm32h743xx.o
FDCAN2_IT0_IRQHandler                             build/startup_stm32h743xx.o
FDCAN2_IT1_IRQHandler                             build/startup_stm32h743xx.o
FDCAN_CAL_IRQHandler                              build/startup_stm32h743xx.o
FLASH_CRC_WaitForLastOperation                    build/stm32h7xx_hal_flash.o
                                                  build/stm32h7xx_hal_flash_ex.o
FLASH_Erase_Sector                                build/stm32h7xx_hal_flash_ex.o
                                                  build/stm32h7xx_hal_flash.o
FLASH_IRQHandler                                  build/startup_stm32h743xx.o
FLASH_OB_WaitForLastOperation                     build/stm32h7xx_hal_flash.o
                                                  build/stm32h7xx_hal_flash_ex.o
FLASH_WaitForLastOperation                        build/stm32h7xx_hal_flash.o
                                                  build/stm32h7xx_hal_flash_ex.o
FMC_IRQHandler                                    build/startup_stm32h743xx.o
FPU_IRQHandler                                    build/startup_stm32h743xx.o
HAL_DBGMCU_DisableDBGSleepMode                    build/stm32h7xx_hal.o
HAL_DBGMCU_DisableDBGStandbyMode                  build/stm32h7xx_hal.o
HAL_DBGMCU_DisableDBGStopMode                     build/stm32h7xx_hal.o
HAL_DBGMCU_EnableDBGSleepMode                     build/stm32h7xx_hal.o
HAL_DBGMCU_EnableDBGStandbyMode                   build/stm32h7xx_hal.o
HAL_DBGMCU_EnableDBGStopMode                      build/stm32h7xx_hal.o
HAL_DMAEx_ChangeMemory                            build/stm32h7xx_hal_dma_ex.o
HAL_DMAEx_ConfigMuxRequestGenerator               build/stm32h7xx_hal_dma_ex.o
HAL_DMAEx_ConfigMuxSync                           build/stm32h7xx_hal_dma_ex.o
HAL_DMAEx_DisableMuxRequestGenerator              build/stm32h7xx_hal_dma_ex.o
HAL_DMAEx_EnableMuxRequestGenerator               build/stm32h7xx_hal_dma_ex.o
HAL_DMAEx_MUX_IRQHandler                          build/stm32h7xx_hal_dma_ex.o
HAL_DMAEx_MultiBufferStart                        build/stm32h7xx_hal_dma_ex.o
HAL_DMAEx_MultiBufferStart_IT                     build/stm32h7xx_hal_dma_ex.o
HAL_DMA_Abort                                     build/stm32h7xx_hal_dma.o
                                                  build/stm32h7xx_hal_uart.o
HAL_DMA_Abort_IT                                  build/stm32h7xx_hal_dma.o
                                                  build/stm32h7xx_hal_uart.o
                                                  build/stm32h7xx_hal_i2c.o
HAL_DMA_DeInit                                    build/stm32h7xx_hal_dma.o
HAL_DMA_GetError                                  build/stm32h7xx_hal_dma.o
                                                  build/stm32h7xx_hal_uart.o
                                                  build/stm32h7xx_hal_i2c.o
HAL_DMA_GetState                                  build/stm32h7xx_hal_dma.o
                                                  build/stm32h7xx_hal_i2c.o
HAL_DMA_IRQHandler                                build/stm32h7xx_hal_dma.o
HAL_DMA_Init                                      build/stm32h7xx_hal_dma.o
HAL_DMA_PollForTransfer                           build/stm32h7xx_hal_dma.o
HAL_DMA_RegisterCallback                          build/stm32h7xx_hal_dma.o
HAL_DMA_Start                                     build/stm32h7xx_hal_dma.o
HAL_DMA_Start_IT                                  build/stm32h7xx_hal_dma.o
                                                  build/stm32h7xx_hal_uart.o
                                                  build/stm32h7xx_hal_i2c.o
HAL_DMA_UnRegisterCallback                        build/stm32h7xx_hal_dma.o
HAL_DeInit                                        build/stm32h7xx_hal.o
HAL_Delay                                         build/stm32h7xx_hal.o
                                                  build/main.o
                                                  build/KD024VGFPD094.o
HAL_DisableCompensationCell                       build/stm32h7xx_hal.o
HAL_EXTI_ClearConfigLine                          build/stm32h7xx_hal_exti.o
HAL_EXTI_ClearPending                             build/stm32h7xx_hal_exti.o
HAL_EXTI_D1_ClearFlag                             build/stm32h7xx_hal.o
HAL_EXTI_D1_EventInputConfig                      build/stm32h7xx_hal.o
HAL_EXTI_D3_EventInputConfig                      build/stm32h7xx_hal.o
HAL_EXTI_EdgeConfig                               build/stm32h7xx_hal.o
HAL_EXTI_GenerateSWI                              build/stm32h7xx_hal_exti.o
HAL_EXTI_GenerateSWInterrupt                      build/stm32h7xx_hal.o
HAL_EXTI_GetConfigLine                            build/stm32h7xx_hal_exti.o
HAL_EXTI_GetHandle                                build/stm32h7xx_hal_exti.o
HAL_EXTI_GetPending                               build/stm32h7xx_hal_exti.o
HAL_EXTI_IRQHandler                               build/stm32h7xx_hal_exti.o
HAL_EXTI_RegisterCallback                         build/stm32h7xx_hal_exti.o
HAL_EXTI_SetConfigLine                            build/stm32h7xx_hal_exti.o
HAL_EnableCompensationCell                        build/stm32h7xx_hal.o
HAL_FLASHEx_ComputeCRC                            build/stm32h7xx_hal_flash_ex.o
HAL_FLASHEx_Erase                                 build/stm32h7xx_hal_flash_ex.o
HAL_FLASHEx_Erase_IT                              build/stm32h7xx_hal_flash_ex.o
HAL_FLASHEx_Lock_Bank1                            build/stm32h7xx_hal_flash_ex.o
HAL_FLASHEx_Lock_Bank2                            build/stm32h7xx_hal_flash_ex.o
HAL_FLASHEx_OBGetConfig                           build/stm32h7xx_hal_flash_ex.o
HAL_FLASHEx_OBProgram                             build/stm32h7xx_hal_flash_ex.o
HAL_FLASHEx_Unlock_Bank1                          build/stm32h7xx_hal_flash_ex.o
HAL_FLASHEx_Unlock_Bank2                          build/stm32h7xx_hal_flash_ex.o
HAL_FLASH_EndOfOperationCallback                  build/stm32h7xx_hal_flash.o
HAL_FLASH_GetError                                build/stm32h7xx_hal_flash.o
HAL_FLASH_IRQHandler                              build/stm32h7xx_hal_flash.o
HAL_FLASH_Lock                                    build/stm32h7xx_hal_flash.o
HAL_FLASH_OB_Launch                               build/stm32h7xx_hal_flash.o
HAL_FLASH_OB_Lock                                 build/stm32h7xx_hal_flash.o
HAL_FLASH_OB_Unlock                               build/stm32h7xx_hal_flash.o
HAL_FLASH_OperationErrorCallback                  build/stm32h7xx_hal_flash.o
HAL_FLASH_Program                                 build/stm32h7xx_hal_flash.o
HAL_FLASH_Program_IT                              build/stm32h7xx_hal_flash.o
HAL_FLASH_Unlock                                  build/stm32h7xx_hal_flash.o
HAL_GPIO_DeInit                                   build/stm32h7xx_hal_gpio.o
                                                  build/usart.o
HAL_GPIO_EXTI_Callback                            build/stm32h7xx_hal_gpio.o
HAL_GPIO_EXTI_IRQHandler                          build/stm32h7xx_hal_gpio.o
HAL_GPIO_Init                                     build/stm32h7xx_hal_gpio.o
                                                  build/stm32h7xx_hal_rcc.o
                                                  build/usart.o
                                                  build/gpio.o
HAL_GPIO_LockPin                                  build/stm32h7xx_hal_gpio.o
HAL_GPIO_ReadPin                                  build/stm32h7xx_hal_gpio.o
                                                  build/KD024VGFPD094.o
HAL_GPIO_TogglePin                                build/stm32h7xx_hal_gpio.o
HAL_GPIO_WritePin                                 build/stm32h7xx_hal_gpio.o
                                                  build/main.o
                                                  build/gpio.o
                                                  build/KD024VGFPD094.o
HAL_GetCurrentCPUID                               build/stm32h7xx_hal_cortex.o
HAL_GetDEVID                                      build/stm32h7xx_hal.o
HAL_GetFMCMemorySwappingConfig                    build/stm32h7xx_hal.o
HAL_GetHalVersion                                 build/stm32h7xx_hal.o
HAL_GetREVID                                      build/stm32h7xx_hal.o
                                                  build/stm32h7xx_hal_rcc_ex.o
                                                  build/stm32h7xx_hal_rcc.o
HAL_GetTick                                       build/stm32h7xx_hal.o
                                                  build/stm32h7xx_hal_uart_ex.o
                                                  build/stm32h7xx_hal_uart.o
                                                  build/stm32h7xx_hal_rcc_ex.o
                                                  build/stm32h7xx_hal_rcc.o
                                                  build/stm32h7xx_hal_pwr_ex.o
                                                  build/stm32h7xx_hal_mdma.o
                                                  build/stm32h7xx_hal_i2c.o
                                                  build/stm32h7xx_hal_flash.o
                                                  build/stm32h7xx_hal_dma.o
HAL_GetTickFreq                                   build/stm32h7xx_hal.o
HAL_GetTickPrio                                   build/stm32h7xx_hal.o
HAL_GetUIDw0                                      build/stm32h7xx_hal.o
HAL_GetUIDw1                                      build/stm32h7xx_hal.o
HAL_GetUIDw2                                      build/stm32h7xx_hal.o
HAL_HSEM_ActivateNotification                     build/stm32h7xx_hal_hsem.o
HAL_HSEM_DeactivateNotification                   build/stm32h7xx_hal_hsem.o
HAL_HSEM_FastTake                                 build/stm32h7xx_hal_hsem.o
HAL_HSEM_FreeCallback                             build/stm32h7xx_hal_hsem.o
HAL_HSEM_GetClearKey                              build/stm32h7xx_hal_hsem.o
HAL_HSEM_IRQHandler                               build/stm32h7xx_hal_hsem.o
HAL_HSEM_IsSemTaken                               build/stm32h7xx_hal_hsem.o
HAL_HSEM_Release                                  build/stm32h7xx_hal_hsem.o
HAL_HSEM_ReleaseAll                               build/stm32h7xx_hal_hsem.o
HAL_HSEM_SetClearKey                              build/stm32h7xx_hal_hsem.o
HAL_HSEM_Take                                     build/stm32h7xx_hal_hsem.o
HAL_HalfDuplex_EnableReceiver                     build/stm32h7xx_hal_uart.o
HAL_HalfDuplex_EnableTransmitter                  build/stm32h7xx_hal_uart.o
HAL_HalfDuplex_Init                               build/stm32h7xx_hal_uart.o
HAL_I2CEx_ConfigAnalogFilter                      build/stm32h7xx_hal_i2c_ex.o
HAL_I2CEx_ConfigDigitalFilter                     build/stm32h7xx_hal_i2c_ex.o
HAL_I2CEx_DisableFastModePlus                     build/stm32h7xx_hal_i2c_ex.o
HAL_I2CEx_DisableWakeUp                           build/stm32h7xx_hal_i2c_ex.o
HAL_I2CEx_EnableFastModePlus                      build/stm32h7xx_hal_i2c_ex.o
HAL_I2CEx_EnableWakeUp                            build/stm32h7xx_hal_i2c_ex.o
HAL_I2C_AbortCpltCallback                         build/stm32h7xx_hal_i2c.o
HAL_I2C_AddrCallback                              build/stm32h7xx_hal_i2c.o
HAL_I2C_DeInit                                    build/stm32h7xx_hal_i2c.o
HAL_I2C_DisableListen_IT                          build/stm32h7xx_hal_i2c.o
HAL_I2C_ER_IRQHandler                             build/stm32h7xx_hal_i2c.o
HAL_I2C_EV_IRQHandler                             build/stm32h7xx_hal_i2c.o
HAL_I2C_EnableListen_IT                           build/stm32h7xx_hal_i2c.o
HAL_I2C_ErrorCallback                             build/stm32h7xx_hal_i2c.o
HAL_I2C_GetError                                  build/stm32h7xx_hal_i2c.o
HAL_I2C_GetMode                                   build/stm32h7xx_hal_i2c.o
HAL_I2C_GetState                                  build/stm32h7xx_hal_i2c.o
HAL_I2C_Init                                      build/stm32h7xx_hal_i2c.o
HAL_I2C_IsDeviceReady                             build/stm32h7xx_hal_i2c.o
HAL_I2C_ListenCpltCallback                        build/stm32h7xx_hal_i2c.o
HAL_I2C_MasterRxCpltCallback                      build/stm32h7xx_hal_i2c.o
HAL_I2C_MasterTxCpltCallback                      build/stm32h7xx_hal_i2c.o
HAL_I2C_Master_Abort_IT                           build/stm32h7xx_hal_i2c.o
HAL_I2C_Master_Receive                            build/stm32h7xx_hal_i2c.o
HAL_I2C_Master_Receive_DMA                        build/stm32h7xx_hal_i2c.o
HAL_I2C_Master_Receive_IT                         build/stm32h7xx_hal_i2c.o
HAL_I2C_Master_Seq_Receive_DMA                    build/stm32h7xx_hal_i2c.o
HAL_I2C_Master_Seq_Receive_IT                     build/stm32h7xx_hal_i2c.o
HAL_I2C_Master_Seq_Transmit_DMA                   build/stm32h7xx_hal_i2c.o
HAL_I2C_Master_Seq_Transmit_IT                    build/stm32h7xx_hal_i2c.o
HAL_I2C_Master_Transmit                           build/stm32h7xx_hal_i2c.o
HAL_I2C_Master_Transmit_DMA                       build/stm32h7xx_hal_i2c.o
HAL_I2C_Master_Transmit_IT                        build/stm32h7xx_hal_i2c.o
HAL_I2C_MemRxCpltCallback                         build/stm32h7xx_hal_i2c.o
HAL_I2C_MemTxCpltCallback                         build/stm32h7xx_hal_i2c.o
HAL_I2C_Mem_Read                                  build/stm32h7xx_hal_i2c.o
HAL_I2C_Mem_Read_DMA                              build/stm32h7xx_hal_i2c.o
HAL_I2C_Mem_Read_IT                               build/stm32h7xx_hal_i2c.o
HAL_I2C_Mem_Write                                 build/stm32h7xx_hal_i2c.o
HAL_I2C_Mem_Write_DMA                             build/stm32h7xx_hal_i2c.o
HAL_I2C_Mem_Write_IT                              build/stm32h7xx_hal_i2c.o
HAL_I2C_MspDeInit                                 build/stm32h7xx_hal_i2c.o
HAL_I2C_MspInit                                   build/stm32h7xx_hal_i2c.o
HAL_I2C_SlaveRxCpltCallback                       build/stm32h7xx_hal_i2c.o
HAL_I2C_SlaveTxCpltCallback                       build/stm32h7xx_hal_i2c.o
HAL_I2C_Slave_Receive                             build/stm32h7xx_hal_i2c.o
HAL_I2C_Slave_Receive_DMA                         build/stm32h7xx_hal_i2c.o
HAL_I2C_Slave_Receive_IT                          build/stm32h7xx_hal_i2c.o
HAL_I2C_Slave_Seq_Receive_DMA                     build/stm32h7xx_hal_i2c.o
HAL_I2C_Slave_Seq_Receive_IT                      build/stm32h7xx_hal_i2c.o
HAL_I2C_Slave_Seq_Transmit_DMA                    build/stm32h7xx_hal_i2c.o
HAL_I2C_Slave_Seq_Transmit_IT                     build/stm32h7xx_hal_i2c.o
HAL_I2C_Slave_Transmit                            build/stm32h7xx_hal_i2c.o
HAL_I2C_Slave_Transmit_DMA                        build/stm32h7xx_hal_i2c.o
HAL_I2C_Slave_Transmit_IT                         build/stm32h7xx_hal_i2c.o
HAL_IncTick                                       build/stm32h7xx_hal.o
                                                  build/stm32h7xx_it.o
HAL_Init                                          build/stm32h7xx_hal.o
                                                  build/main.o
HAL_InitTick                                      build/stm32h7xx_hal.o
                                                  build/stm32h7xx_hal_rcc.o
HAL_LIN_Init                                      build/stm32h7xx_hal_uart.o
HAL_LIN_SendBreak                                 build/stm32h7xx_hal_uart.o
HAL_MDMA_Abort                                    build/stm32h7xx_hal_mdma.o
HAL_MDMA_Abort_IT                                 build/stm32h7xx_hal_mdma.o
HAL_MDMA_ConfigPostRequestMask                    build/stm32h7xx_hal_mdma.o
HAL_MDMA_DeInit                                   build/stm32h7xx_hal_mdma.o
HAL_MDMA_GenerateSWRequest                        build/stm32h7xx_hal_mdma.o
HAL_MDMA_GetError                                 build/stm32h7xx_hal_mdma.o
HAL_MDMA_GetState                                 build/stm32h7xx_hal_mdma.o
HAL_MDMA_IRQHandler                               build/stm32h7xx_hal_mdma.o
HAL_MDMA_Init                                     build/stm32h7xx_hal_mdma.o
HAL_MDMA_LinkedList_AddNode                       build/stm32h7xx_hal_mdma.o
HAL_MDMA_LinkedList_CreateNode                    build/stm32h7xx_hal_mdma.o
HAL_MDMA_LinkedList_DisableCircularMode           build/stm32h7xx_hal_mdma.o
HAL_MDMA_LinkedList_EnableCircularMode            build/stm32h7xx_hal_mdma.o
HAL_MDMA_LinkedList_RemoveNode                    build/stm32h7xx_hal_mdma.o
HAL_MDMA_PollForTransfer                          build/stm32h7xx_hal_mdma.o
HAL_MDMA_RegisterCallback                         build/stm32h7xx_hal_mdma.o
HAL_MDMA_Start                                    build/stm32h7xx_hal_mdma.o
HAL_MDMA_Start_IT                                 build/stm32h7xx_hal_mdma.o
HAL_MDMA_UnRegisterCallback                       build/stm32h7xx_hal_mdma.o
HAL_MPU_ConfigRegion                              build/stm32h7xx_hal_cortex.o
HAL_MPU_Disable                                   build/stm32h7xx_hal_cortex.o
HAL_MPU_Enable                                    build/stm32h7xx_hal_cortex.o
HAL_MspDeInit                                     build/stm32h7xx_hal.o
HAL_MspInit                                       build/stm32h7xx_hal_msp.o
HAL_MultiProcessorEx_AddressLength_Set            build/stm32h7xx_hal_uart_ex.o
HAL_MultiProcessor_DisableMuteMode                build/stm32h7xx_hal_uart.o
HAL_MultiProcessor_EnableMuteMode                 build/stm32h7xx_hal_uart.o
HAL_MultiProcessor_EnterMuteMode                  build/stm32h7xx_hal_uart.o
HAL_MultiProcessor_Init                           build/stm32h7xx_hal_uart.o
HAL_NVIC_ClearPendingIRQ                          build/stm32h7xx_hal_cortex.o
HAL_NVIC_DisableIRQ                               build/stm32h7xx_hal_cortex.o
                                                  build/usart.o
HAL_NVIC_EnableIRQ                                build/stm32h7xx_hal_cortex.o
                                                  build/usart.o
HAL_NVIC_GetActive                                build/stm32h7xx_hal_cortex.o
HAL_NVIC_GetPendingIRQ                            build/stm32h7xx_hal_cortex.o
HAL_NVIC_GetPriority                              build/stm32h7xx_hal_cortex.o
HAL_NVIC_GetPriorityGrouping                      build/stm32h7xx_hal_cortex.o
HAL_NVIC_SetPendingIRQ                            build/stm32h7xx_hal_cortex.o
HAL_NVIC_SetPriority                              build/stm32h7xx_hal_cortex.o
                                                  build/stm32h7xx_hal.o
                                                  build/usart.o
HAL_NVIC_SetPriorityGrouping                      build/stm32h7xx_hal_cortex.o
                                                  build/stm32h7xx_hal.o
HAL_NVIC_SystemReset                              build/stm32h7xx_hal_cortex.o
HAL_PWREx_AVDCallback                             build/stm32h7xx_hal_pwr_ex.o
HAL_PWREx_ClearPendingEvent                       build/stm32h7xx_hal_pwr_ex.o
HAL_PWREx_ClearWakeupFlag                         build/stm32h7xx_hal_pwr_ex.o
HAL_PWREx_ConfigAVD                               build/stm32h7xx_hal_pwr_ex.o
HAL_PWREx_ConfigD3Domain                          build/stm32h7xx_hal_pwr_ex.o
HAL_PWREx_ConfigSupply                            build/stm32h7xx_hal_pwr_ex.o
                                                  build/main.o
HAL_PWREx_ControlStopModeVoltageScaling           build/stm32h7xx_hal_pwr_ex.o
HAL_PWREx_ControlVoltageScaling                   build/stm32h7xx_hal_pwr_ex.o
HAL_PWREx_DisableAVD                              build/stm32h7xx_hal_pwr_ex.o
HAL_PWREx_DisableBatteryCharging                  build/stm32h7xx_hal_pwr_ex.o
HAL_PWREx_DisableBkUpReg                          build/stm32h7xx_hal_pwr_ex.o
HAL_PWREx_DisableFlashPowerDown                   build/stm32h7xx_hal_pwr_ex.o
HAL_PWREx_DisableMonitoring                       build/stm32h7xx_hal_pwr_ex.o
HAL_PWREx_DisableUSBReg                           build/stm32h7xx_hal_pwr_ex.o
HAL_PWREx_DisableUSBVoltageDetector               build/stm32h7xx_hal_pwr_ex.o
HAL_PWREx_DisableWakeUpPin                        build/stm32h7xx_hal_pwr_ex.o
HAL_PWREx_EnableAVD                               build/stm32h7xx_hal_pwr_ex.o
HAL_PWREx_EnableBatteryCharging                   build/stm32h7xx_hal_pwr_ex.o
HAL_PWREx_EnableBkUpReg                           build/stm32h7xx_hal_pwr_ex.o
HAL_PWREx_EnableFlashPowerDown                    build/stm32h7xx_hal_pwr_ex.o
HAL_PWREx_EnableMonitoring                        build/stm32h7xx_hal_pwr_ex.o
HAL_PWREx_EnableUSBReg                            build/stm32h7xx_hal_pwr_ex.o